<html>
<body>
<pre>
<h1>µVision Build Log</h1>
<h2>Tool Versions:</h2>
IDE-Version: µVision V5.24.2.0
Copyright (C) 2017 ARM Ltd and ARM Germany GmbH. All rights reserved.
License Information: Swatty Potty, poop, LIC=JDARA-14D50-FZJWU-S16MY-TR57W-2SX20
 
Tool Versions:
Toolchain:       MDK-ARM Professional  Version: 5.24.1
Toolchain Path:  C:\Keil_v5\ARM\ARMCC\Bin
C Compiler:      Armcc.exe V5.06 update 5 (build 528)
Assembler:       Armasm.exe V5.06 update 5 (build 528)
Linker/Locator:  ArmLink.exe V5.06 update 5 (build 528)
Library Manager: ArmAr.exe V5.06 update 5 (build 528)
Hex Converter:   FromElf.exe V5.06 update 5 (build 528)
CPU DLL:         SARMCM3.DLL V5.24.1
Dialog DLL:      DCM.DLL V1.16.0.0
Target DLL:      Segger\JL2CM3.dll V2.99.26.0
Dialog DLL:      TCM.DLL V1.32.0.0
 
<h2>Project:</h2>
E:\Git_Projects\STM32F4\STM32_SPI_accelerometer\MDK-ARM\SPI_Gyro.uvprojx
Project File Date:  05/11/2019

<h2>Output:</h2>
*** Using Compiler 'V5.06 update 5 (build 528)', folder: 'C:\Keil_v5\ARM\ARMCC\Bin'
Build Project 'SPI_Gyro' - Target 'SPI_Gyro'
assembling startup_stm32f407xx.s...
compiling freertos.c...
compiling stm32f4xx_hal_timebase_TIM.c...
compiling usbh_platform.c...
compiling stm32f4xx_it.c...
compiling usb_host.c...
compiling stm32f4xx_hal_msp.c...
compiling main.c...
compiling configurations.c...
compiling usbh_conf.c...
compiling system_stm32f4xx.c...
compiling stm32f4xx_hal_flash_ramfunc.c...
compiling stm32f4xx_hal_pwr_ex.c...
compiling stm32f4xx_hal_i2s.c...
compiling stm32f4xx_hal_flash_ex.c...
compiling stm32f4xx_hal.c...
compiling stm32f4xx_ll_usb.c...
compiling stm32f4xx_hal_pwr.c...
compiling stm32f4xx_hal_flash.c...
compiling stm32f4xx_hal_gpio.c...
compiling stm32f4xx_hal_spi.c...
compiling stm32f4xx_hal_i2c.c...
compiling stm32f4xx_hal_i2c_ex.c...
compiling stm32f4xx_hal_tim_ex.c...
compiling stm32f4xx_hal_dma_ex.c...
compiling stm32f4xx_hal_rcc_ex.c...
compiling stm32f4xx_hal_hcd.c...
compiling stm32f4xx_hal_rcc.c...
compiling stm32f4xx_hal_i2s_ex.c...
compiling stm32f4xx_hal_tim.c...
compiling stm32f4xx_hal_cortex.c...
compiling stm32f4xx_hal_dma.c...
compiling usbh_cdc.c...
compiling usbh_ioreq.c...
compiling croutine.c...
compiling cmsis_os.c...
compiling tasks.c...
compiling heap_4.c...
compiling list.c...
compiling event_groups.c...
compiling timers.c...
compiling port.c...
compiling queue.c...
compiling SEGGER_RTT.c...
compiling SEGGER_SYSVIEW.c...
compiling usbh_pipes.c...
compiling SEGGER_SYSVIEW_FreeRTOS.c...
compiling usbh_core.c...
compiling SEGGER_SYSVIEW_Config_FreeRTOS.c...
compiling usbh_ctlreq.c...
linking...
Program Size: Code=24464 RO-data=640 RW-data=180 ZI-data=21740  
".\SPI_Gyro\SPI_Gyro.axf" - 0 Error(s), 0 Warning(s).
Build Time Elapsed:  00:02:01
</pre>
</body>
</html>
