Component: ARM Compiler 5.06 update 5 (build 528) Tool: armlink [4d35e2]

==============================================================================

Section Cross References

    startup_stm32f407xx.o(RESET) refers to startup_stm32f407xx.o(STACK) for __initial_sp
    startup_stm32f407xx.o(RESET) refers to startup_stm32f407xx.o(.text) for Reset_Handler
    startup_stm32f407xx.o(RESET) refers to port.o(.emb_text) for SVC_Handler
    startup_stm32f407xx.o(RESET) refers to stm32f4xx_it.o(i.SysTick_Handler) for SysTick_Handler
    startup_stm32f407xx.o(RESET) refers to stm32f4xx_it.o(i.EXTI0_IRQHandler) for EXTI0_IRQHandler
    startup_stm32f407xx.o(RESET) refers to stm32f4xx_it.o(i.TIM1_UP_TIM10_IRQHandler) for TIM1_UP_TIM10_IRQHandler
    startup_stm32f407xx.o(RESET) refers to stm32f4xx_it.o(i.OTG_FS_IRQHandler) for OTG_FS_IRQHandler
    startup_stm32f407xx.o(.text) refers to system_stm32f4xx.o(i.SystemInit) for SystemInit
    startup_stm32f407xx.o(.text) refers to entry.o(.ARM.Collect$$$$00000000) for __main
    stm32f4xx_hal_timebase_tim.o(i.HAL_InitTick) refers to stm32f4xx_hal_cortex.o(i.HAL_NVIC_SetPriority) for HAL_NVIC_SetPriority
    stm32f4xx_hal_timebase_tim.o(i.HAL_InitTick) refers to stm32f4xx_hal_cortex.o(i.HAL_NVIC_EnableIRQ) for HAL_NVIC_EnableIRQ
    stm32f4xx_hal_timebase_tim.o(i.HAL_InitTick) refers to stm32f4xx_hal_rcc.o(i.HAL_RCC_GetClockConfig) for HAL_RCC_GetClockConfig
    stm32f4xx_hal_timebase_tim.o(i.HAL_InitTick) refers to stm32f4xx_hal_rcc.o(i.HAL_RCC_GetPCLK2Freq) for HAL_RCC_GetPCLK2Freq
    stm32f4xx_hal_timebase_tim.o(i.HAL_InitTick) refers to stm32f4xx_hal_tim.o(i.HAL_TIM_Base_Init) for HAL_TIM_Base_Init
    stm32f4xx_hal_timebase_tim.o(i.HAL_InitTick) refers to stm32f4xx_hal_tim.o(i.HAL_TIM_Base_Start_IT) for HAL_TIM_Base_Start_IT
    stm32f4xx_hal_timebase_tim.o(i.HAL_InitTick) refers to stm32f4xx_hal_timebase_tim.o(.bss) for .bss
    stm32f4xx_hal_timebase_tim.o(i.HAL_ResumeTick) refers to stm32f4xx_hal_timebase_tim.o(.bss) for .bss
    stm32f4xx_hal_timebase_tim.o(i.HAL_SuspendTick) refers to stm32f4xx_hal_timebase_tim.o(.bss) for .bss
    usbh_platform.o(i.MX_DriverVbusFS) refers to stm32f4xx_hal_gpio.o(i.HAL_GPIO_WritePin) for HAL_GPIO_WritePin
    stm32f4xx_it.o(i.EXTI0_IRQHandler) refers to stm32f4xx_hal_gpio.o(i.HAL_GPIO_EXTI_IRQHandler) for HAL_GPIO_EXTI_IRQHandler
    stm32f4xx_it.o(i.OTG_FS_IRQHandler) refers to stm32f4xx_hal_hcd.o(i.HAL_HCD_IRQHandler) for HAL_HCD_IRQHandler
    stm32f4xx_it.o(i.OTG_FS_IRQHandler) refers to usbh_conf.o(.bss) for hhcd_USB_OTG_FS
    stm32f4xx_it.o(i.SysTick_Handler) refers to cmsis_os.o(i.osSystickHandler) for osSystickHandler
    stm32f4xx_it.o(i.TIM1_UP_TIM10_IRQHandler) refers to stm32f4xx_hal_tim.o(i.HAL_TIM_IRQHandler) for HAL_TIM_IRQHandler
    stm32f4xx_it.o(i.TIM1_UP_TIM10_IRQHandler) refers to stm32f4xx_hal_timebase_tim.o(.bss) for htim1
    usb_host.o(i.MX_USB_HOST_Init) refers to usbh_core.o(i.USBH_Init) for USBH_Init
    usb_host.o(i.MX_USB_HOST_Init) refers to usbh_core.o(i.USBH_RegisterClass) for USBH_RegisterClass
    usb_host.o(i.MX_USB_HOST_Init) refers to usbh_core.o(i.USBH_Start) for USBH_Start
    usb_host.o(i.MX_USB_HOST_Init) refers to usb_host.o(i.USBH_UserProcess) for USBH_UserProcess
    usb_host.o(i.MX_USB_HOST_Init) refers to usb_host.o(.bss) for .bss
    usb_host.o(i.MX_USB_HOST_Init) refers to usbh_cdc.o(.data) for CDC_Class
    usb_host.o(i.USBH_UserProcess) refers to usb_host.o(.data) for .data
    stm32f4xx_hal_msp.o(i.HAL_I2C_MspDeInit) refers to stm32f4xx_hal_gpio.o(i.HAL_GPIO_DeInit) for HAL_GPIO_DeInit
    stm32f4xx_hal_msp.o(i.HAL_I2C_MspInit) refers to stm32f4xx_hal_gpio.o(i.HAL_GPIO_Init) for HAL_GPIO_Init
    stm32f4xx_hal_msp.o(i.HAL_I2S_MspDeInit) refers to stm32f4xx_hal_gpio.o(i.HAL_GPIO_DeInit) for HAL_GPIO_DeInit
    stm32f4xx_hal_msp.o(i.HAL_I2S_MspInit) refers to stm32f4xx_hal_gpio.o(i.HAL_GPIO_Init) for HAL_GPIO_Init
    stm32f4xx_hal_msp.o(i.HAL_MspInit) refers to stm32f4xx_hal_cortex.o(i.HAL_NVIC_SetPriorityGrouping) for HAL_NVIC_SetPriorityGrouping
    stm32f4xx_hal_msp.o(i.HAL_MspInit) refers to stm32f4xx_hal_cortex.o(i.HAL_NVIC_SetPriority) for HAL_NVIC_SetPriority
    stm32f4xx_hal_msp.o(i.HAL_SPI_MspDeInit) refers to stm32f4xx_hal_gpio.o(i.HAL_GPIO_DeInit) for HAL_GPIO_DeInit
    stm32f4xx_hal_msp.o(i.HAL_SPI_MspInit) refers to stm32f4xx_hal_gpio.o(i.HAL_GPIO_Init) for HAL_GPIO_Init
    main.o(i.HAL_GPIO_EXTI_Callback) refers to stm32f4xx_hal_gpio.o(i.HAL_GPIO_TogglePin) for HAL_GPIO_TogglePin
    main.o(i.HAL_TIM_PeriodElapsedCallback) refers to stm32f4xx_hal.o(i.HAL_IncTick) for HAL_IncTick
    main.o(i.StartDefaultTask) refers to usb_host.o(i.MX_USB_HOST_Init) for MX_USB_HOST_Init
    main.o(i.StartDefaultTask) refers to cmsis_os.o(i.osDelay) for osDelay
    main.o(i.main) refers to stm32f4xx_hal.o(i.HAL_Init) for HAL_Init
    main.o(i.main) refers to configurations.o(i.SystemClock_Config) for SystemClock_Config
[...]
    i.vTaskSetTimeOutState                   0x08005558   Section        0  tasks.o(i.vTaskSetTimeOutState)
    i.vTaskStartScheduler                    0x0800557c   Section        0  tasks.o(i.vTaskStartScheduler)
    i.vTaskSuspendAll                        0x080055e4   Section        0  tasks.o(i.vTaskSuspendAll)
    i.vTaskSwitchContext                     0x080055f4   Section        0  tasks.o(i.vTaskSwitchContext)
    i.xPortStartScheduler                    0x08005678   Section        0  port.o(i.xPortStartScheduler)
    i.xPortSysTickHandler                    0x08005758   Section        0  port.o(i.xPortSysTickHandler)
    i.xQueueGenericCreate                    0x08005788   Section        0  queue.o(i.xQueueGenericCreate)
    i.xQueueGenericReceive                   0x080057e4   Section        0  queue.o(i.xQueueGenericReceive)
    i.xQueueGenericReset                     0x080059a4   Section        0  queue.o(i.xQueueGenericReset)
    i.xQueueGenericSend                      0x08005a2c   Section        0  queue.o(i.xQueueGenericSend)
    i.xQueueGenericSendFromISR               0x08005bb4   Section        0  queue.o(i.xQueueGenericSendFromISR)
    i.xQueueReceiveFromISR                   0x08005c90   Section        0  queue.o(i.xQueueReceiveFromISR)
    i.xTaskCheckForTimeOut                   0x08005d60   Section        0  tasks.o(i.xTaskCheckForTimeOut)
    i.xTaskCreate                            0x08005dcc   Section        0  tasks.o(i.xTaskCreate)
    i.xTaskGetSchedulerState                 0x08005e24   Section        0  tasks.o(i.xTaskGetSchedulerState)
    i.xTaskGetTickCountFromISR               0x08005e40   Section        0  tasks.o(i.xTaskGetTickCountFromISR)
    i.xTaskIncrementTick                     0x08005e50   Section        0  tasks.o(i.xTaskIncrementTick)
    i.xTaskPriorityDisinherit                0x08005f20   Section        0  tasks.o(i.xTaskPriorityDisinherit)
    i.xTaskRemoveFromEventList               0x08005fcc   Section        0  tasks.o(i.xTaskRemoveFromEventList)
    i.xTaskResumeAll                         0x08006048   Section        0  tasks.o(i.xTaskResumeAll)
    .constdata                               0x08006118   Section       20  main.o(.constdata)
    .constdata                               0x0800612c   Section       16  system_stm32f4xx.o(.constdata)
    .constdata                               0x0800613c   Section        8  system_stm32f4xx.o(.constdata)
    .constdata                               0x08006144   Section       28  usbh_core.o(.constdata)
    .constdata                               0x08006160   Section       26  segger_sysview.o(.constdata)
    _abSync                                  0x08006160   Data          10  segger_sysview.o(.constdata)
    _aV2C                                    0x0800616a   Data          16  segger_sysview.o(.constdata)
    .constdata                               0x0800617c   Section        8  segger_sysview_freertos.o(.constdata)
    .conststring                             0x08006184   Section       12  main.o(.conststring)
    .conststring                             0x08006190   Section        4  usbh_cdc.o(.conststring)
    .conststring                             0x08006194   Section       12  usbh_core.o(.conststring)
    .conststring                             0x080061a0   Section       80  segger_sysview_freertos.o(.conststring)
    .data                                    0x20000000   Section        1  usb_host.o(.data)
    .data                                    0x20000004   Section        4  main.o(.data)
    .data                                    0x20000008   Section        4  system_stm32f4xx.o(.data)
    .data                                    0x2000000c   Section       12  stm32f4xx_hal.o(.data)
    .data                                    0x20000018   Section       32  usbh_cdc.o(.data)
    .data                                    0x20000038   Section       60  tasks.o(.data)
    uxDeletedTasksWaitingCleanUp             0x2000003c   Data           4  tasks.o(.data)
    uxCurrentNumberOfTasks                   0x20000040   Data           4  tasks.o(.data)
    xTickCount                               0x20000044   Data           4  tasks.o(.data)
    uxTopReadyPriority                       0x20000048   Data           4  tasks.o(.data)
    xSchedulerRunning                        0x2000004c   Data           4  tasks.o(.data)
    uxPendedTicks                            0x20000050   Data           4  tasks.o(.data)
    xYieldPending                            0x20000054   Data           4  tasks.o(.data)
    xNumOfOverflows                          0x20000058   Data           4  tasks.o(.data)
    uxTaskNumber                             0x2000005c   Data           4  tasks.o(.data)
    xNextTaskUnblockTime                     0x20000060   Data           4  tasks.o(.data)
    xIdleTaskHandle                          0x20000064   Data           4  tasks.o(.data)
    uxSchedulerSuspended                     0x20000068   Data           4  tasks.o(.data)
    pxDelayedTaskList                        0x2000006c   Data           4  tasks.o(.data)
    pxOverflowDelayedTaskList                0x20000070   Data           4  tasks.o(.data)
    .data                                    0x20000074   Section       24  heap_4.o(.data)
    pxEnd                                    0x20000074   Data           4  heap_4.o(.data)
    xFreeBytesRemaining                      0x20000078   Data           4  heap_4.o(.data)
    xMinimumEverFreeBytesRemaining           0x2000007c   Data           4  heap_4.o(.data)
    xBlockAllocatedBit                       0x20000080   Data           4  heap_4.o(.data)
    xStart                                   0x20000084   Data           8  heap_4.o(.data)
    .data                                    0x2000008c   Section       12  port.o(.data)
    ucMaxSysCallPriority                     0x2000008c   Data           1  port.o(.data)
    uxCriticalNesting                        0x20000090   Data           4  port.o(.data)
    ulMaxPRIGROUPValue                       0x20000094   Data           4  port.o(.data)
    .data                                    0x20000098   Section       16  segger_sysview.o(.data)
    _NumModules                              0x20000098   Data           1  segger_sysview.o(.data)
    _pFirstModule                            0x2000009c   Data           4  segger_sysview.o(.data)
    _DownBuffer                              0x200000a0   Data           8  segger_sysview.o(.data)
    .data                                    0x200000a8   Section        4  segger_sysview_freertos.o(.data)
    _NumTasks                                0x200000a8   Data           4  segger_sysview_freertos.o(.data)
    .data                                    0x200000ac   Section        4  mvars.o(.data)
    .data                                    0x200000b0   Section        4  mvars.o(.data)
    .bss                                     0x200000b4   Section       60  stm32f4xx_hal_timebase_tim.o(.bss)
    .bss                                     0x200000f0   Section      976  usb_host.o(.bss)
    .bss                                     0x200004c0   Section      664  usbh_conf.o(.bss)
    .bss                                     0x20000758   Section      244  configurations.o(.bss)
    .bss                                     0x2000084c   Section      240  tasks.o(.bss)
    pxReadyTasksLists                        0x2000084c   Data         140  tasks.o(.bss)
    xDelayedTaskList1                        0x200008d8   Data          20  tasks.o(.bss)
    xDelayedTaskList2                        0x200008ec   Data          20  tasks.o(.bss)
    xPendingReadyList                        0x20000900   Data          20  tasks.o(.bss)
    xTasksWaitingTermination                 0x20000914   Data          20  tasks.o(.bss)
    xSuspendedTaskList                       0x20000928   Data          20  tasks.o(.bss)
    .bss                                     0x2000093c   Section    15360  heap_4.o(.bss)
    ucHeap                                   0x2000093c   Data       15360  heap_4.o(.bss)
    .bss                                     0x2000453c   Section     1208  segger_rtt.o(.bss)
    _acUpBuffer                              0x200045e4   Data        1024  segger_rtt.o(.bss)
    _acDownBuffer                            0x200049e4   Data          16  segger_rtt.o(.bss)
    .bss                                     0x200049f4   Section     1291  segger_sysview.o(.bss)
    _UpBuffer                                0x200049f4   Data        1024  segger_sysview.o(.bss)
    _SYSVIEW_Globals                         0x20004df4   Data          40  segger_sysview.o(.bss)
    _aPacket                                 0x20004e1c   Data         227  segger_sysview.o(.bss)
    .bss                                     0x20004f00   Section      160  segger_sysview_freertos.o(.bss)
    _aTasks                                  0x20004f00   Data         160  segger_sysview_freertos.o(.bss)
    HEAP                                     0x20004fa0   Section      512  startup_stm32f407xx.o(HEAP)
    STACK                                    0x200051a0   Section     1024  startup_stm32f407xx.o(STACK)

    Global Symbols

    Symbol Name                              Value     Ov Type        Size  Object(Section)

    BuildAttributes$$THM_ISAv4$E$P$D$K$B$S$7EM$VFPi3$EXTD16$VFPS$VFMA$PE$A:L22UL41UL21$X:L11$S22US41US21$IEEE1$IW$USESV6$~STKCKD$USESV7$~SHL$OSPACE$EBA8$MICROLIB$REQ8$PRES8$EABIv2 0x00000000   Number         0  anon$$obj.o ABSOLUTE
    __ARM_use_no_argv                        0x00000000   Number         0  main.o ABSOLUTE
    __cpp_initialize__aeabi_                  - Undefined Weak Reference
    __cxa_finalize                            - Undefined Weak Reference
    __decompress                              - Undefined Weak Reference
    _clock_init                               - Undefined Weak Reference
    _microlib_exit                            - Undefined Weak Reference
    __Vectors_Size                           0x00000188   Number         0  startup_stm32f407xx.o ABSOLUTE
    __Vectors                                0x08000000   Data           4  startup_stm32f407xx.o(RESET)
    __Vectors_End                            0x08000188   Data           0  startup_stm32f407xx.o(RESET)
    __main                                   0x08000189   Thumb Code     0  entry.o(.ARM.Collect$$$$00000000)
    _main_stk                                0x08000189   Thumb Code     0  entry2.o(.ARM.Collect$$$$00000001)
    _main_scatterload                        0x0800018d   Thumb Code     0  entry5.o(.ARM.Collect$$$$00000004)
    __main_after_scatterload                 0x08000191   Thumb Code     0  entry5.o(.ARM.Collect$$$$00000004)
    _main_clock                              0x08000191   Thumb Code     0  entry7b.o(.ARM.Collect$$$$00000008)
    _main_cpp_init                           0x08000191   Thumb Code     0  entry8b.o(.ARM.Collect$$$$0000000A)
    _main_init                               0x08000191   Thumb Code     0  entry9a.o(.ARM.Collect$$$$0000000B)
    __rt_final_cpp                           0x08000199   Thumb Code     0  entry10a.o(.ARM.Collect$$$$0000000D)
    __rt_final_exit                          0x08000199   Thumb Code     0  entry11a.o(.ARM.Collect$$$$0000000F)
    SVC_Handler                              0x0800019d   Thumb Code    28  port.o(.emb_text)
    __asm___6_port_c_39a90d8d__prvStartFirstTask 0x080001bd   Thumb Code    28  port.o(.emb_text)
    __asm___6_port_c_39a90d8d__prvEnableVFP  0x080001dd   Thumb Code    16  port.o(.emb_text)
    PendSV_Handler                           0x080001f1   Thumb Code    92  port.o(.emb_text)
    vPortGetIPSR                             0x08000251   Thumb Code     6  port.o(.emb_text)
    Reset_Handler                            0x08000259   Thumb Code     8  startup_stm32f407xx.o(.text)
    NMI_Handler                              0x08000261   Thumb Code     2  startup_stm32f407xx.o(.text)
    HardFault_Handler                        0x08000263   Thumb Code     2  startup_stm32f407xx.o(.text)
    MemManage_Handler                        0x08000265   Thumb Code     2  startup_stm32f407xx.o(.text)
    BusFault_Handler                         0x08000267   Thumb Code     2  startup_stm32f407xx.o(.text)
    UsageFault_Handler                       0x08000269   Thumb Code     2  startup_stm32f407xx.o(.text)
    DebugMon_Handler                         0x0800026d   Thumb Code     2  startup_stm32f407xx.o(.text)
    ADC_IRQHandler                           0x08000273   Thumb Code     0  startup_stm32f407xx.o(.text)
    CAN1_RX0_IRQHandler                      0x08000273   Thumb Code     0  startup_stm32f407xx.o(.text)
    CAN1_RX1_IRQHandler                      0x08000273   Thumb Code     0  startup_stm32f407xx.o(.text)
    CAN1_SCE_IRQHandler                      0x08000273   Thumb Code     0  startup_stm32f407xx.o(.text)
    CAN1_TX_IRQHandler                       0x08000273   Thumb Code     0  startup_stm32f407xx.o(.text)
    CAN2_RX0_IRQHandler                      0x08000273   Thumb Code     0  startup_stm32f407xx.o(.text)
    CAN2_RX1_IRQHandler                      0x08000273   Thumb Code     0  startup_stm32f407xx.o(.text)
    CAN2_SCE_IRQHandler                      0x08000273   Thumb Code     0  startup_stm32f407xx.o(.text)
    CAN2_TX_IRQHandler                       0x08000273   Thumb Code     0  startup_stm32f407xx.o(.text)
    DCMI_IRQHandler                          0x08000273   Thumb Code     0  startup_stm32f407xx.o(.text)
    DMA1_Stream0_IRQHandler                  0x08000273   Thumb Code     0  startup_stm32f407xx.o(.text)
    DMA1_Stream1_IRQHandler                  0x08000273   Thumb Code     0  startup_stm32f407xx.o(.text)
    DMA1_Stream2_IRQHandler                  0x08000273   Thumb Code     0  startup_stm32f407xx.o(.text)
    DMA1_Stream3_IRQHandler                  0x08000273   Thumb Code     0  startup_stm32f407xx.o(.text)
    DMA1_Stream4_IRQHandler                  0x08000273   Thumb Code     0  startup_stm32f407xx.o(.text)
    DMA1_Stream5_IRQHandler                  0x08000273   Thumb Code     0  startup_stm32f407xx.o(.text)
    DMA1_Stream6_IRQHandler                  0x08000273   Thumb Code     0  startup_stm32f407xx.o(.text)
    DMA1_Stream7_IRQHandler                  0x08000273   Thumb Code     0  startup_stm32f407xx.o(.text)
    DMA2_Stream0_IRQHandler                  0x08000273   Thumb Code     0  startup_stm32f407xx.o(.text)
    DMA2_Stream1_IRQHandler                  0x08000273   Thumb Code     0  startup_stm32f407xx.o(.text)
    DMA2_Stream2_IRQHandler                  0x08000273   Thumb Code     0  startup_stm32f407xx.o(.text)
    DMA2_Stream3_IRQHandler                  0x08000273   Thumb Code     0  startup_stm32f407xx.o(.text)
    DMA2_Stream4_IRQHandler                  0x08000273   Thumb Code     0  startup_stm32f407xx.o(.text)
    DMA2_Stream5_IRQHandler                  0x08000273   Thumb Code     0  startup_stm32f407xx.o(.text)
    DMA2_Stream6_IRQHandler                  0x08000273   Thumb Code     0  startup_stm32f407xx.o(.text)
    DMA2_Stream7_IRQHandler                  0x08000273   Thumb Code     0  startup_stm32f407xx.o(.text)
    ETH_IRQHandler                           0x08000273   Thumb Code     0  startup_stm32f407xx.o(.text)
    ETH_WKUP_IRQHandler                      0x08000273   Thumb Code     0  startup_stm32f407xx.o(.text)
    EXTI15_10_IRQHandler                     0x08000273   Thumb Code     0  startup_stm32f407xx.o(.text)
    EXTI1_IRQHandler                         0x08000273   Thumb Code     0  startup_stm32f407xx.o(.text)
    EXTI2_IRQHandler                         0x08000273   Thumb Code     0  startup_stm32f407xx.o(.text)
    EXTI3_IRQHandler                         0x08000273   Thumb Code     0  startup_stm32f407xx.o(.text)
    EXTI4_IRQHandler                         0x08000273   Thumb Code     0  startup_stm32f407xx.o(.text)
    EXTI9_5_IRQHandler                       0x08000273   Thumb Code     0  startup_stm32f407xx.o(.text)
    FLASH_IRQHandler                         0x08000273   Thumb Code     0  startup_stm32f407xx.o(.text)
    FMC_IRQHandler                           0x08000273   Thumb Code     0  startup_stm32f407xx.o(.text)
    FPU_IRQHandler                           0x08000273   Thumb Code     0  startup_stm32f407xx.o(.text)
    HASH_RNG_IRQHandler                      0x08000273   Thumb Code     0  startup_stm32f407xx.o(.text)
    I2C1_ER_IRQHandler                       0x08000273   Thumb Code     0  startup_stm32f407xx.o(.text)
    I2C1_EV_IRQHandler                       0x08000273   Thumb Code     0  startup_stm32f407xx.o(.text)
    I2C2_ER_IRQHandler                       0x08000273   Thumb Code     0  startup_stm32f407xx.o(.text)
    I2C2_EV_IRQHandler                       0x08000273   Thumb Code     0  startup_stm32f407xx.o(.text)
    I2C3_ER_IRQHandler                       0x08000273   Thumb Code     0  startup_stm32f407xx.o(.text)
    I2C3_EV_IRQHandler                       0x08000273   Thumb Code     0  startup_stm32f407xx.o(.text)
    OTG_FS_WKUP_IRQHandler                   0x08000273   Thumb Code     0  startup_stm32f407xx.o(.text)
    OTG_HS_EP1_IN_IRQHandler                 0x08000273   Thumb Code     0  startup_stm32f407xx.o(.text)
    OTG_HS_EP1_OUT_IRQHandler                0x08000273   Thumb Code     0  startup_stm32f407xx.o(.text)
    OTG_HS_IRQHandler                        0x08000273   Thumb Code     0  startup_stm32f407xx.o(.text)
    OTG_HS_WKUP_IRQHandler                   0x08000273   Thumb Code     0  startup_stm32f407xx.o(.text)
    PVD_IRQHandler                           0x08000273   Thumb Code     0  startup_stm32f407xx.o(.text)
    RCC_IRQHandler                           0x08000273   Thumb Code     0  startup_stm32f407xx.o(.text)
    RTC_Alarm_IRQHandler                     0x08000273   Thumb Code     0  startup_stm32f407xx.o(.text)
    RTC_WKUP_IRQHandler                      0x08000273   Thumb Code     0  startup_stm32f407xx.o(.text)
    SDIO_IRQHandler                          0x08000273   Thumb Code     0  startup_stm32f407xx.o(.text)
    SPI1_IRQHandler                          0x08000273   Thumb Code     0  startup_stm32f407xx.o(.text)
    SPI2_IRQHandler                          0x08000273   Thumb Code     0  startup_stm32f407xx.o(.text)
    SPI3_IRQHandler                          0x08000273   Thumb Code     0  startup_stm32f407xx.o(.text)
    TAMP_STAMP_IRQHandler                    0x08000273   Thumb Code     0  startup_stm32f407xx.o(.text)
    TIM1_BRK_TIM9_IRQHandler                 0x08000273   Thumb Code     0  startup_stm32f407xx.o(.text)
    TIM1_CC_IRQHandler                       0x08000273   Thumb Code     0  startup_stm32f407xx.o(.text)
    TIM1_TRG_COM_TIM11_IRQHandler            0x08000273   Thumb Code     0  startup_stm32f407xx.o(.text)
    TIM2_IRQHandler                          0x08000273   Thumb Code     0  startup_stm32f407xx.o(.text)
    TIM3_IRQHandler                          0x08000273   Thumb Code     0  startup_stm32f407xx.o(.text)
    TIM4_IRQHandler                          0x08000273   Thumb Code     0  startup_stm32f407xx.o(.text)
    TIM5_IRQHandler                          0x08000273   Thumb Code     0  startup_stm32f407xx.o(.text)
    TIM6_DAC_IRQHandler                      0x08000273   Thumb Code     0  startup_stm32f407xx.o(.text)
    TIM7_IRQHandler                          0x08000273   Thumb Code     0  startup_stm32f407xx.o(.text)
    TIM8_BRK_TIM12_IRQHandler                0x08000273   Thumb Code     0  startup_stm32f407xx.o(.text)
    TIM8_CC_IRQHandler                       0x08000273   Thumb Code     0  startup_stm32f407xx.o(.text)
    TIM8_TRG_COM_TIM14_IRQHandler            0x08000273   Thumb Code     0  startup_stm32f407xx.o(.text)
    TIM8_UP_TIM13_IRQHandler                 0x08000273   Thumb Code     0  startup_stm32f407xx.o(.text)
    UART4_IRQHandler                         0x08000273   Thumb Code     0  startup_stm32f407xx.o(.text)
    UART5_IRQHandler                         0x08000273   Thumb Code     0  startup_stm32f407xx.o(.text)
    USART1_IRQHandler                        0x08000273   Thumb Code     0  startup_stm32f407xx.o(.text)
    USART2_IRQHandler                        0x08000273   Thumb Code     0  startup_stm32f407xx.o(.text)
    USART3_IRQHandler                        0x08000273   Thumb Code     0  startup_stm32f407xx.o(.text)
    USART6_IRQHandler                        0x08000273   Thumb Code     0  startup_stm32f407xx.o(.text)
    WWDG_IRQHandler                          0x08000273   Thumb Code     0  startup_stm32f407xx.o(.text)
    __aeabi_uldivmod                         0x0800027d   Thumb Code    98  uldiv.o(.text)
    __aeabi_memcpy                           0x080002df   Thumb Code    36  memcpya.o(.text)
    __aeabi_memcpy4                          0x080002df   Thumb Code     0  memcpya.o(.text)
    __aeabi_memcpy8                          0x080002df   Thumb Code     0  memcpya.o(.text)
    __aeabi_memset                           0x08000303   Thumb Code    14  memseta.o(.text)
    __aeabi_memset4                          0x08000303   Thumb Code     0  memseta.o(.text)
    __aeabi_memset8                          0x08000303   Thumb Code     0  memseta.o(.text)
    __aeabi_memclr                           0x08000311   Thumb Code     4  memseta.o(.text)
    __aeabi_memclr4                          0x08000311   Thumb Code     0  memseta.o(.text)
    __aeabi_memclr8                          0x08000311   Thumb Code     0  memseta.o(.text)
    _memset$wrapper                          0x08000315   Thumb Code    18  memseta.o(.text)
    memcmp                                   0x08000327   Thumb Code    26  memcmp.o(.text)
    strcpy                                   0x08000341   Thumb Code    18  strcpy.o(.text)
    __aeabi_llsl                             0x08000353   Thumb Code    30  llshl.o(.text)
    _ll_shift_l                              0x08000353   Thumb Code     0  llshl.o(.text)
    __aeabi_llsr                             0x08000371   Thumb Code    32  llushr.o(.text)
    _ll_ushift_r                             0x08000371   Thumb Code     0  llushr.o(.text)
    __scatterload                            0x08000391   Thumb Code    28  init.o(.text)
    __scatterload_rt2                        0x08000391   Thumb Code     0  init.o(.text)
    EXTI0_IRQHandler                         0x080004f9   Thumb Code     6  stm32f4xx_it.o(i.EXTI0_IRQHandler)
    HAL_Delay                                0x08000515   Thumb Code    32  stm32f4xx_hal.o(i.HAL_Delay)
    HAL_GPIO_EXTI_Callback                   0x08000539   Thumb Code    22  main.o(i.HAL_GPIO_EXTI_Callback)
    HAL_GPIO_EXTI_IRQHandler                 0x08000555   Thumb Code    18  stm32f4xx_hal_gpio.o(i.HAL_GPIO_EXTI_IRQHandler)
    HAL_GPIO_Init                            0x0800056d   Thumb Code   388  stm32f4xx_hal_gpio.o(i.HAL_GPIO_Init)
    HAL_GPIO_TogglePin                       0x0800071d   Thumb Code     8  stm32f4xx_hal_gpio.o(i.HAL_GPIO_TogglePin)
    HAL_GPIO_WritePin                        0x08000725   Thumb Code    10  stm32f4xx_hal_gpio.o(i.HAL_GPIO_WritePin)
    HAL_GetTick                              0x08000731   Thumb Code     6  stm32f4xx_hal.o(i.HAL_GetTick)
    HAL_HCD_Connect_Callback                 0x0800073d   Thumb Code     8  usbh_conf.o(i.HAL_HCD_Connect_Callback)
    HAL_HCD_Disconnect_Callback              0x08000745   Thumb Code     8  usbh_conf.o(i.HAL_HCD_Disconnect_Callback)
    HAL_HCD_GetCurrentFrame                  0x0800074d   Thumb Code     6  stm32f4xx_hal_hcd.o(i.HAL_HCD_GetCurrentFrame)
    HAL_HCD_GetCurrentSpeed                  0x08000753   Thumb Code     6  stm32f4xx_hal_hcd.o(i.HAL_HCD_GetCurrentSpeed)
    HAL_HCD_HC_GetURBState                   0x08000759   Thumb Code    14  stm32f4xx_hal_hcd.o(i.HAL_HCD_HC_GetURBState)
    HAL_HCD_HC_GetXferCount                  0x08000767   Thumb Code    12  stm32f4xx_hal_hcd.o(i.HAL_HCD_HC_GetXferCount)
    HAL_HCD_HC_Halt                          0x08000773   Thumb Code    36  stm32f4xx_hal_hcd.o(i.HAL_HCD_HC_Halt)
    HAL_HCD_HC_Init                          0x08000797   Thumb Code    84  stm32f4xx_hal_hcd.o(i.HAL_HCD_HC_Init)
    HAL_HCD_HC_NotifyURBChange_Callback      0x080007eb   Thumb Code     8  usbh_conf.o(i.HAL_HCD_HC_NotifyURBChange_Callback)
    HAL_HCD_HC_SubmitRequest                 0x080007f3   Thumb Code   182  stm32f4xx_hal_hcd.o(i.HAL_HCD_HC_SubmitRequest)
    HAL_HCD_IRQHandler                       0x080008a9   Thumb Code   302  stm32f4xx_hal_hcd.o(i.HAL_HCD_IRQHandler)
    HAL_HCD_Init                             0x080009d7   Thumb Code    90  stm32f4xx_hal_hcd.o(i.HAL_HCD_Init)
    HAL_HCD_MspInit                          0x08000a31   Thumb Code   110  usbh_conf.o(i.HAL_HCD_MspInit)
    HAL_HCD_ResetPort                        0x08000aa9   Thumb Code     6  stm32f4xx_hal_hcd.o(i.HAL_HCD_ResetPort)
    HAL_HCD_SOF_Callback                     0x08000aaf   Thumb Code     8  usbh_conf.o(i.HAL_HCD_SOF_Callback)
    HAL_HCD_Start                            0x08000ab7   Thumb Code    44  stm32f4xx_hal_hcd.o(i.HAL_HCD_Start)
    HAL_HCD_Stop                             0x08000ae3   Thumb Code    36  stm32f4xx_hal_hcd.o(i.HAL_HCD_Stop)
    HAL_I2C_Init                             0x08000b09   Thumb Code   254  stm32f4xx_hal_i2c.o(i.HAL_I2C_Init)
    HAL_I2C_MspInit                          0x08000c11   Thumb Code    64  stm32f4xx_hal_msp.o(i.HAL_I2C_MspInit)
    HAL_I2SEx_FullDuplex_IRQHandler          0x08000c5d   Thumb Code   476  stm32f4xx_hal_i2s_ex.o(i.HAL_I2SEx_FullDuplex_IRQHandler)
    HAL_I2SEx_TxRxCpltCallback               0x08000e41   Thumb Code     2  stm32f4xx_hal_i2s_ex.o(i.HAL_I2SEx_TxRxCpltCallback)
    HAL_I2S_ErrorCallback                    0x08000e43   Thumb Code     2  stm32f4xx_hal_i2s.o(i.HAL_I2S_ErrorCallback)
    HAL_I2S_Init                             0x08000e45   Thumb Code   366  stm32f4xx_hal_i2s.o(i.HAL_I2S_Init)
    HAL_I2S_MspInit                          0x08000fc5   Thumb Code    82  stm32f4xx_hal_msp.o(i.HAL_I2S_MspInit)
    HAL_I2S_RxCpltCallback                   0x08001029   Thumb Code     2  stm32f4xx_hal_i2s.o(i.HAL_I2S_RxCpltCallback)
    HAL_I2S_TxCpltCallback                   0x0800102b   Thumb Code     2  stm32f4xx_hal_i2s.o(i.HAL_I2S_TxCpltCallback)
    HAL_IncTick                              0x0800102d   Thumb Code    12  stm32f4xx_hal.o(i.HAL_IncTick)
    HAL_Init                                 0x0800103d   Thumb Code    48  stm32f4xx_hal.o(i.HAL_Init)
    HAL_InitTick                             0x08001071   Thumb Code   100  stm32f4xx_hal_timebase_tim.o(i.HAL_InitTick)
    HAL_MspInit                              0x080010e5   Thumb Code    88  stm32f4xx_hal_msp.o(i.HAL_MspInit)
    HAL_NVIC_EnableIRQ                       0x0800113d   Thumb Code    22  stm32f4xx_hal_cortex.o(i.HAL_NVIC_EnableIRQ)
    HAL_NVIC_SetPriority                     0x08001155   Thumb Code    60  stm32f4xx_hal_cortex.o(i.HAL_NVIC_SetPriority)
    HAL_NVIC_SetPriorityGrouping             0x08001195   Thumb Code    26  stm32f4xx_hal_cortex.o(i.HAL_NVIC_SetPriorityGrouping)
    HAL_RCCEx_GetPeriphCLKFreq               0x080011b9   Thumb Code    76  stm32f4xx_hal_rcc_ex.o(i.HAL_RCCEx_GetPeriphCLKFreq)
    HAL_RCCEx_PeriphCLKConfig                0x08001215   Thumb Code   296  stm32f4xx_hal_rcc_ex.o(i.HAL_RCCEx_PeriphCLKConfig)
    HAL_RCC_ClockConfig                      0x08001351   Thumb Code   286  stm32f4xx_hal_rcc.o(i.HAL_RCC_ClockConfig)
    HAL_RCC_GetClockConfig                   0x08001481   Thumb Code    54  stm32f4xx_hal_rcc.o(i.HAL_RCC_GetClockConfig)
    HAL_RCC_GetHCLKFreq                      0x080014c1   Thumb Code     6  stm32f4xx_hal_rcc.o(i.HAL_RCC_GetHCLKFreq)
    HAL_RCC_GetPCLK1Freq                     0x080014cd   Thumb Code    20  stm32f4xx_hal_rcc.o(i.HAL_RCC_GetPCLK1Freq)
    HAL_RCC_GetPCLK2Freq                     0x080014ed   Thumb Code    20  stm32f4xx_hal_rcc.o(i.HAL_RCC_GetPCLK2Freq)
    HAL_RCC_GetSysClockFreq                  0x0800150d   Thumb Code    88  stm32f4xx_hal_rcc.o(i.HAL_RCC_GetSysClockFreq)
    HAL_RCC_OscConfig                        0x0800156d   Thumb Code   770  stm32f4xx_hal_rcc.o(i.HAL_RCC_OscConfig)
    HAL_SPI_Init                             0x08001889   Thumb Code   128  stm32f4xx_hal_spi.o(i.HAL_SPI_Init)
    HAL_SPI_MspInit                          0x08001909   Thumb Code    60  stm32f4xx_hal_msp.o(i.HAL_SPI_MspInit)
    HAL_SYSTICK_CLKSourceConfig              0x08001951   Thumb Code    24  stm32f4xx_hal_cortex.o(i.HAL_SYSTICK_CLKSourceConfig)
    HAL_SYSTICK_Config                       0x08001969   Thumb Code    40  stm32f4xx_hal_cortex.o(i.HAL_SYSTICK_Config)
    HAL_TIMEx_BreakCallback                  0x08001991   Thumb Code     2  stm32f4xx_hal_tim_ex.o(i.HAL_TIMEx_BreakCallback)
    HAL_TIMEx_CommutationCallback            0x08001993   Thumb Code     2  stm32f4xx_hal_tim_ex.o(i.HAL_TIMEx_CommutationCallback)
    HAL_TIM_Base_Init                        0x08001995   Thumb Code    54  stm32f4xx_hal_tim.o(i.HAL_TIM_Base_Init)
    HAL_TIM_Base_MspInit                     0x080019cb   Thumb Code     2  stm32f4xx_hal_tim.o(i.HAL_TIM_Base_MspInit)
    HAL_TIM_Base_Start_IT                    0x080019cd   Thumb Code    24  stm32f4xx_hal_tim.o(i.HAL_TIM_Base_Start_IT)
    HAL_TIM_IC_CaptureCallback               0x080019e5   Thumb Code     2  stm32f4xx_hal_tim.o(i.HAL_TIM_IC_CaptureCallback)
    HAL_TIM_IRQHandler                       0x080019e7   Thumb Code   358  stm32f4xx_hal_tim.o(i.HAL_TIM_IRQHandler)
    HAL_TIM_OC_DelayElapsedCallback          0x08001b4d   Thumb Code     2  stm32f4xx_hal_tim.o(i.HAL_TIM_OC_DelayElapsedCallback)
    HAL_TIM_PWM_PulseFinishedCallback        0x08001b4f   Thumb Code     2  stm32f4xx_hal_tim.o(i.HAL_TIM_PWM_PulseFinishedCallback)
    HAL_TIM_PeriodElapsedCallback            0x08001b51   Thumb Code    14  main.o(i.HAL_TIM_PeriodElapsedCallback)
    HAL_TIM_TriggerCallback                  0x08001b65   Thumb Code     2  stm32f4xx_hal_tim.o(i.HAL_TIM_TriggerCallback)
    MX_DriverVbusFS                          0x080022c9   Thumb Code    16  usbh_platform.o(i.MX_DriverVbusFS)
    MX_GPIO_Init                             0x080022dd   Thumb Code   354  configurations.o(i.MX_GPIO_Init)
    MX_I2C1_Init                             0x08002461   Thumb Code    54  configurations.o(i.MX_I2C1_Init)
    MX_I2S3_Init                             0x080024b9   Thumb Code    52  configurations.o(i.MX_I2S3_Init)
    MX_SPI1_Init                             0x0800250d   Thumb Code    66  configurations.o(i.MX_SPI1_Init)
    MX_USB_HOST_Init                         0x0800256d   Thumb Code    30  usb_host.o(i.MX_USB_HOST_Init)
    OTG_FS_IRQHandler                        0x080025b9   Thumb Code     6  stm32f4xx_it.o(i.OTG_FS_IRQHandler)
    SEGGER_RTT_ConfigDownBuffer              0x080025c5   Thumb Code    90  segger_rtt.o(i.SEGGER_RTT_ConfigDownBuffer)
    SEGGER_RTT_ConfigUpBuffer                0x08002625   Thumb Code    90  segger_rtt.o(i.SEGGER_RTT_ConfigUpBuffer)
    SEGGER_RTT_ReadNoLock                    0x08002685   Thumb Code   116  segger_rtt.o(i.SEGGER_RTT_ReadNoLock)
    SEGGER_RTT_WriteSkipNoLock               0x080026fd   Thumb Code   110  segger_rtt.o(i.SEGGER_RTT_WriteSkipNoLock)
    SEGGER_SYSVIEW_Conf                      0x08002771   Thumb Code    28  segger_sysview_config_freertos.o(i.SEGGER_SYSVIEW_Conf)
    SEGGER_SYSVIEW_EncodeU32                 0x08002799   Thumb Code    24  segger_sysview.o(i.SEGGER_SYSVIEW_EncodeU32)
    SEGGER_SYSVIEW_GetSysDesc                0x080027b1   Thumb Code   122  segger_sysview.o(i.SEGGER_SYSVIEW_GetSysDesc)
    SEGGER_SYSVIEW_Init                      0x08002831   Thumb Code    72  segger_sysview.o(i.SEGGER_SYSVIEW_Init)
    SEGGER_SYSVIEW_OnIdle                    0x08002891   Thumb Code    30  segger_sysview.o(i.SEGGER_SYSVIEW_OnIdle)
    SEGGER_SYSVIEW_OnTaskCreate              0x080028b5   Thumb Code    64  segger_sysview.o(i.SEGGER_SYSVIEW_OnTaskCreate)
    SEGGER_SYSVIEW_OnTaskStartExec           0x080028f9   Thumb Code    64  segger_sysview.o(i.SEGGER_SYSVIEW_OnTaskStartExec)
    SEGGER_SYSVIEW_OnTaskStartReady          0x0800293d   Thumb Code    64  segger_sysview.o(i.SEGGER_SYSVIEW_OnTaskStartReady)
    SEGGER_SYSVIEW_RecordSystime             0x08002981   Thumb Code    42  segger_sysview.o(i.SEGGER_SYSVIEW_RecordSystime)
    SEGGER_SYSVIEW_RecordU32                 0x080029b5   Thumb Code    54  segger_sysview.o(i.SEGGER_SYSVIEW_RecordU32)
    SEGGER_SYSVIEW_RecordU32x2               0x080029f1   Thumb Code    76  segger_sysview.o(i.SEGGER_SYSVIEW_RecordU32x2)
    SEGGER_SYSVIEW_RecordU32x3               0x08002a41   Thumb Code   102  segger_sysview.o(i.SEGGER_SYSVIEW_RecordU32x3)
    SEGGER_SYSVIEW_RecordVoid                0x08002aad   Thumb Code    30  segger_sysview.o(i.SEGGER_SYSVIEW_RecordVoid)
    SEGGER_SYSVIEW_SendModule                0x08002ad1   Thumb Code   112  segger_sysview.o(i.SEGGER_SYSVIEW_SendModule)
    SEGGER_SYSVIEW_SendModuleDescription     0x08002b49   Thumb Code    22  segger_sysview.o(i.SEGGER_SYSVIEW_SendModuleDescription)
    SEGGER_SYSVIEW_SendNumModules            0x08002b65   Thumb Code    56  segger_sysview.o(i.SEGGER_SYSVIEW_SendNumModules)
    SEGGER_SYSVIEW_SendPacket                0x08002ba5   Thumb Code    28  segger_sysview.o(i.SEGGER_SYSVIEW_SendPacket)
    SEGGER_SYSVIEW_SendSysDesc               0x08002bc1   Thumb Code    42  segger_sysview.o(i.SEGGER_SYSVIEW_SendSysDesc)
    SEGGER_SYSVIEW_SendTaskInfo              0x08002bf1   Thumb Code   198  segger_sysview.o(i.SEGGER_SYSVIEW_SendTaskInfo)
    SEGGER_SYSVIEW_SendTaskList              0x08002cbd   Thumb Code    18  segger_sysview.o(i.SEGGER_SYSVIEW_SendTaskList)
    SEGGER_SYSVIEW_SetRAMBase                0x08002cd5   Thumb Code     6  segger_sysview.o(i.SEGGER_SYSVIEW_SetRAMBase)
    SEGGER_SYSVIEW_ShrinkId                  0x08002ce1   Thumb Code    10  segger_sysview.o(i.SEGGER_SYSVIEW_ShrinkId)
    SEGGER_SYSVIEW_Start                     0x08002cf1   Thumb Code   172  segger_sysview.o(i.SEGGER_SYSVIEW_Start)
    SEGGER_SYSVIEW_Stop                      0x08002da5   Thumb Code    42  segger_sysview.o(i.SEGGER_SYSVIEW_Stop)
    SEGGER_SYSVIEW_Warn                      0x08002dd5   Thumb Code    54  segger_sysview.o(i.SEGGER_SYSVIEW_Warn)
    SYSVIEW_AddTask                          0x08002e11   Thumb Code    90  segger_sysview_freertos.o(i.SYSVIEW_AddTask)
    SYSVIEW_RecordU32x4                      0x08002e81   Thumb Code    50  segger_sysview_freertos.o(i.SYSVIEW_RecordU32x4)
    SYSVIEW_SendTaskInfo                     0x08002eb3   Thumb Code    42  segger_sysview_freertos.o(i.SYSVIEW_SendTaskInfo)
    StartDefaultTask                         0x08002edd   Thumb Code    12  main.o(i.StartDefaultTask)
    SysTick_Handler                          0x08002ee9   Thumb Code     4  stm32f4xx_it.o(i.SysTick_Handler)
    SystemClock_Config                       0x08002eed   Thumb Code   188  configurations.o(i.SystemClock_Config)
    SystemInit                               0x08002fc5   Thumb Code    66  system_stm32f4xx.o(i.SystemInit)
    TIM1_UP_TIM10_IRQHandler                 0x08003019   Thumb Code     6  stm32f4xx_it.o(i.TIM1_UP_TIM10_IRQHandler)
    TIM_Base_SetConfig                       0x08003025   Thumb Code   148  stm32f4xx_hal_tim.o(i.TIM_Base_SetConfig)
    USBH_AllocPipe                           0x080030e5   Thumb Code    52  usbh_pipes.o(i.USBH_AllocPipe)
    USBH_BulkReceiveData                     0x08003119   Thumb Code    32  usbh_ioreq.o(i.USBH_BulkReceiveData)
    USBH_BulkSendData                        0x08003139   Thumb Code    40  usbh_ioreq.o(i.USBH_BulkSendData)
    USBH_CDC_LineCodingChanged               0x08003317   Thumb Code     2  usbh_cdc.o(i.USBH_CDC_LineCodingChanged)
    USBH_CDC_ReceiveCallback                 0x080033d1   Thumb Code     2  usbh_cdc.o(i.USBH_CDC_ReceiveCallback)
    USBH_CDC_TransmitCallback                0x080033d7   Thumb Code     2  usbh_cdc.o(i.USBH_CDC_TransmitCallback)
    USBH_ClosePipe                           0x080033d9   Thumb Code    10  usbh_pipes.o(i.USBH_ClosePipe)
    USBH_ClrFeature                          0x080033e3   Thumb Code    30  usbh_ctlreq.o(i.USBH_ClrFeature)
    USBH_CtlReceiveData                      0x08003401   Thumb Code    30  usbh_ioreq.o(i.USBH_CtlReceiveData)
    USBH_CtlReq                              0x0800341f   Thumb Code    74  usbh_ctlreq.o(i.USBH_CtlReq)
    USBH_CtlSendData                         0x08003469   Thumb Code    40  usbh_ioreq.o(i.USBH_CtlSendData)
    USBH_CtlSendSetup                        0x08003491   Thumb Code    30  usbh_ioreq.o(i.USBH_CtlSendSetup)
    USBH_Delay                               0x080034af   Thumb Code     4  usbh_conf.o(i.USBH_Delay)
    USBH_FindInterface                       0x080034b3   Thumb Code    68  usbh_core.o(i.USBH_FindInterface)
    USBH_FreePipe                            0x080034f7   Thumb Code    24  usbh_pipes.o(i.USBH_FreePipe)
    USBH_GetDescriptor                       0x0800350f   Thumb Code    52  usbh_ctlreq.o(i.USBH_GetDescriptor)
    USBH_GetNextDesc                         0x08003543   Thumb Code    14  usbh_ctlreq.o(i.USBH_GetNextDesc)
    USBH_Get_CfgDesc                         0x08003551   Thumb Code    44  usbh_ctlreq.o(i.USBH_Get_CfgDesc)
    USBH_Get_DevDesc                         0x0800357d   Thumb Code   154  usbh_ctlreq.o(i.USBH_Get_DevDesc)
    USBH_Get_StringDesc                      0x08003617   Thumb Code    72  usbh_ctlreq.o(i.USBH_Get_StringDesc)
    USBH_Init                                0x08003901   Thumb Code    98  usbh_core.o(i.USBH_Init)
    USBH_LL_ClosePipe                        0x08003969   Thumb Code    32  usbh_conf.o(i.USBH_LL_ClosePipe)
    USBH_LL_Connect                          0x08003989   Thumb Code    56  usbh_core.o(i.USBH_LL_Connect)
    USBH_LL_Disconnect                       0x080039c1   Thumb Code    68  usbh_core.o(i.USBH_LL_Disconnect)
    USBH_LL_DriverVBUS                       0x08003a05   Thumb Code    26  usbh_conf.o(i.USBH_LL_DriverVBUS)
    USBH_LL_GetLastXferSize                  0x08003a1f   Thumb Code     8  usbh_conf.o(i.USBH_LL_GetLastXferSize)
    USBH_LL_GetSpeed                         0x08003a27   Thumb Code    34  usbh_conf.o(i.USBH_LL_GetSpeed)
    USBH_LL_GetURBState                      0x08003a49   Thumb Code     8  usbh_conf.o(i.USBH_LL_GetURBState)
    USBH_LL_IncTimer                         0x08003a51   Thumb Code    30  usbh_core.o(i.USBH_LL_IncTimer)
    USBH_LL_Init                             0x08003a71   Thumb Code    78  usbh_conf.o(i.USBH_LL_Init)
    USBH_LL_NotifyURBChange                  0x08003ad9   Thumb Code    18  usbh_core.o(i.USBH_LL_NotifyURBChange)
    USBH_LL_OpenPipe                         0x08003aeb   Thumb Code    42  usbh_conf.o(i.USBH_LL_OpenPipe)
    USBH_LL_ResetPort                        0x08003b15   Thumb Code    32  usbh_conf.o(i.USBH_LL_ResetPort)
    USBH_LL_SetTimer                         0x08003b35   Thumb Code     6  usbh_core.o(i.USBH_LL_SetTimer)
    USBH_LL_SetToggle                        0x08003b3b   Thumb Code    32  usbh_conf.o(i.USBH_LL_SetToggle)
    USBH_LL_Start                            0x08003b5b   Thumb Code    32  usbh_conf.o(i.USBH_LL_Start)
    USBH_LL_Stop                             0x08003b7b   Thumb Code    32  usbh_conf.o(i.USBH_LL_Stop)
    USBH_LL_SubmitURB                        0x08003b9b   Thumb Code    48  usbh_conf.o(i.USBH_LL_SubmitURB)
    USBH_OpenPipe                            0x08003bcb   Thumb Code    20  usbh_pipes.o(i.USBH_OpenPipe)
    USBH_Process                             0x08003cc7   Thumb Code   384  usbh_core.o(i.USBH_Process)
    USBH_RegisterClass                       0x08003e69   Thumb Code    28  usbh_core.o(i.USBH_RegisterClass)
    USBH_SelectInterface                     0x08003e85   Thumb Code    22  usbh_core.o(i.USBH_SelectInterface)
    USBH_SetAddress                          0x08003e9b   Thumb Code    28  usbh_ctlreq.o(i.USBH_SetAddress)
    USBH_SetCfg                              0x08003eb7   Thumb Code    28  usbh_ctlreq.o(i.USBH_SetCfg)
    USBH_Start                               0x08003ed3   Thumb Code    20  usbh_core.o(i.USBH_Start)
    USB_CoreInit                             0x08003f09   Thumb Code   104  stm32f4xx_ll_usb.o(i.USB_CoreInit)
    USB_DisableGlobalInt                     0x08003fad   Thumb Code    12  stm32f4xx_ll_usb.o(i.USB_DisableGlobalInt)
    USB_DoPing                               0x08003fb9   Thumb Code    60  stm32f4xx_ll_usb.o(i.USB_DoPing)
    USB_DriveVbus                            0x08003ff9   Thumb Code    44  stm32f4xx_ll_usb.o(i.USB_DriveVbus)
    USB_EnableGlobalInt                      0x08004025   Thumb Code    12  stm32f4xx_ll_usb.o(i.USB_EnableGlobalInt)
    USB_FlushRxFifo                          0x08004031   Thumb Code    28  stm32f4xx_ll_usb.o(i.USB_FlushRxFifo)
    USB_FlushTxFifo                          0x08004051   Thumb Code    32  stm32f4xx_ll_usb.o(i.USB_FlushTxFifo)
    USB_GetCurrentFrame                      0x08004075   Thumb Code     8  stm32f4xx_ll_usb.o(i.USB_GetCurrentFrame)
    USB_GetHostSpeed                         0x0800407d   Thumb Code    14  stm32f4xx_ll_usb.o(i.USB_GetHostSpeed)
    USB_GetMode                              0x0800408b   Thumb Code     8  stm32f4xx_ll_usb.o(i.USB_GetMode)
    USB_HC_Halt                              0x08004093   Thumb Code   328  stm32f4xx_ll_usb.o(i.USB_HC_Halt)
    USB_HC_Init                              0x080041dd   Thumb Code   234  stm32f4xx_ll_usb.o(i.USB_HC_Init)
    USB_HC_ReadInterrupt                     0x080042c7   Thumb Code    12  stm32f4xx_ll_usb.o(i.USB_HC_ReadInterrupt)
    USB_HC_StartXfer                         0x080042d5   Thumb Code   386  stm32f4xx_ll_usb.o(i.USB_HC_StartXfer)
    USB_HostInit                             0x0800445d   Thumb Code   192  stm32f4xx_ll_usb.o(i.USB_HostInit)
    USB_InitFSLSPClkSel                      0x08004531   Thumb Code    54  stm32f4xx_ll_usb.o(i.USB_InitFSLSPClkSel)
    USB_ReadInterrupts                       0x08004567   Thumb Code     8  stm32f4xx_ll_usb.o(i.USB_ReadInterrupts)
    USB_ReadPacket                           0x0800456f   Thumb Code    32  stm32f4xx_ll_usb.o(i.USB_ReadPacket)
    USB_ResetPort                            0x0800458f   Thumb Code    44  stm32f4xx_ll_usb.o(i.USB_ResetPort)
    USB_SetCurrentMode                       0x080045bb   Thumb Code    44  stm32f4xx_ll_usb.o(i.USB_SetCurrentMode)
    USB_StopHost                             0x080045e7   Thumb Code   178  stm32f4xx_ll_usb.o(i.USB_StopHost)
    USB_WritePacket                          0x08004699   Thumb Code    40  stm32f4xx_ll_usb.o(i.USB_WritePacket)
    _Error_Handler                           0x0800476d   Thumb Code     2  main.o(i._Error_Handler)
    __scatterload_copy                       0x08004935   Thumb Code    14  handlers.o(i.__scatterload_copy)
    __scatterload_null                       0x08004943   Thumb Code     2  handlers.o(i.__scatterload_null)
    __scatterload_zeroinit                   0x08004945   Thumb Code    14  handlers.o(i.__scatterload_zeroinit)
    free                                     0x08004a01   Thumb Code    76  malloc.o(i.free)
    main                                     0x08004a5d   Thumb Code    94  main.o(i.main)
    malloc                                   0x08004af1   Thumb Code    92  malloc.o(i.malloc)
    osDelay                                  0x08004b5d   Thumb Code    14  cmsis_os.o(i.osDelay)
    osKernelStart                            0x08004b6b   Thumb Code    10  cmsis_os.o(i.osKernelStart)
    osMessageCreate                          0x08004b75   Thumb Code     8  cmsis_os.o(i.osMessageCreate)
    osMessageGet                             0x08004b7d   Thumb Code   146  cmsis_os.o(i.osMessageGet)
    osMessagePut                             0x08004c15   Thumb Code    86  cmsis_os.o(i.osMessagePut)
    osSystickHandler                         0x08004c71   Thumb Code    20  cmsis_os.o(i.osSystickHandler)
    osThreadCreate                           0x08004c85   Thumb Code    46  cmsis_os.o(i.osThreadCreate)
    pvPortMalloc                             0x0800512d   Thumb Code   210  heap_4.o(i.pvPortMalloc)
    pvTaskIncrementMutexHeldCount            0x08005205   Thumb Code    18  tasks.o(i.pvTaskIncrementMutexHeldCount)
    pxPortInitialiseStack                    0x0800521d   Thumb Code    40  port.o(i.pxPortInitialiseStack)
    uxListRemove                             0x08005249   Thumb Code    36  list.o(i.uxListRemove)
    vListInitialise                          0x0800526d   Thumb Code    22  list.o(i.vListInitialise)
    vListInitialiseItem                      0x08005283   Thumb Code     6  list.o(i.vListInitialiseItem)
    vListInsert                              0x08005289   Thumb Code    48  list.o(i.vListInsert)
    vListInsertEnd                           0x080052b9   Thumb Code    24  list.o(i.vListInsertEnd)
    vPortEnterCritical                       0x080052d1   Thumb Code    54  port.o(i.vPortEnterCritical)
    vPortExitCritical                        0x08005311   Thumb Code    34  port.o(i.vPortExitCritical)
    vPortFree                                0x08005339   Thumb Code    88  heap_4.o(i.vPortFree)
    vPortSetupTimerInterrupt                 0x08005395   Thumb Code    26  port.o(i.vPortSetupTimerInterrupt)
    vPortValidateInterruptPriority           0x080053b5   Thumb Code    74  port.o(i.vPortValidateInterruptPriority)
    vTaskBTN                                 0x08005409   Thumb Code    22  main.o(i.vTaskBTN)
    vTaskDelay                               0x08005425   Thumb Code    74  tasks.o(i.vTaskDelay)
    vTaskLED                                 0x08005479   Thumb Code     8  main.o(i.vTaskLED)
    vTaskMissedYield                         0x08005481   Thumb Code     8  tasks.o(i.vTaskMissedYield)
    vTaskPlaceOnEventList                    0x0800548d   Thumb Code    44  tasks.o(i.vTaskPlaceOnEventList)
    vTaskPriorityInherit                     0x080054bd   Thumb Code   146  tasks.o(i.vTaskPriorityInherit)
    vTaskSetTimeOutState                     0x08005559   Thumb Code    30  tasks.o(i.vTaskSetTimeOutState)
    vTaskStartScheduler                      0x0800557d   Thumb Code    86  tasks.o(i.vTaskStartScheduler)
    vTaskSuspendAll                          0x080055e5   Thumb Code    10  tasks.o(i.vTaskSuspendAll)
    vTaskSwitchContext                       0x080055f5   Thumb Code   114  tasks.o(i.vTaskSwitchContext)
    xPortStartScheduler                      0x08005679   Thumb Code   202  port.o(i.xPortStartScheduler)
    xPortSysTickHandler                      0x08005759   Thumb Code    44  port.o(i.xPortSysTickHandler)
    xQueueGenericCreate                      0x08005789   Thumb Code    90  queue.o(i.xQueueGenericCreate)
    xQueueGenericReceive                     0x080057e5   Thumb Code   444  queue.o(i.xQueueGenericReceive)
    xQueueGenericReset                       0x080059a5   Thumb Code   132  queue.o(i.xQueueGenericReset)
    xQueueGenericSend                        0x08005a2d   Thumb Code   386  queue.o(i.xQueueGenericSend)
    xQueueGenericSendFromISR                 0x08005bb5   Thumb Code   220  queue.o(i.xQueueGenericSendFromISR)
    xQueueReceiveFromISR                     0x08005c91   Thumb Code   208  queue.o(i.xQueueReceiveFromISR)
    xTaskCheckForTimeOut                     0x08005d61   Thumb Code   102  tasks.o(i.xTaskCheckForTimeOut)
    xTaskCreate                              0x08005dcd   Thumb Code    86  tasks.o(i.xTaskCreate)
    xTaskGetSchedulerState                   0x08005e25   Thumb Code    22  tasks.o(i.xTaskGetSchedulerState)
    xTaskGetTickCountFromISR                 0x08005e41   Thumb Code    12  tasks.o(i.xTaskGetTickCountFromISR)
    xTaskIncrementTick                       0x08005e51   Thumb Code   198  tasks.o(i.xTaskIncrementTick)
    xTaskPriorityDisinherit                  0x08005f21   Thumb Code   162  tasks.o(i.xTaskPriorityDisinherit)
    xTaskRemoveFromEventList                 0x08005fcd   Thumb Code   114  tasks.o(i.xTaskRemoveFromEventList)
    xTaskResumeAll                           0x08006049   Thumb Code   194  tasks.o(i.xTaskResumeAll)
    AHBPrescTable                            0x0800612c   Data          16  system_stm32f4xx.o(.constdata)
    APBPrescTable                            0x0800613c   Data           8  system_stm32f4xx.o(.constdata)
    SYSVIEW_X_OS_TraceAPI                    0x0800617c   Data           8  segger_sysview_freertos.o(.constdata)
    Region$$Table$$Base                      0x080061f0   Number         0  anon$$obj.o(Region$$Table)
    Region$$Table$$Limit                     0x08006210   Number         0  anon$$obj.o(Region$$Table)
    Appli_state                              0x20000000   Data           1  usb_host.o(.data)
    defaultTaskHandle                        0x20000004   Data           4  main.o(.data)
    SystemCoreClock                          0x20000008   Data           4  system_stm32f4xx.o(.data)
    uwTickFreq                               0x2000000c   Data           1  stm32f4xx_hal.o(.data)
    uwTickPrio                               0x20000010   Data           4  stm32f4xx_hal.o(.data)
    uwTick                                   0x20000014   Data           4  stm32f4xx_hal.o(.data)
    CDC_Class                                0x20000018   Data          32  usbh_cdc.o(.data)
    pxCurrentTCB                             0x20000038   Data           4  tasks.o(.data)
    __microlib_freelist                      0x200000ac   Data           4  mvars.o(.data)
    __microlib_freelist_initialised          0x200000b0   Data           4  mvars.o(.data)
    htim1                                    0x200000b4   Data          60  stm32f4xx_hal_timebase_tim.o(.bss)
    hUsbHostFS                               0x200000f0   Data         976  usb_host.o(.bss)
    hhcd_USB_OTG_FS                          0x200004c0   Data         664  usbh_conf.o(.bss)
    hi2c1                                    0x20000758   Data          84  configurations.o(.bss)
    hi2s3                                    0x200007ac   Data          72  configurations.o(.bss)
    hspi1                                    0x200007f4   Data          88  configurations.o(.bss)
    _SEGGER_RTT                              0x2000453c   Data         168  segger_rtt.o(.bss)
    __heap_base                              0x20004fa0   Data           0  startup_stm32f407xx.o(HEAP)
    __heap_limit                             0x200051a0   Data           0  startup_stm32f407xx.o(HEAP)
    __initial_sp                             0x200055a0   Data           0  startup_stm32f407xx.o(STACK)



==============================================================================

Memory Map of the image

  Image Entry point : 0x08000189

  Load Region LR_IROM1 (Base: 0x08000000, Size: 0x000062c4, Max: 0x00100000, ABSOLUTE)

    Execution Region ER_IROM1 (Exec base: 0x08000000, Load base: 0x08000000, Size: 0x00006210, Max: 0x00100000, ABSOLUTE)

    Exec Addr    Load Addr    Size         Type   Attr      Idx    E Section Name        Object

    0x08000000   0x08000000   0x00000188   Data   RO            3    RESET               startup_stm32f407xx.o
    0x08000188   0x08000188   0x00000000   Code   RO         6345  * .ARM.Collect$$$$00000000  mc_w.l(entry.o)
    0x08000188   0x08000188   0x00000004   Code   RO         6390    .ARM.Collect$$$$00000001  mc_w.l(entry2.o)
    0x0800018c   0x0800018c   0x00000004   Code   RO         6393    .ARM.Collect$$$$00000004  mc_w.l(entry5.o)
    0x08000190   0x08000190   0x00000000   Code   RO         6395    .ARM.Collect$$$$00000008  mc_w.l(entry7b.o)
    0x08000190   0x08000190   0x00000000   Code   RO         6397    .ARM.Collect$$$$0000000A  mc_w.l(entry8b.o)
    0x08000190   0x08000190   0x00000008   Code   RO         6398    .ARM.Collect$$$$0000000B  mc_w.l(entry9a.o)
    0x08000198   0x08000198   0x00000000   Code   RO         6400    .ARM.Collect$$$$0000000D  mc_w.l(entry10a.o)
    0x08000198   0x08000198   0x00000000   Code   RO         6402    .ARM.Collect$$$$0000000F  mc_w.l(entry11a.o)
    0x08000198   0x08000198   0x00000004   Code   RO         6391    .ARM.Collect$$$$00002712  mc_w.l(entry2.o)
    0x0800019c   0x0800019c   0x000000ba   Code   RO         5415    .emb_text           port.o
    0x08000256   0x08000256   0x00000002   PAD
    0x08000258   0x08000258   0x00000024   Code   RO            4    .text               startup_stm32f407xx.o
    0x0800027c   0x0800027c   0x00000062   Code   RO         6348    .text               mc_w.l(uldiv.o)
    0x080002de   0x080002de   0x00000024   Code   RO         6350    .text               mc_w.l(memcpya.o)
    0x08000302   0x08000302   0x00000024   Code   RO         6352    .text               mc_w.l(memseta.o)
    0x08000326   0x08000326   0x0000001a   Code   RO         6356    .text               mc_w.l(memcmp.o)
    0x08000340   0x08000340   0x00000012   Code   RO         6358    .text               mc_w.l(strcpy.o)
    0x08000352   0x08000352   0x0000001e   Code   RO         6404    .text               mc_w.l(llshl.o)
    0x08000370   0x08000370   0x00000020   Code   RO         6406    .text               mc_w.l(llushr.o)
    0x08000390   0x08000390   0x00000024   Code   RO         6410    .text               mc_w.l(init.o)
    0x080003b4   0x080003b4   0x0000007a   Code   RO         4106    i.CDC_ProcessReception  usbh_cdc.o
    0x0800042e   0x0800042e   0x00000080   Code   RO         4107    i.CDC_ProcessTransmission  usbh_cdc.o
    0x080004ae   0x080004ae   0x00000002   PAD
    0x080004b0   0x080004b0   0x00000048   Code   RO         4297    i.DeInitStateMachine  usbh_core.o
    0x080004f8   0x080004f8   0x00000006   Code   RO          195    i.EXTI0_IRQHandler  stm32f4xx_it.o
    0x080004fe   0x080004fe   0x00000016   Code   RO         4108    i.GetLineCoding     usbh_cdc.o
    0x08000514   0x08000514   0x00000024   Code   RO         1349    i.HAL_Delay         stm32f4xx_hal.o
    0x08000538   0x08000538   0x0000001c   Code   RO          446    i.HAL_GPIO_EXTI_Callback  main.o
    0x08000554   0x08000554   0x00000018   Code   RO         2468    i.HAL_GPIO_EXTI_IRQHandler  stm32f4xx_hal_gpio.o
    0x0800056c   0x0800056c   0x000001b0   Code   RO         2469    i.HAL_GPIO_Init     stm32f4xx_hal_gpio.o
    0x0800071c   0x0800071c   0x00000008   Code   RO         2472    i.HAL_GPIO_TogglePin  stm32f4xx_hal_gpio.o
    0x08000724   0x08000724   0x0000000a   Code   RO         2473    i.HAL_GPIO_WritePin  stm32f4xx_hal_gpio.o
    0x0800072e   0x0800072e   0x00000002   PAD
    0x08000730   0x08000730   0x0000000c   Code   RO         1355    i.HAL_GetTick       stm32f4xx_hal.o
    0x0800073c   0x0800073c   0x00000008   Code   RO          512    i.HAL_HCD_Connect_Callback  usbh_conf.o
    0x08000744   0x08000744   0x00000008   Code   RO          513    i.HAL_HCD_Disconnect_Callback  usbh_conf.o
    0x0800074c   0x0800074c   0x00000006   Code   RO         2887    i.HAL_HCD_GetCurrentFrame  stm32f4xx_hal_hcd.o
    0x08000752   0x08000752   0x00000006   Code   RO         2888    i.HAL_HCD_GetCurrentSpeed  stm32f4xx_hal_hcd.o
    0x08000758   0x08000758   0x0000000e   Code   RO         2891    i.HAL_HCD_HC_GetURBState  stm32f4xx_hal_hcd.o
    0x08000766   0x08000766   0x0000000c   Code   RO         2892    i.HAL_HCD_HC_GetXferCount  stm32f4xx_hal_hcd.o
    0x08000772   0x08000772   0x00000024   Code   RO         2893    i.HAL_HCD_HC_Halt   stm32f4xx_hal_hcd.o
    0x08000796   0x08000796   0x00000054   Code   RO         2894    i.HAL_HCD_HC_Init   stm32f4xx_hal_hcd.o
    0x080007ea   0x080007ea   0x00000008   Code   RO          514    i.HAL_HCD_HC_NotifyURBChange_Callback  usbh_conf.o
    0x080007f2   0x080007f2   0x000000b6   Code   RO         2896    i.HAL_HCD_HC_SubmitRequest  stm32f4xx_hal_hcd.o
    0x080008a8   0x080008a8   0x0000012e   Code   RO         2897    i.HAL_HCD_IRQHandler  stm32f4xx_hal_hcd.o
    0x080009d6   0x080009d6   0x0000005a   Code   RO         2898    i.HAL_HCD_Init      stm32f4xx_hal_hcd.o
    0x08000a30   0x08000a30   0x00000078   Code   RO          516    i.HAL_HCD_MspInit   usbh_conf.o
    0x08000aa8   0x08000aa8   0x00000006   Code   RO         2901    i.HAL_HCD_ResetPort  stm32f4xx_hal_hcd.o
    0x08000aae   0x08000aae   0x00000008   Code   RO          517    i.HAL_HCD_SOF_Callback  usbh_conf.o
    0x08000ab6   0x08000ab6   0x0000002c   Code   RO         2903    i.HAL_HCD_Start     stm32f4xx_hal_hcd.o
    0x08000ae2   0x08000ae2   0x00000024   Code   RO         2904    i.HAL_HCD_Stop      stm32f4xx_hal_hcd.o
    0x08000b06   0x08000b06   0x00000002   PAD
    0x08000b08   0x08000b08   0x00000108   Code   RO         1762    i.HAL_I2C_Init      stm32f4xx_hal_i2c.o
    0x08000c10   0x08000c10   0x0000004c   Code   RO          387    i.HAL_I2C_MspInit   stm32f4xx_hal_msp.o
    0x08000c5c   0x08000c5c   0x000001e4   Code   RO         3150    i.HAL_I2SEx_FullDuplex_IRQHandler  stm32f4xx_hal_i2s_ex.o
    0x08000e40   0x08000e40   0x00000002   Code   RO         3154    i.HAL_I2SEx_TxRxCpltCallback  stm32f4xx_hal_i2s_ex.o
    0x08000e42   0x08000e42   0x00000002   Code   RO          824    i.HAL_I2S_ErrorCallback  stm32f4xx_hal_i2s.o
    0x08000e44   0x08000e44   0x00000180   Code   RO          828    i.HAL_I2S_Init      stm32f4xx_hal_i2s.o
    0x08000fc4   0x08000fc4   0x00000064   Code   RO          389    i.HAL_I2S_MspInit   stm32f4xx_hal_msp.o
    0x08001028   0x08001028   0x00000002   Code   RO          834    i.HAL_I2S_RxCpltCallback  stm32f4xx_hal_i2s.o
    0x0800102a   0x0800102a   0x00000002   Code   RO          839    i.HAL_I2S_TxCpltCallback  stm32f4xx_hal_i2s.o
    0x0800102c   0x0800102c   0x00000010   Code   RO         1359    i.HAL_IncTick       stm32f4xx_hal.o
    0x0800103c   0x0800103c   0x00000034   Code   RO         1360    i.HAL_Init          stm32f4xx_hal.o
    0x08001070   0x08001070   0x00000074   Code   RO           13    i.HAL_InitTick      stm32f4xx_hal_timebase_tim.o
    0x080010e4   0x080010e4   0x00000058   Code   RO          390    i.HAL_MspInit       stm32f4xx_hal_msp.o
    0x0800113c   0x0800113c   0x00000016   Code   RO         3870    i.HAL_NVIC_EnableIRQ  stm32f4xx_hal_cortex.o
    0x08001152   0x08001152   0x00000002   PAD
    0x08001154   0x08001154   0x00000040   Code   RO         3876    i.HAL_NVIC_SetPriority  stm32f4xx_hal_cortex.o
    0x08001194   0x08001194   0x00000024   Code   RO         3877    i.HAL_NVIC_SetPriorityGrouping  stm32f4xx_hal_cortex.o
    0x080011b8   0x080011b8   0x0000005c   Code   RO         2833    i.HAL_RCCEx_GetPeriphCLKFreq  stm32f4xx_hal_rcc_ex.o
    0x08001214   0x08001214   0x0000013c   Code   RO         2834    i.HAL_RCCEx_PeriphCLKConfig  stm32f4xx_hal_rcc_ex.o
    0x08001350   0x08001350   0x00000130   Code   RO         3049    i.HAL_RCC_ClockConfig  stm32f4xx_hal_rcc.o
    0x08001480   0x08001480   0x00000040   Code   RO         3053    i.HAL_RCC_GetClockConfig  stm32f4xx_hal_rcc.o
    0x080014c0   0x080014c0   0x0000000c   Code   RO         3054    i.HAL_RCC_GetHCLKFreq  stm32f4xx_hal_rcc.o
    0x080014cc   0x080014cc   0x00000020   Code   RO         3056    i.HAL_RCC_GetPCLK1Freq  stm32f4xx_hal_rcc.o
    0x080014ec   0x080014ec   0x00000020   Code   RO         3057    i.HAL_RCC_GetPCLK2Freq  stm32f4xx_hal_rcc.o
    0x0800150c   0x0800150c   0x00000060   Code   RO         3058    i.HAL_RCC_GetSysClockFreq  stm32f4xx_hal_rcc.o
    0x0800156c   0x0800156c   0x0000031c   Code   RO         3061    i.HAL_RCC_OscConfig  stm32f4xx_hal_rcc.o
    0x08001888   0x08001888   0x00000080   Code   RO         2160    i.HAL_SPI_Init      stm32f4xx_hal_spi.o
    0x08001908   0x08001908   0x00000048   Code   RO          392    i.HAL_SPI_MspInit   stm32f4xx_hal_msp.o
    0x08001950   0x08001950   0x00000018   Code   RO         3879    i.HAL_SYSTICK_CLKSourceConfig  stm32f4xx_hal_cortex.o
    0x08001968   0x08001968   0x00000028   Code   RO         3881    i.HAL_SYSTICK_Config  stm32f4xx_hal_cortex.o
    0x08001990   0x08001990   0x00000002   Code   RO         2532    i.HAL_TIMEx_BreakCallback  stm32f4xx_hal_tim_ex.o
    0x08001992   0x08001992   0x00000002   Code   RO         2533    i.HAL_TIMEx_CommutationCallback  stm32f4xx_hal_tim_ex.o
    0x08001994   0x08001994   0x00000036   Code   RO         3236    i.HAL_TIM_Base_Init  stm32f4xx_hal_tim.o
    0x080019ca   0x080019ca   0x00000002   Code   RO         3238    i.HAL_TIM_Base_MspInit  stm32f4xx_hal_tim.o
    0x080019cc   0x080019cc   0x00000018   Code   RO         3241    i.HAL_TIM_Base_Start_IT  stm32f4xx_hal_tim.o
    0x080019e4   0x080019e4   0x00000002   Code   RO         3265    i.HAL_TIM_IC_CaptureCallback  stm32f4xx_hal_tim.o
    0x080019e6   0x080019e6   0x00000166   Code   RO         3278    i.HAL_TIM_IRQHandler  stm32f4xx_hal_tim.o
    0x08001b4c   0x08001b4c   0x00000002   Code   RO         3281    i.HAL_TIM_OC_DelayElapsedCallback  stm32f4xx_hal_tim.o
    0x08001b4e   0x08001b4e   0x00000002   Code   RO         3308    i.HAL_TIM_PWM_PulseFinishedCallback  stm32f4xx_hal_tim.o
    0x08001b50   0x08001b50   0x00000014   Code   RO          447    i.HAL_TIM_PeriodElapsedCallback  main.o
    0x08001b64   0x08001b64   0x00000002   Code   RO         3319    i.HAL_TIM_TriggerCallback  stm32f4xx_hal_tim.o
    0x08001b66   0x08001b66   0x00000232   Code   RO         2905    i.HCD_HC_IN_IRQHandler  stm32f4xx_hal_hcd.o
    0x08001d98   0x08001d98   0x00000216   Code   RO         2906    i.HCD_HC_OUT_IRQHandler  stm32f4xx_hal_hcd.o
    0x08001fae   0x08001fae   0x000000ac   Code   RO         2907    i.HCD_Port_IRQHandler  stm32f4xx_hal_hcd.o
    0x0800205a   0x0800205a   0x00000002   PAD
    0x0800205c   0x0800205c   0x00000070   Code   RO         2908    i.HCD_RXQLVL_IRQHandler  stm32f4xx_hal_hcd.o
    0x080020cc   0x080020cc   0x00000088   Code   RO         3156    i.I2SEx_FullDuplexRx_IT  stm32f4xx_hal_i2s_ex.o
    0x08002154   0x08002154   0x00000084   Code   RO         3157    i.I2SEx_FullDuplexTx_IT  stm32f4xx_hal_i2s_ex.o
    0x080021d8   0x080021d8   0x000000f0   Code   RO          846    i.I2S_IRQHandler    stm32f4xx_hal_i2s.o
    0x080022c8   0x080022c8   0x00000014   Code   RO          165    i.MX_DriverVbusFS   usbh_platform.o
    0x080022dc   0x080022dc   0x00000184   Code   RO          659    i.MX_GPIO_Init      configurations.o
    0x08002460   0x08002460   0x00000058   Code   RO          660    i.MX_I2C1_Init      configurations.o
    0x080024b8   0x080024b8   0x00000054   Code   RO          661    i.MX_I2S3_Init      configurations.o
    0x0800250c   0x0800250c   0x00000060   Code   RO          662    i.MX_SPI1_Init      configurations.o
    0x0800256c   0x0800256c   0x0000002c   Code   RO          321    i.MX_USB_HOST_Init  usb_host.o
    0x08002598   0x08002598   0x00000020   Code   RO         3883    i.NVIC_SetPriority  stm32f4xx_hal_cortex.o
    0x080025b8   0x080025b8   0x0000000c   Code   RO          196    i.OTG_FS_IRQHandler  stm32f4xx_it.o
    0x080025c4   0x080025c4   0x00000060   Code   RO         5631    i.SEGGER_RTT_ConfigDownBuffer  segger_rtt.o
    0x08002624   0x08002624   0x00000060   Code   RO         5632    i.SEGGER_RTT_ConfigUpBuffer  segger_rtt.o
    0x08002684   0x08002684   0x00000078   Code   RO         5641    i.SEGGER_RTT_ReadNoLock  segger_rtt.o
    0x080026fc   0x080026fc   0x00000074   Code   RO         5651    i.SEGGER_RTT_WriteSkipNoLock  segger_rtt.o
    0x08002770   0x08002770   0x00000028   Code   RO         6327    i.SEGGER_SYSVIEW_Conf  segger_sysview_config_freertos.o
    0x08002798   0x08002798   0x00000018   Code   RO         5824    i.SEGGER_SYSVIEW_EncodeU32  segger_sysview.o
    0x080027b0   0x080027b0   0x00000080   Code   RO         5828    i.SEGGER_SYSVIEW_GetSysDesc  segger_sysview.o
    0x08002830   0x08002830   0x00000060   Code   RO         5829    i.SEGGER_SYSVIEW_Init  segger_sysview.o
    0x08002890   0x08002890   0x00000024   Code   RO         5831    i.SEGGER_SYSVIEW_OnIdle  segger_sysview.o
    0x080028b4   0x080028b4   0x00000044   Code   RO         5832    i.SEGGER_SYSVIEW_OnTaskCreate  segger_sysview.o
    0x080028f8   0x080028f8   0x00000044   Code   RO         5833    i.SEGGER_SYSVIEW_OnTaskStartExec  segger_sysview.o
    0x0800293c   0x0800293c   0x00000044   Code   RO         5834    i.SEGGER_SYSVIEW_OnTaskStartReady  segger_sysview.o
    0x08002980   0x08002980   0x00000034   Code   RO         5854    i.SEGGER_SYSVIEW_RecordSystime  segger_sysview.o
    0x080029b4   0x080029b4   0x0000003c   Code   RO         5855    i.SEGGER_SYSVIEW_RecordU32  segger_sysview.o
    0x080029f0   0x080029f0   0x00000050   Code   RO         5857    i.SEGGER_SYSVIEW_RecordU32x2  segger_sysview.o
    0x08002a40   0x08002a40   0x0000006c   Code   RO         5858    i.SEGGER_SYSVIEW_RecordU32x3  segger_sysview.o
    0x08002aac   0x08002aac   0x00000024   Code   RO         5865    i.SEGGER_SYSVIEW_RecordVoid  segger_sysview.o
    0x08002ad0   0x08002ad0   0x00000078   Code   RO         5867    i.SEGGER_SYSVIEW_SendModule  segger_sysview.o
    0x08002b48   0x08002b48   0x0000001c   Code   RO         5868    i.SEGGER_SYSVIEW_SendModuleDescription  segger_sysview.o
    0x08002b64   0x08002b64   0x00000040   Code   RO         5869    i.SEGGER_SYSVIEW_SendNumModules  segger_sysview.o
    0x08002ba4   0x08002ba4   0x0000001c   Code   RO         5870    i.SEGGER_SYSVIEW_SendPacket  segger_sysview.o
    0x08002bc0   0x08002bc0   0x00000030   Code   RO         5871    i.SEGGER_SYSVIEW_SendSysDesc  segger_sysview.o
    0x08002bf0   0x08002bf0   0x000000cc   Code   RO         5872    i.SEGGER_SYSVIEW_SendTaskInfo  segger_sysview.o
    0x08002cbc   0x08002cbc   0x00000018   Code   RO         5873    i.SEGGER_SYSVIEW_SendTaskList  segger_sysview.o
    0x08002cd4   0x08002cd4   0x0000000c   Code   RO         5874    i.SEGGER_SYSVIEW_SetRAMBase  segger_sysview.o
    0x08002ce0   0x08002ce0   0x00000010   Code   RO         5875    i.SEGGER_SYSVIEW_ShrinkId  segger_sysview.o
    0x08002cf0   0x08002cf0   0x000000b4   Code   RO         5876    i.SEGGER_SYSVIEW_Start  segger_sysview.o
    0x08002da4   0x08002da4   0x00000030   Code   RO         5877    i.SEGGER_SYSVIEW_Stop  segger_sysview.o
    0x08002dd4   0x08002dd4   0x0000003c   Code   RO         5878    i.SEGGER_SYSVIEW_Warn  segger_sysview.o
    0x08002e10   0x08002e10   0x00000070   Code   RO         6266    i.SYSVIEW_AddTask   segger_sysview_freertos.o
    0x08002e80   0x08002e80   0x00000032   Code   RO         6268    i.SYSVIEW_RecordU32x4  segger_sysview_freertos.o
    0x08002eb2   0x08002eb2   0x0000002a   Code   RO         6270    i.SYSVIEW_SendTaskInfo  segger_sysview_freertos.o
    0x08002edc   0x08002edc   0x0000000c   Code   RO          448    i.StartDefaultTask  main.o
    0x08002ee8   0x08002ee8   0x00000004   Code   RO          197    i.SysTick_Handler   stm32f4xx_it.o
    0x08002eec   0x08002eec   0x000000d8   Code   RO          663    i.SystemClock_Config  configurations.o
    0x08002fc4   0x08002fc4   0x00000054   Code   RO          711    i.SystemInit        system_stm32f4xx.o
    0x08003018   0x08003018   0x0000000c   Code   RO          198    i.TIM1_UP_TIM10_IRQHandler  stm32f4xx_it.o
    0x08003024   0x08003024   0x000000c0   Code   RO         3320    i.TIM_Base_SetConfig  stm32f4xx_hal_tim.o
    0x080030e4   0x080030e4   0x00000034   Code   RO         4427    i.USBH_AllocPipe    usbh_pipes.o
    0x08003118   0x08003118   0x00000020   Code   RO         4225    i.USBH_BulkReceiveData  usbh_ioreq.o
    0x08003138   0x08003138   0x00000028   Code   RO         4226    i.USBH_BulkSendData  usbh_ioreq.o
    0x08003160   0x08003160   0x00000024   Code   RO         4109    i.USBH_CDC_ClassRequest  usbh_cdc.o
    0x08003184   0x08003184   0x0000005e   Code   RO         4112    i.USBH_CDC_InterfaceDeInit  usbh_cdc.o
    0x080031e2   0x080031e2   0x00000134   Code   RO         4113    i.USBH_CDC_InterfaceInit  usbh_cdc.o
    0x08003316   0x08003316   0x00000002   Code   RO         4114    i.USBH_CDC_LineCodingChanged  usbh_cdc.o
    0x08003318   0x08003318   0x000000b8   Code   RO         4115    i.USBH_CDC_Process  usbh_cdc.o
    0x080033d0   0x080033d0   0x00000002   Code   RO         4117    i.USBH_CDC_ReceiveCallback  usbh_cdc.o
    0x080033d2   0x080033d2   0x00000004   Code   RO         4118    i.USBH_CDC_SOFProcess  usbh_cdc.o
    0x080033d6   0x080033d6   0x00000002   Code   RO         4122    i.USBH_CDC_TransmitCallback  usbh_cdc.o
    0x080033d8   0x080033d8   0x0000000a   Code   RO         4428    i.USBH_ClosePipe    usbh_pipes.o
    0x080033e2   0x080033e2   0x0000001e   Code   RO         4469    i.USBH_ClrFeature   usbh_ctlreq.o
    0x08003400   0x08003400   0x0000001e   Code   RO         4227    i.USBH_CtlReceiveData  usbh_ioreq.o
    0x0800341e   0x0800341e   0x0000004a   Code   RO         4470    i.USBH_CtlReq       usbh_ctlreq.o
    0x08003468   0x08003468   0x00000028   Code   RO         4228    i.USBH_CtlSendData  usbh_ioreq.o
    0x08003490   0x08003490   0x0000001e   Code   RO         4229    i.USBH_CtlSendSetup  usbh_ioreq.o
    0x080034ae   0x080034ae   0x00000004   Code   RO          518    i.USBH_Delay        usbh_conf.o
    0x080034b2   0x080034b2   0x00000044   Code   RO         4299    i.USBH_FindInterface  usbh_core.o
    0x080034f6   0x080034f6   0x00000018   Code   RO         4429    i.USBH_FreePipe     usbh_pipes.o
    0x0800350e   0x0800350e   0x00000034   Code   RO         4471    i.USBH_GetDescriptor  usbh_ctlreq.o
    0x08003542   0x08003542   0x0000000e   Code   RO         4472    i.USBH_GetNextDesc  usbh_ctlreq.o
    0x08003550   0x08003550   0x0000002c   Code   RO         4473    i.USBH_Get_CfgDesc  usbh_ctlreq.o
    0x0800357c   0x0800357c   0x0000009a   Code   RO         4474    i.USBH_Get_DevDesc  usbh_ctlreq.o
    0x08003616   0x08003616   0x00000048   Code   RO         4475    i.USBH_Get_StringDesc  usbh_ctlreq.o
    0x0800365e   0x0800365e   0x0000018c   Code   RO         4476    i.USBH_HandleControl  usbh_ctlreq.o
    0x080037ea   0x080037ea   0x00000116   Code   RO         4302    i.USBH_HandleEnum   usbh_core.o
    0x08003900   0x08003900   0x00000068   Code   RO         4303    i.USBH_Init         usbh_core.o
    0x08003968   0x08003968   0x00000020   Code   RO          519    i.USBH_LL_ClosePipe  usbh_conf.o
    0x08003988   0x08003988   0x00000038   Code   RO         4304    i.USBH_LL_Connect   usbh_core.o
    0x080039c0   0x080039c0   0x00000044   Code   RO         4305    i.USBH_LL_Disconnect  usbh_core.o
    0x08003a04   0x08003a04   0x0000001a   Code   RO          521    i.USBH_LL_DriverVBUS  usbh_conf.o
    0x08003a1e   0x08003a1e   0x00000008   Code   RO          522    i.USBH_LL_GetLastXferSize  usbh_conf.o
    0x08003a26   0x08003a26   0x00000022   Code   RO          523    i.USBH_LL_GetSpeed  usbh_conf.o
    0x08003a48   0x08003a48   0x00000008   Code   RO          525    i.USBH_LL_GetURBState  usbh_conf.o
    0x08003a50   0x08003a50   0x0000001e   Code   RO         4306    i.USBH_LL_IncTimer  usbh_core.o
    0x08003a6e   0x08003a6e   0x00000002   PAD
    0x08003a70   0x08003a70   0x00000068   Code   RO          526    i.USBH_LL_Init      usbh_conf.o
    0x08003ad8   0x08003ad8   0x00000012   Code   RO         4307    i.USBH_LL_NotifyURBChange  usbh_core.o
    0x08003aea   0x08003aea   0x0000002a   Code   RO          527    i.USBH_LL_OpenPipe  usbh_conf.o
    0x08003b14   0x08003b14   0x00000020   Code   RO          528    i.USBH_LL_ResetPort  usbh_conf.o
    0x08003b34   0x08003b34   0x00000006   Code   RO         4308    i.USBH_LL_SetTimer  usbh_core.o
    0x08003b3a   0x08003b3a   0x00000020   Code   RO          529    i.USBH_LL_SetToggle  usbh_conf.o
    0x08003b5a   0x08003b5a   0x00000020   Code   RO          530    i.USBH_LL_Start     usbh_conf.o
    0x08003b7a   0x08003b7a   0x00000020   Code   RO          531    i.USBH_LL_Stop      usbh_conf.o
    0x08003b9a   0x08003b9a   0x00000030   Code   RO          532    i.USBH_LL_SubmitURB  usbh_conf.o
    0x08003bca   0x08003bca   0x00000014   Code   RO         4430    i.USBH_OpenPipe     usbh_pipes.o
    0x08003bde   0x08003bde   0x000000e8   Code   RO         4477    i.USBH_ParseCfgDesc  usbh_ctlreq.o
    0x08003cc6   0x08003cc6   0x00000180   Code   RO         4309    i.USBH_Process      usbh_core.o
    0x08003e46   0x08003e46   0x00000022   Code   RO         4310    i.USBH_Process_OS   usbh_core.o
    0x08003e68   0x08003e68   0x0000001c   Code   RO         4312    i.USBH_RegisterClass  usbh_core.o
    0x08003e84   0x08003e84   0x00000016   Code   RO         4313    i.USBH_SelectInterface  usbh_core.o
    0x08003e9a   0x08003e9a   0x0000001c   Code   RO         4478    i.USBH_SetAddress   usbh_ctlreq.o
    0x08003eb6   0x08003eb6   0x0000001c   Code   RO         4479    i.USBH_SetCfg       usbh_ctlreq.o
    0x08003ed2   0x08003ed2   0x00000014   Code   RO         4314    i.USBH_Start        usbh_core.o
    0x08003ee6   0x08003ee6   0x00000002   PAD
    0x08003ee8   0x08003ee8   0x00000020   Code   RO          322    i.USBH_UserProcess  usb_host.o
    0x08003f08   0x08003f08   0x0000006c   Code   RO         1063    i.USB_CoreInit      stm32f4xx_ll_usb.o
    0x08003f74   0x08003f74   0x00000038   Code   RO         1064    i.USB_CoreReset     stm32f4xx_ll_usb.o
    0x08003fac   0x08003fac   0x0000000c   Code   RO         1070    i.USB_DisableGlobalInt  stm32f4xx_ll_usb.o
    0x08003fb8   0x08003fb8   0x00000040   Code   RO         1071    i.USB_DoPing        stm32f4xx_ll_usb.o
    0x08003ff8   0x08003ff8   0x0000002c   Code   RO         1072    i.USB_DriveVbus     stm32f4xx_ll_usb.o
    0x08004024   0x08004024   0x0000000c   Code   RO         1078    i.USB_EnableGlobalInt  stm32f4xx_ll_usb.o
    0x08004030   0x08004030   0x00000020   Code   RO         1079    i.USB_FlushRxFifo   stm32f4xx_ll_usb.o
    0x08004050   0x08004050   0x00000024   Code   RO         1080    i.USB_FlushTxFifo   stm32f4xx_ll_usb.o
    0x08004074   0x08004074   0x00000008   Code   RO         1081    i.USB_GetCurrentFrame  stm32f4xx_ll_usb.o
    0x0800407c   0x0800407c   0x0000000e   Code   RO         1083    i.USB_GetHostSpeed  stm32f4xx_ll_usb.o
    0x0800408a   0x0800408a   0x00000008   Code   RO         1084    i.USB_GetMode       stm32f4xx_ll_usb.o
    0x08004092   0x08004092   0x00000148   Code   RO         1085    i.USB_HC_Halt       stm32f4xx_ll_usb.o
    0x080041da   0x080041da   0x00000002   PAD
    0x080041dc   0x080041dc   0x000000ea   Code   RO         1086    i.USB_HC_Init       stm32f4xx_ll_usb.o
    0x080042c6   0x080042c6   0x0000000c   Code   RO         1087    i.USB_HC_ReadInterrupt  stm32f4xx_ll_usb.o
    0x080042d2   0x080042d2   0x00000002   PAD
    0x080042d4   0x080042d4   0x00000188   Code   RO         1088    i.USB_HC_StartXfer  stm32f4xx_ll_usb.o
    0x0800445c   0x0800445c   0x000000d4   Code   RO         1089    i.USB_HostInit      stm32f4xx_ll_usb.o
    0x08004530   0x08004530   0x00000036   Code   RO         1090    i.USB_InitFSLSPClkSel  stm32f4xx_ll_usb.o
    0x08004566   0x08004566   0x00000008   Code   RO         1095    i.USB_ReadInterrupts  stm32f4xx_ll_usb.o
    0x0800456e   0x0800456e   0x00000020   Code   RO         1096    i.USB_ReadPacket    stm32f4xx_ll_usb.o
    0x0800458e   0x0800458e   0x0000002c   Code   RO         1097    i.USB_ResetPort     stm32f4xx_ll_usb.o
    0x080045ba   0x080045ba   0x0000002c   Code   RO         1098    i.USB_SetCurrentMode  stm32f4xx_ll_usb.o
    0x080045e6   0x080045e6   0x000000b2   Code   RO         1102    i.USB_StopHost      stm32f4xx_ll_usb.o
    0x08004698   0x08004698   0x00000028   Code   RO         1103    i.USB_WritePacket   stm32f4xx_ll_usb.o
    0x080046c0   0x080046c0   0x00000068   Code   RO         5654    i._DoInit           segger_rtt.o
    0x08004728   0x08004728   0x00000044   Code   RO         5881    i._EncodeStr        segger_sysview.o
    0x0800476c   0x0800476c   0x00000002   Code   RO          449    i._Error_Handler    main.o
    0x0800476e   0x0800476e   0x0000008a   Code   RO         5882    i._HandleIncomingPacket  segger_sysview.o
    0x080047f8   0x080047f8   0x000000d4   Code   RO         5885    i._SendPacket       segger_sysview.o
    0x080048cc   0x080048cc   0x00000068   Code   RO         5887    i._TrySendOverflowPacket  segger_sysview.o
    0x08004934   0x08004934   0x0000000e   Code   RO         6414    i.__scatterload_copy  mc_w.l(handlers.o)
    0x08004942   0x08004942   0x00000002   Code   RO         6415    i.__scatterload_null  mc_w.l(handlers.o)
    0x08004944   0x08004944   0x0000000e   Code   RO         6416    i.__scatterload_zeroinit  mc_w.l(handlers.o)
    0x08004952   0x08004952   0x0000001e   Code   RO         6272    i._cbGetTime        segger_sysview_freertos.o
    0x08004970   0x08004970   0x00000058   Code   RO         6328    i._cbSendSystemDesc  segger_sysview_config_freertos.o
    0x080049c8   0x080049c8   0x00000038   Code   RO         6273    i._cbSendTaskList   segger_sysview_freertos.o
    0x08004a00   0x08004a00   0x00000050   Code   RO         6362    i.free              mc_w.l(malloc.o)
    0x08004a50   0x08004a50   0x0000000c   Code   RO         4565    i.inHandlerMode     cmsis_os.o
    0x08004a5c   0x08004a5c   0x00000088   Code   RO          450    i.main              main.o
    0x08004ae4   0x08004ae4   0x0000000c   Code   RO         4567    i.makeFreeRtosPriority  cmsis_os.o
    0x08004af0   0x08004af0   0x0000006c   Code   RO         6363    i.malloc            mc_w.l(malloc.o)
    0x08004b5c   0x08004b5c   0x0000000e   Code   RO         4569    i.osDelay           cmsis_os.o
    0x08004b6a   0x08004b6a   0x0000000a   Code   RO         4572    i.osKernelStart     cmsis_os.o
    0x08004b74   0x08004b74   0x00000008   Code   RO         4581    i.osMessageCreate   cmsis_os.o
    0x08004b7c   0x08004b7c   0x00000098   Code   RO         4583    i.osMessageGet      cmsis_os.o
    0x08004c14   0x08004c14   0x0000005c   Code   RO         4585    i.osMessagePut      cmsis_os.o
    0x08004c70   0x08004c70   0x00000014   Code   RO         4605    i.osSystickHandler  cmsis_os.o
    0x08004c84   0x08004c84   0x0000002e   Code   RO         4606    i.osThreadCreate    cmsis_os.o
    0x08004cb2   0x08004cb2   0x00000002   PAD
    0x08004cb4   0x08004cb4   0x00000070   Code   RO         4941    i.prvAddCurrentTaskToDelayedList  tasks.o
    0x08004d24   0x08004d24   0x000000f0   Code   RO         4942    i.prvAddNewTaskToReadyList  tasks.o
    0x08004e14   0x08004e14   0x00000050   Code   RO         4943    i.prvCheckTasksWaitingTermination  tasks.o
    0x08004e64   0x08004e64   0x00000026   Code   RO         5493    i.prvCopyDataFromQueue  queue.o
    0x08004e8a   0x08004e8a   0x0000006c   Code   RO         5494    i.prvCopyDataToQueue  queue.o
    0x08004ef6   0x08004ef6   0x00000014   Code   RO         4944    i.prvDeleteTCB      tasks.o
    0x08004f0a   0x08004f0a   0x00000002   PAD
    0x08004f0c   0x08004f0c   0x0000004c   Code   RO         5244    i.prvHeapInit       heap_4.o
    0x08004f58   0x08004f58   0x00000028   Code   RO         4945    i.prvIdleTask       tasks.o
    0x08004f80   0x08004f80   0x0000008e   Code   RO         4946    i.prvInitialiseNewTask  tasks.o
    0x0800500e   0x0800500e   0x00000002   PAD
    0x08005010   0x08005010   0x0000004c   Code   RO         5245    i.prvInsertBlockIntoFreeList  heap_4.o
    0x0800505c   0x0800505c   0x0000001c   Code   RO         5495    i.prvIsQueueEmpty   queue.o
    0x08005078   0x08005078   0x00000020   Code   RO         4947    i.prvResetNextTaskUnblockTime  tasks.o
    0x08005098   0x08005098   0x00000028   Code   RO         5416    i.prvTaskExitError  port.o
    0x080050c0   0x080050c0   0x0000006a   Code   RO         5496    i.prvUnlockQueue    queue.o
    0x0800512a   0x0800512a   0x00000002   PAD
    0x0800512c   0x0800512c   0x000000d8   Code   RO         5246    i.pvPortMalloc      heap_4.o
    0x08005204   0x08005204   0x00000018   Code   RO         4949    i.pvTaskIncrementMutexHeldCount  tasks.o
    0x0800521c   0x0800521c   0x0000002c   Code   RO         5417    i.pxPortInitialiseStack  port.o
    0x08005248   0x08005248   0x00000024   Code   RO         5305    i.uxListRemove      list.o
    0x0800526c   0x0800526c   0x00000016   Code   RO         5306    i.vListInitialise   list.o
    0x08005282   0x08005282   0x00000006   Code   RO         5307    i.vListInitialiseItem  list.o
    0x08005288   0x08005288   0x00000030   Code   RO         5308    i.vListInsert       list.o
    0x080052b8   0x080052b8   0x00000018   Code   RO         5309    i.vListInsertEnd    list.o
    0x080052d0   0x080052d0   0x00000040   Code   RO         5419    i.vPortEnterCritical  port.o
    0x08005310   0x08005310   0x00000028   Code   RO         5420    i.vPortExitCritical  port.o
    0x08005338   0x08005338   0x0000005c   Code   RO         5247    i.vPortFree         heap_4.o
    0x08005394   0x08005394   0x00000020   Code   RO         5421    i.vPortSetupTimerInterrupt  port.o
    0x080053b4   0x080053b4   0x00000054   Code   RO         5422    i.vPortValidateInterruptPriority  port.o
    0x08005408   0x08005408   0x0000001c   Code   RO          451    i.vTaskBTN          main.o
    0x08005424   0x08005424   0x00000054   Code   RO         4955    i.vTaskDelay        tasks.o
    0x08005478   0x08005478   0x00000008   Code   RO          452    i.vTaskLED          main.o
    0x08005480   0x08005480   0x0000000c   Code   RO         4958    i.vTaskMissedYield  tasks.o
    0x0800548c   0x0800548c   0x00000030   Code   RO         4960    i.vTaskPlaceOnEventList  tasks.o
    0x080054bc   0x080054bc   0x0000009c   Code   RO         4962    i.vTaskPriorityInherit  tasks.o
    0x08005558   0x08005558   0x00000024   Code   RO         4965    i.vTaskSetTimeOutState  tasks.o
    0x0800557c   0x0800557c   0x00000068   Code   RO         4966    i.vTaskStartScheduler  tasks.o
    0x080055e4   0x080055e4   0x00000010   Code   RO         4968    i.vTaskSuspendAll   tasks.o
    0x080055f4   0x080055f4   0x00000084   Code   RO         4969    i.vTaskSwitchContext  tasks.o
    0x08005678   0x08005678   0x000000e0   Code   RO         5423    i.xPortStartScheduler  port.o
    0x08005758   0x08005758   0x00000030   Code   RO         5424    i.xPortSysTickHandler  port.o
    0x08005788   0x08005788   0x0000005a   Code   RO         5504    i.xQueueGenericCreate  queue.o
    0x080057e2   0x080057e2   0x00000002   PAD
    0x080057e4   0x080057e4   0x000001c0   Code   RO         5505    i.xQueueGenericReceive  queue.o
    0x080059a4   0x080059a4   0x00000088   Code   RO         5506    i.xQueueGenericReset  queue.o
    0x08005a2c   0x08005a2c   0x00000188   Code   RO         5507    i.xQueueGenericSend  queue.o
    0x08005bb4   0x08005bb4   0x000000dc   Code   RO         5508    i.xQueueGenericSendFromISR  queue.o
    0x08005c90   0x08005c90   0x000000d0   Code   RO         5513    i.xQueueReceiveFromISR  queue.o
    0x08005d60   0x08005d60   0x0000006c   Code   RO         4970    i.xTaskCheckForTimeOut  tasks.o
    0x08005dcc   0x08005dcc   0x00000056   Code   RO         4971    i.xTaskCreate       tasks.o
    0x08005e22   0x08005e22   0x00000002   PAD
    0x08005e24   0x08005e24   0x0000001c   Code   RO         4975    i.xTaskGetSchedulerState  tasks.o
    0x08005e40   0x08005e40   0x00000010   Code   RO         4977    i.xTaskGetTickCountFromISR  tasks.o
    0x08005e50   0x08005e50   0x000000d0   Code   RO         4978    i.xTaskIncrementTick  tasks.o
    0x08005f20   0x08005f20   0x000000ac   Code   RO         4981    i.xTaskPriorityDisinherit  tasks.o
    0x08005fcc   0x08005fcc   0x0000007c   Code   RO         4982    i.xTaskRemoveFromEventList  tasks.o
    0x08006048   0x08006048   0x000000d0   Code   RO         4984    i.xTaskResumeAll    tasks.o
    0x08006118   0x08006118   0x00000014   Data   RO          453    .constdata          main.o
    0x0800612c   0x0800612c   0x00000010   Data   RO          712    .constdata          system_stm32f4xx.o
    0x0800613c   0x0800613c   0x00000008   Data   RO          713    .constdata          system_stm32f4xx.o
    0x08006144   0x08006144   0x0000001c   Data   RO         4316    .constdata          usbh_core.o
    0x08006160   0x08006160   0x0000001a   Data   RO         5891    .constdata          segger_sysview.o
    0x0800617a   0x0800617a   0x00000002   PAD
    0x0800617c   0x0800617c   0x00000008   Data   RO         6275    .constdata          segger_sysview_freertos.o
    0x08006184   0x08006184   0x0000000c   Data   RO          454    .conststring        main.o
    0x08006190   0x08006190   0x00000004   Data   RO         4123    .conststring        usbh_cdc.o
    0x08006194   0x08006194   0x0000000c   Data   RO         4317    .conststring        usbh_core.o
    0x080061a0   0x080061a0   0x00000050   Data   RO         6276    .conststring        segger_sysview_freertos.o
    0x080061f0   0x080061f0   0x00000020   Data   RO         6412    Region$$Table       anon$$obj.o


    Execution Region RW_IRAM1 (Exec base: 0x20000000, Load base: 0x08006210, Size: 0x000055a0, Max: 0x00020000, ABSOLUTE)

    Exec Addr    Load Addr    Size         Type   Attr      Idx    E Section Name        Object

    0x20000000   0x08006210   0x00000001   Data   RW          324    .data               usb_host.o
    0x20000001   0x08006211   0x00000003   PAD
    0x20000004   0x08006214   0x00000004   Data   RW          456    .data               main.o
    0x20000008   0x08006218   0x00000004   Data   RW          714    .data               system_stm32f4xx.o
    0x2000000c   0x0800621c   0x0000000c   Data   RW         1367    .data               stm32f4xx_hal.o
    0x20000018   0x08006228   0x00000020   Data   RW         4124    .data               usbh_cdc.o
    0x20000038   0x08006248   0x0000003c   Data   RW         4987    .data               tasks.o
    0x20000074   0x08006284   0x00000018   Data   RW         5252    .data               heap_4.o
    0x2000008c   0x0800629c   0x0000000c   Data   RW         5425    .data               port.o
    0x20000098   0x080062a8   0x00000010   Data   RW         5892    .data               segger_sysview.o
    0x200000a8   0x080062b8   0x00000004   Data   RW         6277    .data               segger_sysview_freertos.o
    0x200000ac   0x080062bc   0x00000004   Data   RW         6408    .data               mc_w.l(mvars.o)
    0x200000b0   0x080062c0   0x00000004   Data   RW         6409    .data               mc_w.l(mvars.o)
    0x200000b4        -       0x0000003c   Zero   RW           16    .bss                stm32f4xx_hal_timebase_tim.o
    0x200000f0        -       0x000003d0   Zero   RW          323    .bss                usb_host.o
    0x200004c0        -       0x00000298   Zero   RW          533    .bss                usbh_conf.o
    0x20000758        -       0x000000f4   Zero   RW          664    .bss                configurations.o
    0x2000084c        -       0x000000f0   Zero   RW         4986    .bss                tasks.o
    0x2000093c        -       0x00003c00   Zero   RW         5251    .bss                heap_4.o
    0x2000453c        -       0x000004b8   Zero   RW         5659    .bss                segger_rtt.o
    0x200049f4        -       0x0000050b   Zero   RW         5890    .bss                segger_sysview.o
    0x20004eff   0x080062c4   0x00000001   PAD
    0x20004f00        -       0x000000a0   Zero   RW         6274    .bss                segger_sysview_freertos.o
    0x20004fa0        -       0x00000200   Zero   RW            2    HEAP                startup_stm32f407xx.o
    0x200051a0        -       0x00000400   Zero   RW            1    STACK               startup_stm32f407xx.o


==============================================================================

Image component sizes


      Code (inc. data)   RO Data    RW Data    ZI Data      Debug   Object Name

       366         12          0          0          0      17700   cmsis_os.o
       872        158          0          0        244       3817   configurations.o
       460         24          0         24      15360       7231   heap_4.o
       136          0          0          0          0       3450   list.o
       234         60         32          4          0       4030   main.o
       762         82          0         12          0      11717   port.o
      1774         14          0          0          0      13772   queue.o
       532         50          0          0       1208       8489   segger_rtt.o
      2178        172         26         16       1291      29435   segger_sysview.o
       128         82          0          0          0       1022   segger_sysview_config_freertos.o
       290         30         88          4        160       4659   segger_sysview_freertos.o
        36          8        392          0       1536        820   startup_stm32f407xx.o
       116         18          0         12          0       3802   stm32f4xx_hal.o
       218         14          0          0          0      30929   stm32f4xx_hal_cortex.o
       474         50          0          0          0       3584   stm32f4xx_hal_gpio.o
      2198          4          0          0          0      13105   stm32f4xx_hal_hcd.o
       264         10          0          0          0       2955   stm32f4xx_hal_i2c.o
       630         18          0          0          0       4089   stm32f4xx_hal_i2s.o
       754         26          0          0          0       3531   stm32f4xx_hal_i2s_ex.o
       336         42          0          0          0       2764   stm32f4xx_hal_msp.o
      1336         92          0          0          0       6165   stm32f4xx_hal_rcc.o
       408         36          0          0          0       2233   stm32f4xx_hal_rcc_ex.o
       128          0          0          0          0       1183   stm32f4xx_hal_spi.o
       638         44          0          0          0       6894   stm32f4xx_hal_tim.o
         4          0          0          0          0       1562   stm32f4xx_hal_tim_ex.o
       116         16          0          0         60     694280   stm32f4xx_hal_timebase_tim.o
        34         12          0          0          0      26968   stm32f4xx_it.o
      1972         48          0          0          0      16839   stm32f4xx_ll_usb.o
        84         18         24          4          0       1111   system_stm32f4xx.o
      2228        192          0         60        240      32284   tasks.o
        76         18          0          1        976       9304   usb_host.o
       904          6          4         32          0      12476   usbh_cdc.o
       586         36          0          0        664      10928   usbh_conf.o
      1188         26         40          0          0      10918   usbh_core.o
      1124         12          0          0          0       9628   usbh_ctlreq.o
       172          0          0          0          0       4256   usbh_ioreq.o
       106          0          0          0          0       3290   usbh_pipes.o
        20          4          0          0          0        970   usbh_platform.o

    ----------------------------------------------------------------------
     23914       1434        640        172      21740    1022190   Object Totals
         0          0         32          0          0          0   (incl. Generated)
        32          0          2          3          1          0   (incl. Padding)

    ----------------------------------------------------------------------

      Code (inc. data)   RO Data    RW Data    ZI Data      Debug   Library Member Name

         0          0          0          0          0          0   entry.o
         0          0          0          0          0          0   entry10a.o
         0          0          0          0          0          0   entry11a.o
         8          4          0          0          0          0   entry2.o
         4          0          0          0          0          0   entry5.o
         0          0          0          0          0          0   entry7b.o
         0          0          0          0          0          0   entry8b.o
         8          4          0          0          0          0   entry9a.o
        30          0          0          0          0          0   handlers.o
        36          8          0          0          0         68   init.o
        30          0          0          0          0         68   llshl.o
        32          0          0          0          0         68   llushr.o
       188         20          0          0          0        160   malloc.o
        26          0          0          0          0         80   memcmp.o
        36          0          0          0          0         68   memcpya.o
        36          0          0          0          0        108   memseta.o
         0          0          0          8          0          0   mvars.o
        18          0          0          0          0         68   strcpy.o
        98          0          0          0          0         92   uldiv.o

    ----------------------------------------------------------------------
       550         36          0          8          0        780   Library Totals
         0          0          0          0          0          0   (incl. Padding)

    ----------------------------------------------------------------------

      Code (inc. data)   RO Data    RW Data    ZI Data      Debug   Library Name

       550         36          0          8          0        780   mc_w.l

    ----------------------------------------------------------------------
       550         36          0          8          0        780   Library Totals

    ----------------------------------------------------------------------

==============================================================================


      Code (inc. data)   RO Data    RW Data    ZI Data      Debug   

     24464       1470        640        180      21740     996310   Grand Totals
     24464       1470        640        180      21740     996310   ELF Image Totals
     24464       1470        640        180          0          0   ROM Totals

==============================================================================

    Total RO  Size (Code + RO Data)                25104 (  24.52kB)
    Total RW  Size (RW Data + ZI Data)             21920 (  21.41kB)
    Total ROM Size (Code + RO Data + RW Data)      25284 (  24.69kB)

==============================================================================

