Component: ARM Compiler 5.06 update 5 (build 528) Tool: armlink [4d35e2]

==============================================================================

Section Cross References

    startup_stm32f407xx.o(RESET) refers to startup_stm32f407xx.o(STACK) for __initial_sp
    startup_stm32f407xx.o(RESET) refers to startup_stm32f407xx.o(.text) for Reset_Handler
    startup_stm32f407xx.o(RESET) refers to port.o(.emb_text) for SVC_Handler
    startup_stm32f407xx.o(RESET) refers to stm32f4xx_it.o(i.SysTick_Handler) for SysTick_Handler
    startup_stm32f407xx.o(RESET) refers to stm32f4xx_it.o(i.TIM1_UP_TIM10_IRQHandler) for TIM1_UP_TIM10_IRQHandler
    startup_stm32f407xx.o(RESET) refers to stm32f4xx_it.o(i.OTG_FS_IRQHandler) for OTG_FS_IRQHandler
    startup_stm32f407xx.o(.text) refers to system_stm32f4xx.o(i.SystemInit) for SystemInit
    startup_stm32f407xx.o(.text) refers to entry.o(.ARM.Collect$$$$00000000) for __main
    usbh_core.o(i.USBH_DeInit) refers to usbh_core.o(i.DeInitStateMachine) for DeInitStateMachine
    usbh_core.o(i.USBH_DeInit) refers to usbh_conf.o(i.USBH_LL_Stop) for USBH_LL_Stop
    usbh_core.o(i.USBH_HandleEnum) refers to usbh_ctlreq.o(i.USBH_Get_DevDesc) for USBH_Get_DevDesc
    usbh_core.o(i.USBH_HandleEnum) refers to usbh_ctlreq.o(i.USBH_SetAddress) for USBH_SetAddress
    usbh_core.o(i.USBH_HandleEnum) refers to usbh_conf.o(i.USBH_Delay) for USBH_Delay
    usbh_core.o(i.USBH_HandleEnum) refers to usbh_pipes.o(i.USBH_OpenPipe) for USBH_OpenPipe
    usbh_core.o(i.USBH_HandleEnum) refers to usbh_ctlreq.o(i.USBH_Get_CfgDesc) for USBH_Get_CfgDesc
    usbh_core.o(i.USBH_HandleEnum) refers to usbh_ctlreq.o(i.USBH_Get_StringDesc) for USBH_Get_StringDesc
    usbh_core.o(i.USBH_HandleEnum) refers to cmsis_os.o(i.osMessagePut) for osMessagePut
    usbh_core.o(i.USBH_Init) refers to usbh_core.o(i.DeInitStateMachine) for DeInitStateMachine
    usbh_core.o(i.USBH_Init) refers to cmsis_os.o(i.osMessageCreate) for osMessageCreate
    usbh_core.o(i.USBH_Init) refers to memcpya.o(.text) for __aeabi_memcpy4
    usbh_core.o(i.USBH_Init) refers to cmsis_os.o(i.osThreadCreate) for osThreadCreate
    usbh_core.o(i.USBH_Init) refers to usbh_conf.o(i.USBH_LL_Init) for USBH_LL_Init
    usbh_core.o(i.USBH_Init) refers to usbh_core.o(.constdata) for .constdata
    usbh_core.o(i.USBH_LL_Connect) refers to cmsis_os.o(i.osMessagePut) for osMessagePut
    usbh_core.o(i.USBH_LL_Disconnect) refers to usbh_conf.o(i.USBH_LL_Stop) for USBH_LL_Stop
    usbh_core.o(i.USBH_LL_Disconnect) refers to usbh_pipes.o(i.USBH_FreePipe) for USBH_FreePipe
    usbh_core.o(i.USBH_LL_Disconnect) refers to usbh_conf.o(i.USBH_LL_Start) for USBH_LL_Start
    usbh_core.o(i.USBH_LL_Disconnect) refers to cmsis_os.o(i.osMessagePut) for osMessagePut
    usbh_core.o(i.USBH_LL_NotifyURBChange) refers to cmsis_os.o(i.osMessagePut) for osMessagePut
    usbh_core.o(i.USBH_Process) refers to usbh_conf.o(i.USBH_Delay) for USBH_Delay
    usbh_core.o(i.USBH_Process) refers to usbh_conf.o(i.USBH_LL_ResetPort) for USBH_LL_ResetPort
    usbh_core.o(i.USBH_Process) refers to usbh_conf.o(i.USBH_LL_GetSpeed) for USBH_LL_GetSpeed
    usbh_core.o(i.USBH_Process) refers to usbh_pipes.o(i.USBH_AllocPipe) for USBH_AllocPipe
    usbh_core.o(i.USBH_Process) refers to usbh_pipes.o(i.USBH_OpenPipe) for USBH_OpenPipe
    usbh_core.o(i.USBH_Process) refers to usbh_core.o(i.USBH_HandleEnum) for USBH_HandleEnum
    usbh_core.o(i.USBH_Process) refers to usbh_ctlreq.o(i.USBH_SetCfg) for USBH_SetCfg
    usbh_core.o(i.USBH_Process) refers to cmsis_os.o(i.osMessagePut) for osMessagePut
    usbh_core.o(i.USBH_Process) refers to usbh_core.o(i.DeInitStateMachine) for DeInitStateMachine
    usbh_core.o(i.USBH_Process_OS) refers to cmsis_os.o(i.osMessageGet) for osMessageGet
    usbh_core.o(i.USBH_Process_OS) refers to usbh_core.o(i.USBH_Process) for USBH_Process
    usbh_core.o(i.USBH_ReEnumerate) refers to usbh_core.o(i.USBH_Stop) for USBH_Stop
    usbh_core.o(i.USBH_ReEnumerate) refers to usbh_conf.o(i.USBH_Delay) for USBH_Delay
    usbh_core.o(i.USBH_ReEnumerate) refers to usbh_core.o(i.DeInitStateMachine) for DeInitStateMachine
    usbh_core.o(i.USBH_ReEnumerate) refers to usbh_core.o(i.USBH_Start) for USBH_Start
    usbh_core.o(i.USBH_ReEnumerate) refers to cmsis_os.o(i.osMessagePut) for osMessagePut
    usbh_core.o(i.USBH_Start) refers to usbh_conf.o(i.USBH_LL_Start) for USBH_LL_Start
    usbh_core.o(i.USBH_Start) refers to usbh_conf.o(i.USBH_LL_DriverVBUS) for USBH_LL_DriverVBUS
    usbh_core.o(i.USBH_Stop) refers to usbh_conf.o(i.USBH_LL_Stop) for USBH_LL_Stop
    usbh_core.o(i.USBH_Stop) refers to usbh_conf.o(i.USBH_LL_DriverVBUS) for USBH_LL_DriverVBUS
    usbh_core.o(i.USBH_Stop) refers to usbh_pipes.o(i.USBH_FreePipe) for USBH_FreePipe
    usbh_core.o(.constdata) refers to usbh_core.o(.conststring) for .conststring
    usbh_core.o(.constdata) refers to usbh_core.o(i.USBH_Process_OS) for USBH_Process_OS
[...]
    i.USBH_CDC_Process                       0x080028d0   Section        0  usbh_cdc.o(i.USBH_CDC_Process)
    USBH_CDC_Process                         0x080028d1   Thumb Code   184  usbh_cdc.o(i.USBH_CDC_Process)
    i.USBH_CDC_ReceiveCallback               0x08002988   Section        0  usbh_cdc.o(i.USBH_CDC_ReceiveCallback)
    i.USBH_CDC_SOFProcess                    0x0800298a   Section        0  usbh_cdc.o(i.USBH_CDC_SOFProcess)
    USBH_CDC_SOFProcess                      0x0800298b   Thumb Code     4  usbh_cdc.o(i.USBH_CDC_SOFProcess)
    i.USBH_CDC_TransmitCallback              0x0800298e   Section        0  usbh_cdc.o(i.USBH_CDC_TransmitCallback)
    i.USBH_ClosePipe                         0x08002990   Section        0  usbh_pipes.o(i.USBH_ClosePipe)
    i.USBH_ClrFeature                        0x0800299a   Section        0  usbh_ctlreq.o(i.USBH_ClrFeature)
    i.USBH_CtlReceiveData                    0x080029b8   Section        0  usbh_ioreq.o(i.USBH_CtlReceiveData)
    i.USBH_CtlReq                            0x080029d6   Section        0  usbh_ctlreq.o(i.USBH_CtlReq)
    i.USBH_CtlSendData                       0x08002a20   Section        0  usbh_ioreq.o(i.USBH_CtlSendData)
    i.USBH_CtlSendSetup                      0x08002a48   Section        0  usbh_ioreq.o(i.USBH_CtlSendSetup)
    i.USBH_Delay                             0x08002a66   Section        0  usbh_conf.o(i.USBH_Delay)
    i.USBH_FindInterface                     0x08002a6a   Section        0  usbh_core.o(i.USBH_FindInterface)
    i.USBH_FreePipe                          0x08002aae   Section        0  usbh_pipes.o(i.USBH_FreePipe)
    i.USBH_GetDescriptor                     0x08002ac6   Section        0  usbh_ctlreq.o(i.USBH_GetDescriptor)
    i.USBH_GetNextDesc                       0x08002afa   Section        0  usbh_ctlreq.o(i.USBH_GetNextDesc)
    i.USBH_Get_CfgDesc                       0x08002b08   Section        0  usbh_ctlreq.o(i.USBH_Get_CfgDesc)
    i.USBH_Get_DevDesc                       0x08002b34   Section        0  usbh_ctlreq.o(i.USBH_Get_DevDesc)
    i.USBH_Get_StringDesc                    0x08002bce   Section        0  usbh_ctlreq.o(i.USBH_Get_StringDesc)
    i.USBH_HandleControl                     0x08002c16   Section        0  usbh_ctlreq.o(i.USBH_HandleControl)
    USBH_HandleControl                       0x08002c17   Thumb Code   396  usbh_ctlreq.o(i.USBH_HandleControl)
    i.USBH_HandleEnum                        0x08002da2   Section        0  usbh_core.o(i.USBH_HandleEnum)
    USBH_HandleEnum                          0x08002da3   Thumb Code   278  usbh_core.o(i.USBH_HandleEnum)
    i.USBH_Init                              0x08002eb8   Section        0  usbh_core.o(i.USBH_Init)
    i.USBH_LL_ClosePipe                      0x08002f20   Section        0  usbh_conf.o(i.USBH_LL_ClosePipe)
    i.USBH_LL_Connect                        0x08002f40   Section        0  usbh_core.o(i.USBH_LL_Connect)
    i.USBH_LL_Disconnect                     0x08002f78   Section        0  usbh_core.o(i.USBH_LL_Disconnect)
    i.USBH_LL_DriverVBUS                     0x08002fbc   Section        0  usbh_conf.o(i.USBH_LL_DriverVBUS)
    i.USBH_LL_GetLastXferSize                0x08002fd6   Section        0  usbh_conf.o(i.USBH_LL_GetLastXferSize)
    i.USBH_LL_GetSpeed                       0x08002fde   Section        0  usbh_conf.o(i.USBH_LL_GetSpeed)
    i.USBH_LL_GetURBState                    0x08003000   Section        0  usbh_conf.o(i.USBH_LL_GetURBState)
    i.USBH_LL_IncTimer                       0x08003008   Section        0  usbh_core.o(i.USBH_LL_IncTimer)
    i.USBH_LL_Init                           0x08003028   Section        0  usbh_conf.o(i.USBH_LL_Init)
    i.USBH_LL_NotifyURBChange                0x08003090   Section        0  usbh_core.o(i.USBH_LL_NotifyURBChange)
    i.USBH_LL_OpenPipe                       0x080030a2   Section        0  usbh_conf.o(i.USBH_LL_OpenPipe)
    i.USBH_LL_ResetPort                      0x080030cc   Section        0  usbh_conf.o(i.USBH_LL_ResetPort)
    i.USBH_LL_SetTimer                       0x080030ec   Section        0  usbh_core.o(i.USBH_LL_SetTimer)
    i.USBH_LL_SetToggle                      0x080030f2   Section        0  usbh_conf.o(i.USBH_LL_SetToggle)
    i.USBH_LL_Start                          0x08003112   Section        0  usbh_conf.o(i.USBH_LL_Start)
    i.USBH_LL_Stop                           0x08003132   Section        0  usbh_conf.o(i.USBH_LL_Stop)
    i.USBH_LL_SubmitURB                      0x08003152   Section        0  usbh_conf.o(i.USBH_LL_SubmitURB)
    i.USBH_OpenPipe                          0x08003182   Section        0  usbh_pipes.o(i.USBH_OpenPipe)
    i.USBH_ParseCfgDesc                      0x08003196   Section        0  usbh_ctlreq.o(i.USBH_ParseCfgDesc)
    USBH_ParseCfgDesc                        0x08003197   Thumb Code   232  usbh_ctlreq.o(i.USBH_ParseCfgDesc)
    i.USBH_Process                           0x0800327e   Section        0  usbh_core.o(i.USBH_Process)
    i.USBH_Process_OS                        0x080033fe   Section        0  usbh_core.o(i.USBH_Process_OS)
    USBH_Process_OS                          0x080033ff   Thumb Code    34  usbh_core.o(i.USBH_Process_OS)
    i.USBH_RegisterClass                     0x08003420   Section        0  usbh_core.o(i.USBH_RegisterClass)
    i.USBH_SelectInterface                   0x0800343c   Section        0  usbh_core.o(i.USBH_SelectInterface)
    i.USBH_SetAddress                        0x08003452   Section        0  usbh_ctlreq.o(i.USBH_SetAddress)
    i.USBH_SetCfg                            0x0800346e   Section        0  usbh_ctlreq.o(i.USBH_SetCfg)
    i.USBH_Start                             0x0800348a   Section        0  usbh_core.o(i.USBH_Start)
    i.USBH_UserProcess                       0x080034a0   Section        0  usb_host.o(i.USBH_UserProcess)
    USBH_UserProcess                         0x080034a1   Thumb Code    28  usb_host.o(i.USBH_UserProcess)
    i.USB_CoreInit                           0x080034c0   Section        0  stm32f4xx_ll_usb.o(i.USB_CoreInit)
    i.USB_CoreReset                          0x0800352c   Section        0  stm32f4xx_ll_usb.o(i.USB_CoreReset)
    USB_CoreReset                            0x0800352d   Thumb Code    50  stm32f4xx_ll_usb.o(i.USB_CoreReset)
    i.USB_DisableGlobalInt                   0x08003564   Section        0  stm32f4xx_ll_usb.o(i.USB_DisableGlobalInt)
    i.USB_DoPing                             0x08003570   Section        0  stm32f4xx_ll_usb.o(i.USB_DoPing)
    i.USB_DriveVbus                          0x080035b0   Section        0  stm32f4xx_ll_usb.o(i.USB_DriveVbus)
    i.USB_EnableGlobalInt                    0x080035dc   Section        0  stm32f4xx_ll_usb.o(i.USB_EnableGlobalInt)
    i.USB_FlushRxFifo                        0x080035e8   Section        0  stm32f4xx_ll_usb.o(i.USB_FlushRxFifo)
    i.USB_FlushTxFifo                        0x08003608   Section        0  stm32f4xx_ll_usb.o(i.USB_FlushTxFifo)
    i.USB_GetCurrentFrame                    0x0800362c   Section        0  stm32f4xx_ll_usb.o(i.USB_GetCurrentFrame)
    i.USB_GetHostSpeed                       0x08003634   Section        0  stm32f4xx_ll_usb.o(i.USB_GetHostSpeed)
    i.USB_GetMode                            0x08003642   Section        0  stm32f4xx_ll_usb.o(i.USB_GetMode)
    i.USB_HC_Halt                            0x0800364a   Section        0  stm32f4xx_ll_usb.o(i.USB_HC_Halt)
    i.USB_HC_Init                            0x08003794   Section        0  stm32f4xx_ll_usb.o(i.USB_HC_Init)
    i.USB_HC_ReadInterrupt                   0x0800387e   Section        0  stm32f4xx_ll_usb.o(i.USB_HC_ReadInterrupt)
    i.USB_HC_StartXfer                       0x0800388c   Section        0  stm32f4xx_ll_usb.o(i.USB_HC_StartXfer)
    i.USB_HostInit                           0x08003a14   Section        0  stm32f4xx_ll_usb.o(i.USB_HostInit)
    i.USB_InitFSLSPClkSel                    0x08003ae8   Section        0  stm32f4xx_ll_usb.o(i.USB_InitFSLSPClkSel)
    i.USB_ReadInterrupts                     0x08003b1e   Section        0  stm32f4xx_ll_usb.o(i.USB_ReadInterrupts)
    i.USB_ReadPacket                         0x08003b26   Section        0  stm32f4xx_ll_usb.o(i.USB_ReadPacket)
    i.USB_ResetPort                          0x08003b46   Section        0  stm32f4xx_ll_usb.o(i.USB_ResetPort)
    i.USB_SetCurrentMode                     0x08003b72   Section        0  stm32f4xx_ll_usb.o(i.USB_SetCurrentMode)
    i.USB_StopHost                           0x08003b9e   Section        0  stm32f4xx_ll_usb.o(i.USB_StopHost)
    i.USB_WritePacket                        0x08003c50   Section        0  stm32f4xx_ll_usb.o(i.USB_WritePacket)
    i._Error_Handler                         0x08003c78   Section        0  main.o(i._Error_Handler)
    i.__scatterload_copy                     0x08003c7a   Section       14  handlers.o(i.__scatterload_copy)
    i.__scatterload_null                     0x08003c88   Section        2  handlers.o(i.__scatterload_null)
    i.__scatterload_zeroinit                 0x08003c8a   Section       14  handlers.o(i.__scatterload_zeroinit)
    i.free                                   0x08003c98   Section        0  malloc.o(i.free)
    i.inHandlerMode                          0x08003ce8   Section        0  cmsis_os.o(i.inHandlerMode)
    inHandlerMode                            0x08003ce9   Thumb Code    12  cmsis_os.o(i.inHandlerMode)
    i.main                                   0x08003cf4   Section        0  main.o(i.main)
    i.makeFreeRtosPriority                   0x08003d34   Section        0  cmsis_os.o(i.makeFreeRtosPriority)
    makeFreeRtosPriority                     0x08003d35   Thumb Code    12  cmsis_os.o(i.makeFreeRtosPriority)
    i.malloc                                 0x08003d40   Section        0  malloc.o(i.malloc)
    i.osDelay                                0x08003dac   Section        0  cmsis_os.o(i.osDelay)
    i.osKernelStart                          0x08003dba   Section        0  cmsis_os.o(i.osKernelStart)
    i.osMessageCreate                        0x08003dc4   Section        0  cmsis_os.o(i.osMessageCreate)
    i.osMessageGet                           0x08003dcc   Section        0  cmsis_os.o(i.osMessageGet)
    i.osMessagePut                           0x08003e64   Section        0  cmsis_os.o(i.osMessagePut)
    i.osSystickHandler                       0x08003ec0   Section        0  cmsis_os.o(i.osSystickHandler)
    i.osThreadCreate                         0x08003ed4   Section        0  cmsis_os.o(i.osThreadCreate)
    i.prvAddCurrentTaskToDelayedList         0x08003f04   Section        0  tasks.o(i.prvAddCurrentTaskToDelayedList)
    prvAddCurrentTaskToDelayedList           0x08003f05   Thumb Code   102  tasks.o(i.prvAddCurrentTaskToDelayedList)
    i.prvAddNewTaskToReadyList               0x08003f74   Section        0  tasks.o(i.prvAddNewTaskToReadyList)
    prvAddNewTaskToReadyList                 0x08003f75   Thumb Code   194  tasks.o(i.prvAddNewTaskToReadyList)
    i.prvCheckTasksWaitingTermination        0x08004044   Section        0  tasks.o(i.prvCheckTasksWaitingTermination)
    prvCheckTasksWaitingTermination          0x08004045   Thumb Code    70  tasks.o(i.prvCheckTasksWaitingTermination)
    i.prvCopyDataFromQueue                   0x08004094   Section        0  queue.o(i.prvCopyDataFromQueue)
    prvCopyDataFromQueue                     0x08004095   Thumb Code    38  queue.o(i.prvCopyDataFromQueue)
    i.prvCopyDataToQueue                     0x080040ba   Section        0  queue.o(i.prvCopyDataToQueue)
    prvCopyDataToQueue                       0x080040bb   Thumb Code   108  queue.o(i.prvCopyDataToQueue)
    i.prvDeleteTCB                           0x08004126   Section        0  tasks.o(i.prvDeleteTCB)
    prvDeleteTCB                             0x08004127   Thumb Code    20  tasks.o(i.prvDeleteTCB)
    i.prvHeapInit                            0x0800413c   Section        0  heap_4.o(i.prvHeapInit)
    prvHeapInit                              0x0800413d   Thumb Code    66  heap_4.o(i.prvHeapInit)
    i.prvIdleTask                            0x08004188   Section        0  tasks.o(i.prvIdleTask)
    prvIdleTask                              0x08004189   Thumb Code    30  tasks.o(i.prvIdleTask)
    i.prvInitialiseNewTask                   0x080041b0   Section        0  tasks.o(i.prvInitialiseNewTask)
    prvInitialiseNewTask                     0x080041b1   Thumb Code   142  tasks.o(i.prvInitialiseNewTask)
    i.prvInsertBlockIntoFreeList             0x08004240   Section        0  heap_4.o(i.prvInsertBlockIntoFreeList)
    prvInsertBlockIntoFreeList               0x08004241   Thumb Code    72  heap_4.o(i.prvInsertBlockIntoFreeList)
    i.prvIsQueueEmpty                        0x0800428c   Section        0  queue.o(i.prvIsQueueEmpty)
    prvIsQueueEmpty                          0x0800428d   Thumb Code    28  queue.o(i.prvIsQueueEmpty)
    i.prvResetNextTaskUnblockTime            0x080042a8   Section        0  tasks.o(i.prvResetNextTaskUnblockTime)
    prvResetNextTaskUnblockTime              0x080042a9   Thumb Code    26  tasks.o(i.prvResetNextTaskUnblockTime)
    i.prvTaskExitError                       0x080042c8   Section        0  port.o(i.prvTaskExitError)
    prvTaskExitError                         0x080042c9   Thumb Code    36  port.o(i.prvTaskExitError)
    i.prvUnlockQueue                         0x080042f0   Section        0  queue.o(i.prvUnlockQueue)
    prvUnlockQueue                           0x080042f1   Thumb Code   106  queue.o(i.prvUnlockQueue)
    i.pvPortMalloc                           0x0800435c   Section        0  heap_4.o(i.pvPortMalloc)
    i.pvTaskIncrementMutexHeldCount          0x08004434   Section        0  tasks.o(i.pvTaskIncrementMutexHeldCount)
    i.pxPortInitialiseStack                  0x0800444c   Section        0  port.o(i.pxPortInitialiseStack)
    i.uxListRemove                           0x08004478   Section        0  list.o(i.uxListRemove)
    i.vListInitialise                        0x0800449c   Section        0  list.o(i.vListInitialise)
    i.vListInitialiseItem                    0x080044b2   Section        0  list.o(i.vListInitialiseItem)
    i.vListInsert                            0x080044b8   Section        0  list.o(i.vListInsert)
    i.vListInsertEnd                         0x080044e8   Section        0  list.o(i.vListInsertEnd)
    i.vPortEnterCritical                     0x08004500   Section        0  port.o(i.vPortEnterCritical)
    i.vPortExitCritical                      0x08004540   Section        0  port.o(i.vPortExitCritical)
    i.vPortFree                              0x08004568   Section        0  heap_4.o(i.vPortFree)
    i.vPortSetupTimerInterrupt               0x080045c4   Section        0  port.o(i.vPortSetupTimerInterrupt)
    i.vPortValidateInterruptPriority         0x080045e4   Section        0  port.o(i.vPortValidateInterruptPriority)
    i.vTaskDelay                             0x08004638   Section        0  tasks.o(i.vTaskDelay)
    i.vTaskMissedYield                       0x08004684   Section        0  tasks.o(i.vTaskMissedYield)
    i.vTaskPlaceOnEventList                  0x08004690   Section        0  tasks.o(i.vTaskPlaceOnEventList)
    i.vTaskPriorityInherit                   0x080046c0   Section        0  tasks.o(i.vTaskPriorityInherit)
    i.vTaskSetTimeOutState                   0x08004744   Section        0  tasks.o(i.vTaskSetTimeOutState)
    i.vTaskStartScheduler                    0x08004768   Section        0  tasks.o(i.vTaskStartScheduler)
    i.vTaskSuspendAll                        0x080047d0   Section        0  tasks.o(i.vTaskSuspendAll)
    i.vTaskSwitchContext                     0x080047e0   Section        0  tasks.o(i.vTaskSwitchContext)
    i.xPortStartScheduler                    0x0800483c   Section        0  port.o(i.xPortStartScheduler)
    i.xPortSysTickHandler                    0x0800491c   Section        0  port.o(i.xPortSysTickHandler)
    i.xQueueGenericCreate                    0x08004948   Section        0  queue.o(i.xQueueGenericCreate)
    i.xQueueGenericReceive                   0x08004990   Section        0  queue.o(i.xQueueGenericReceive)
    i.xQueueGenericReset                     0x08004afc   Section        0  queue.o(i.xQueueGenericReset)
    i.xQueueGenericSend                      0x08004b84   Section        0  queue.o(i.xQueueGenericSend)
    i.xQueueGenericSendFromISR               0x08004ce4   Section        0  queue.o(i.xQueueGenericSendFromISR)
    i.xQueueReceiveFromISR                   0x08004da0   Section        0  queue.o(i.xQueueReceiveFromISR)
    i.xTaskCheckForTimeOut                   0x08004e3c   Section        0  tasks.o(i.xTaskCheckForTimeOut)
    i.xTaskCreate                            0x08004ea8   Section        0  tasks.o(i.xTaskCreate)
    i.xTaskGetSchedulerState                 0x08004f00   Section        0  tasks.o(i.xTaskGetSchedulerState)
    i.xTaskIncrementTick                     0x08004f1c   Section        0  tasks.o(i.xTaskIncrementTick)
    i.xTaskPriorityDisinherit                0x08004fe4   Section        0  tasks.o(i.xTaskPriorityDisinherit)
    i.xTaskRemoveFromEventList               0x0800507c   Section        0  tasks.o(i.xTaskRemoveFromEventList)
    i.xTaskResumeAll                         0x080050f0   Section        0  tasks.o(i.xTaskResumeAll)
    .constdata                               0x080051b4   Section       28  usbh_core.o(.constdata)
    .constdata                               0x080051d0   Section       16  system_stm32f4xx.o(.constdata)
    .constdata                               0x080051e0   Section        8  system_stm32f4xx.o(.constdata)
    .constdata                               0x080051e8   Section       20  main.o(.constdata)
    .conststring                             0x080051fc   Section       12  usbh_core.o(.conststring)
    .conststring                             0x08005208   Section        4  usbh_cdc.o(.conststring)
    .conststring                             0x0800520c   Section       12  main.o(.conststring)
    .data                                    0x20000000   Section       32  usbh_cdc.o(.data)
    .data                                    0x20000020   Section        4  system_stm32f4xx.o(.data)
    .data                                    0x20000024   Section       24  heap_4.o(.data)
    pxEnd                                    0x20000024   Data           4  heap_4.o(.data)
    xFreeBytesRemaining                      0x20000028   Data           4  heap_4.o(.data)
    xMinimumEverFreeBytesRemaining           0x2000002c   Data           4  heap_4.o(.data)
    xBlockAllocatedBit                       0x20000030   Data           4  heap_4.o(.data)
    xStart                                   0x20000034   Data           8  heap_4.o(.data)
    .data                                    0x2000003c   Section       12  port.o(.data)
    ucMaxSysCallPriority                     0x2000003c   Data           1  port.o(.data)
    uxCriticalNesting                        0x20000040   Data           4  port.o(.data)
    ulMaxPRIGROUPValue                       0x20000044   Data           4  port.o(.data)
    .data                                    0x20000048   Section       60  tasks.o(.data)
    uxDeletedTasksWaitingCleanUp             0x2000004c   Data           4  tasks.o(.data)
    uxCurrentNumberOfTasks                   0x20000050   Data           4  tasks.o(.data)
    xTickCount                               0x20000054   Data           4  tasks.o(.data)
    uxTopReadyPriority                       0x20000058   Data           4  tasks.o(.data)
    xSchedulerRunning                        0x2000005c   Data           4  tasks.o(.data)
    uxPendedTicks                            0x20000060   Data           4  tasks.o(.data)
    xYieldPending                            0x20000064   Data           4  tasks.o(.data)
    xNumOfOverflows                          0x20000068   Data           4  tasks.o(.data)
    uxTaskNumber                             0x2000006c   Data           4  tasks.o(.data)
    xNextTaskUnblockTime                     0x20000070   Data           4  tasks.o(.data)
    xIdleTaskHandle                          0x20000074   Data           4  tasks.o(.data)
    uxSchedulerSuspended                     0x20000078   Data           4  tasks.o(.data)
    pxDelayedTaskList                        0x2000007c   Data           4  tasks.o(.data)
    pxOverflowDelayedTaskList                0x20000080   Data           4  tasks.o(.data)
    .data                                    0x20000084   Section        4  main.o(.data)
    .data                                    0x20000088   Section        1  usb_host.o(.data)
    .data                                    0x2000008c   Section       12  stm32f4xx_hal.o(.data)
    .data                                    0x20000098   Section        4  mvars.o(.data)
    .data                                    0x2000009c   Section        4  mvars.o(.data)
    .bss                                     0x200000a0   Section    15360  heap_4.o(.bss)
    ucHeap                                   0x200000a0   Data       15360  heap_4.o(.bss)
    .bss                                     0x20003ca0   Section      240  tasks.o(.bss)
    pxReadyTasksLists                        0x20003ca0   Data         140  tasks.o(.bss)
    xDelayedTaskList1                        0x20003d2c   Data          20  tasks.o(.bss)
    xDelayedTaskList2                        0x20003d40   Data          20  tasks.o(.bss)
    xPendingReadyList                        0x20003d54   Data          20  tasks.o(.bss)
    xTasksWaitingTermination                 0x20003d68   Data          20  tasks.o(.bss)
    xSuspendedTaskList                       0x20003d7c   Data          20  tasks.o(.bss)
    .bss                                     0x20003d90   Section      664  usbh_conf.o(.bss)
    .bss                                     0x20004028   Section      244  main.o(.bss)
    .bss                                     0x2000411c   Section       60  stm32f4xx_hal_timebase_tim.o(.bss)
    .bss                                     0x20004158   Section      976  usb_host.o(.bss)
    HEAP                                     0x20004528   Section      512  startup_stm32f407xx.o(HEAP)
    STACK                                    0x20004728   Section     1024  startup_stm32f407xx.o(STACK)

    Global Symbols

    Symbol Name                              Value     Ov Type        Size  Object(Section)

    BuildAttributes$$THM_ISAv4$E$P$D$K$B$S$7EM$VFPi3$EXTD16$VFPS$VFMA$PE$A:L22UL41UL21$X:L11$S22US41US21$IEEE1$IW$USESV6$~STKCKD$USESV7$~SHL$OSPACE$EBA8$MICROLIB$REQ8$PRES8$EABIv2 0x00000000   Number         0  anon$$obj.o ABSOLUTE
    __ARM_use_no_argv                        0x00000000   Number         0  main.o ABSOLUTE
    __cpp_initialize__aeabi_                  - Undefined Weak Reference
    __cxa_finalize                            - Undefined Weak Reference
    __decompress                              - Undefined Weak Reference
    _clock_init                               - Undefined Weak Reference
    _microlib_exit                            - Undefined Weak Reference
    __Vectors_Size                           0x00000188   Number         0  startup_stm32f407xx.o ABSOLUTE
    __Vectors                                0x08000000   Data           4  startup_stm32f407xx.o(RESET)
    __Vectors_End                            0x08000188   Data           0  startup_stm32f407xx.o(RESET)
    __main                                   0x08000189   Thumb Code     0  entry.o(.ARM.Collect$$$$00000000)
    _main_stk                                0x08000189   Thumb Code     0  entry2.o(.ARM.Collect$$$$00000001)
    _main_scatterload                        0x0800018d   Thumb Code     0  entry5.o(.ARM.Collect$$$$00000004)
    __main_after_scatterload                 0x08000191   Thumb Code     0  entry5.o(.ARM.Collect$$$$00000004)
    _main_clock                              0x08000191   Thumb Code     0  entry7b.o(.ARM.Collect$$$$00000008)
    _main_cpp_init                           0x08000191   Thumb Code     0  entry8b.o(.ARM.Collect$$$$0000000A)
    _main_init                               0x08000191   Thumb Code     0  entry9a.o(.ARM.Collect$$$$0000000B)
    __rt_final_cpp                           0x08000199   Thumb Code     0  entry10a.o(.ARM.Collect$$$$0000000D)
    __rt_final_exit                          0x08000199   Thumb Code     0  entry11a.o(.ARM.Collect$$$$0000000F)
    SVC_Handler                              0x0800019d   Thumb Code    28  port.o(.emb_text)
    __asm___6_port_c_39a90d8d__prvStartFirstTask 0x080001bd   Thumb Code    28  port.o(.emb_text)
    __asm___6_port_c_39a90d8d__prvEnableVFP  0x080001dd   Thumb Code    16  port.o(.emb_text)
    PendSV_Handler                           0x080001f1   Thumb Code    92  port.o(.emb_text)
    vPortGetIPSR                             0x08000251   Thumb Code     6  port.o(.emb_text)
    Reset_Handler                            0x08000259   Thumb Code     8  startup_stm32f407xx.o(.text)
    NMI_Handler                              0x08000261   Thumb Code     2  startup_stm32f407xx.o(.text)
    HardFault_Handler                        0x08000263   Thumb Code     2  startup_stm32f407xx.o(.text)
    MemManage_Handler                        0x08000265   Thumb Code     2  startup_stm32f407xx.o(.text)
    BusFault_Handler                         0x08000267   Thumb Code     2  startup_stm32f407xx.o(.text)
    UsageFault_Handler                       0x08000269   Thumb Code     2  startup_stm32f407xx.o(.text)
    DebugMon_Handler                         0x0800026d   Thumb Code     2  startup_stm32f407xx.o(.text)
    ADC_IRQHandler                           0x08000273   Thumb Code     0  startup_stm32f407xx.o(.text)
    CAN1_RX0_IRQHandler                      0x08000273   Thumb Code     0  startup_stm32f407xx.o(.text)
    CAN1_RX1_IRQHandler                      0x08000273   Thumb Code     0  startup_stm32f407xx.o(.text)
    CAN1_SCE_IRQHandler                      0x08000273   Thumb Code     0  startup_stm32f407xx.o(.text)
    CAN1_TX_IRQHandler                       0x08000273   Thumb Code     0  startup_stm32f407xx.o(.text)
    CAN2_RX0_IRQHandler                      0x08000273   Thumb Code     0  startup_stm32f407xx.o(.text)
    CAN2_RX1_IRQHandler                      0x08000273   Thumb Code     0  startup_stm32f407xx.o(.text)
    CAN2_SCE_IRQHandler                      0x08000273   Thumb Code     0  startup_stm32f407xx.o(.text)
    CAN2_TX_IRQHandler                       0x08000273   Thumb Code     0  startup_stm32f407xx.o(.text)
    DCMI_IRQHandler                          0x08000273   Thumb Code     0  startup_stm32f407xx.o(.text)
    DMA1_Stream0_IRQHandler                  0x08000273   Thumb Code     0  startup_stm32f407xx.o(.text)
    DMA1_Stream1_IRQHandler                  0x08000273   Thumb Code     0  startup_stm32f407xx.o(.text)
    DMA1_Stream2_IRQHandler                  0x08000273   Thumb Code     0  startup_stm32f407xx.o(.text)
    DMA1_Stream3_IRQHandler                  0x08000273   Thumb Code     0  startup_stm32f407xx.o(.text)
    DMA1_Stream4_IRQHandler                  0x08000273   Thumb Code     0  startup_stm32f407xx.o(.text)
    DMA1_Stream5_IRQHandler                  0x08000273   Thumb Code     0  startup_stm32f407xx.o(.text)
    DMA1_Stream6_IRQHandler                  0x08000273   Thumb Code     0  startup_stm32f407xx.o(.text)
    DMA1_Stream7_IRQHandler                  0x08000273   Thumb Code     0  startup_stm32f407xx.o(.text)
    DMA2_Stream0_IRQHandler                  0x08000273   Thumb Code     0  startup_stm32f407xx.o(.text)
    DMA2_Stream1_IRQHandler                  0x08000273   Thumb Code     0  startup_stm32f407xx.o(.text)
    DMA2_Stream2_IRQHandler                  0x08000273   Thumb Code     0  startup_stm32f407xx.o(.text)
    DMA2_Stream3_IRQHandler                  0x08000273   Thumb Code     0  startup_stm32f407xx.o(.text)
    DMA2_Stream4_IRQHandler                  0x08000273   Thumb Code     0  startup_stm32f407xx.o(.text)
    DMA2_Stream5_IRQHandler                  0x08000273   Thumb Code     0  startup_stm32f407xx.o(.text)
    DMA2_Stream6_IRQHandler                  0x08000273   Thumb Code     0  startup_stm32f407xx.o(.text)
    DMA2_Stream7_IRQHandler                  0x08000273   Thumb Code     0  startup_stm32f407xx.o(.text)
    ETH_IRQHandler                           0x08000273   Thumb Code     0  startup_stm32f407xx.o(.text)
    ETH_WKUP_IRQHandler                      0x08000273   Thumb Code     0  startup_stm32f407xx.o(.text)
    EXTI0_IRQHandler                         0x08000273   Thumb Code     0  startup_stm32f407xx.o(.text)
    EXTI15_10_IRQHandler                     0x08000273   Thumb Code     0  startup_stm32f407xx.o(.text)
    EXTI1_IRQHandler                         0x08000273   Thumb Code     0  startup_stm32f407xx.o(.text)
    EXTI2_IRQHandler                         0x08000273   Thumb Code     0  startup_stm32f407xx.o(.text)
    EXTI3_IRQHandler                         0x08000273   Thumb Code     0  startup_stm32f407xx.o(.text)
    EXTI4_IRQHandler                         0x08000273   Thumb Code     0  startup_stm32f407xx.o(.text)
    EXTI9_5_IRQHandler                       0x08000273   Thumb Code     0  startup_stm32f407xx.o(.text)
    FLASH_IRQHandler                         0x08000273   Thumb Code     0  startup_stm32f407xx.o(.text)
    FMC_IRQHandler                           0x08000273   Thumb Code     0  startup_stm32f407xx.o(.text)
    FPU_IRQHandler                           0x08000273   Thumb Code     0  startup_stm32f407xx.o(.text)
    HASH_RNG_IRQHandler                      0x08000273   Thumb Code     0  startup_stm32f407xx.o(.text)
    I2C1_ER_IRQHandler                       0x08000273   Thumb Code     0  startup_stm32f407xx.o(.text)
    I2C1_EV_IRQHandler                       0x08000273   Thumb Code     0  startup_stm32f407xx.o(.text)
    I2C2_ER_IRQHandler                       0x08000273   Thumb Code     0  startup_stm32f407xx.o(.text)
    I2C2_EV_IRQHandler                       0x08000273   Thumb Code     0  startup_stm32f407xx.o(.text)
    I2C3_ER_IRQHandler                       0x08000273   Thumb Code     0  startup_stm32f407xx.o(.text)
    I2C3_EV_IRQHandler                       0x08000273   Thumb Code     0  startup_stm32f407xx.o(.text)
    OTG_FS_WKUP_IRQHandler                   0x08000273   Thumb Code     0  startup_stm32f407xx.o(.text)
    OTG_HS_EP1_IN_IRQHandler                 0x08000273   Thumb Code     0  startup_stm32f407xx.o(.text)
    OTG_HS_EP1_OUT_IRQHandler                0x08000273   Thumb Code     0  startup_stm32f407xx.o(.text)
    OTG_HS_IRQHandler                        0x08000273   Thumb Code     0  startup_stm32f407xx.o(.text)
    OTG_HS_WKUP_IRQHandler                   0x08000273   Thumb Code     0  startup_stm32f407xx.o(.text)
    PVD_IRQHandler                           0x08000273   Thumb Code     0  startup_stm32f407xx.o(.text)
    RCC_IRQHandler                           0x08000273   Thumb Code     0  startup_stm32f407xx.o(.text)
    RTC_Alarm_IRQHandler                     0x08000273   Thumb Code     0  startup_stm32f407xx.o(.text)
    RTC_WKUP_IRQHandler                      0x08000273   Thumb Code     0  startup_stm32f407xx.o(.text)
    SDIO_IRQHandler                          0x08000273   Thumb Code     0  startup_stm32f407xx.o(.text)
    SPI1_IRQHandler                          0x08000273   Thumb Code     0  startup_stm32f407xx.o(.text)
    SPI2_IRQHandler                          0x08000273   Thumb Code     0  startup_stm32f407xx.o(.text)
    SPI3_IRQHandler                          0x08000273   Thumb Code     0  startup_stm32f407xx.o(.text)
    TAMP_STAMP_IRQHandler                    0x08000273   Thumb Code     0  startup_stm32f407xx.o(.text)
    TIM1_BRK_TIM9_IRQHandler                 0x08000273   Thumb Code     0  startup_stm32f407xx.o(.text)
    TIM1_CC_IRQHandler                       0x08000273   Thumb Code     0  startup_stm32f407xx.o(.text)
    TIM1_TRG_COM_TIM11_IRQHandler            0x08000273   Thumb Code     0  startup_stm32f407xx.o(.text)
    TIM2_IRQHandler                          0x08000273   Thumb Code     0  startup_stm32f407xx.o(.text)
    TIM3_IRQHandler                          0x08000273   Thumb Code     0  startup_stm32f407xx.o(.text)
    TIM4_IRQHandler                          0x08000273   Thumb Code     0  startup_stm32f407xx.o(.text)
    TIM5_IRQHandler                          0x08000273   Thumb Code     0  startup_stm32f407xx.o(.text)
    TIM6_DAC_IRQHandler                      0x08000273   Thumb Code     0  startup_stm32f407xx.o(.text)
    TIM7_IRQHandler                          0x08000273   Thumb Code     0  startup_stm32f407xx.o(.text)
    TIM8_BRK_TIM12_IRQHandler                0x08000273   Thumb Code     0  startup_stm32f407xx.o(.text)
    TIM8_CC_IRQHandler                       0x08000273   Thumb Code     0  startup_stm32f407xx.o(.text)
    TIM8_TRG_COM_TIM14_IRQHandler            0x08000273   Thumb Code     0  startup_stm32f407xx.o(.text)
    TIM8_UP_TIM13_IRQHandler                 0x08000273   Thumb Code     0  startup_stm32f407xx.o(.text)
    UART4_IRQHandler                         0x08000273   Thumb Code     0  startup_stm32f407xx.o(.text)
    UART5_IRQHandler                         0x08000273   Thumb Code     0  startup_stm32f407xx.o(.text)
    USART1_IRQHandler                        0x08000273   Thumb Code     0  startup_stm32f407xx.o(.text)
    USART2_IRQHandler                        0x08000273   Thumb Code     0  startup_stm32f407xx.o(.text)
    USART3_IRQHandler                        0x08000273   Thumb Code     0  startup_stm32f407xx.o(.text)
    USART6_IRQHandler                        0x08000273   Thumb Code     0  startup_stm32f407xx.o(.text)
    WWDG_IRQHandler                          0x08000273   Thumb Code     0  startup_stm32f407xx.o(.text)
    __aeabi_uldivmod                         0x0800027d   Thumb Code    98  uldiv.o(.text)
    __aeabi_memcpy                           0x080002df   Thumb Code    36  memcpya.o(.text)
    __aeabi_memcpy4                          0x080002df   Thumb Code     0  memcpya.o(.text)
    __aeabi_memcpy8                          0x080002df   Thumb Code     0  memcpya.o(.text)
    __aeabi_llsl                             0x08000303   Thumb Code    30  llshl.o(.text)
    _ll_shift_l                              0x08000303   Thumb Code     0  llshl.o(.text)
    __aeabi_llsr                             0x08000321   Thumb Code    32  llushr.o(.text)
    _ll_ushift_r                             0x08000321   Thumb Code     0  llushr.o(.text)
    __scatterload                            0x08000341   Thumb Code    28  init.o(.text)
    __scatterload_rt2                        0x08000341   Thumb Code     0  init.o(.text)
    HAL_Delay                                0x080004c1   Thumb Code    32  stm32f4xx_hal.o(i.HAL_Delay)
    HAL_GPIO_Init                            0x080004e5   Thumb Code   388  stm32f4xx_hal_gpio.o(i.HAL_GPIO_Init)
    HAL_GPIO_WritePin                        0x08000695   Thumb Code    10  stm32f4xx_hal_gpio.o(i.HAL_GPIO_WritePin)
    HAL_GetTick                              0x080006a1   Thumb Code     6  stm32f4xx_hal.o(i.HAL_GetTick)
    HAL_HCD_Connect_Callback                 0x080006ad   Thumb Code     8  usbh_conf.o(i.HAL_HCD_Connect_Callback)
    HAL_HCD_Disconnect_Callback              0x080006b5   Thumb Code     8  usbh_conf.o(i.HAL_HCD_Disconnect_Callback)
    HAL_HCD_GetCurrentFrame                  0x080006bd   Thumb Code     6  stm32f4xx_hal_hcd.o(i.HAL_HCD_GetCurrentFrame)
    HAL_HCD_GetCurrentSpeed                  0x080006c3   Thumb Code     6  stm32f4xx_hal_hcd.o(i.HAL_HCD_GetCurrentSpeed)
    HAL_HCD_HC_GetURBState                   0x080006c9   Thumb Code    14  stm32f4xx_hal_hcd.o(i.HAL_HCD_HC_GetURBState)
    HAL_HCD_HC_GetXferCount                  0x080006d7   Thumb Code    12  stm32f4xx_hal_hcd.o(i.HAL_HCD_HC_GetXferCount)
    HAL_HCD_HC_Halt                          0x080006e3   Thumb Code    36  stm32f4xx_hal_hcd.o(i.HAL_HCD_HC_Halt)
    HAL_HCD_HC_Init                          0x08000707   Thumb Code    84  stm32f4xx_hal_hcd.o(i.HAL_HCD_HC_Init)
    HAL_HCD_HC_NotifyURBChange_Callback      0x0800075b   Thumb Code     8  usbh_conf.o(i.HAL_HCD_HC_NotifyURBChange_Callback)
    HAL_HCD_HC_SubmitRequest                 0x08000763   Thumb Code   182  stm32f4xx_hal_hcd.o(i.HAL_HCD_HC_SubmitRequest)
    HAL_HCD_IRQHandler                       0x08000819   Thumb Code   302  stm32f4xx_hal_hcd.o(i.HAL_HCD_IRQHandler)
    HAL_HCD_Init                             0x08000947   Thumb Code    90  stm32f4xx_hal_hcd.o(i.HAL_HCD_Init)
    HAL_HCD_MspInit                          0x080009a1   Thumb Code   110  usbh_conf.o(i.HAL_HCD_MspInit)
    HAL_HCD_ResetPort                        0x08000a19   Thumb Code     6  stm32f4xx_hal_hcd.o(i.HAL_HCD_ResetPort)
    HAL_HCD_SOF_Callback                     0x08000a1f   Thumb Code     8  usbh_conf.o(i.HAL_HCD_SOF_Callback)
    HAL_HCD_Start                            0x08000a27   Thumb Code    44  stm32f4xx_hal_hcd.o(i.HAL_HCD_Start)
    HAL_HCD_Stop                             0x08000a53   Thumb Code    36  stm32f4xx_hal_hcd.o(i.HAL_HCD_Stop)
    HAL_I2C_Init                             0x08000a79   Thumb Code   254  stm32f4xx_hal_i2c.o(i.HAL_I2C_Init)
    HAL_I2C_MspInit                          0x08000b81   Thumb Code    64  stm32f4xx_hal_msp.o(i.HAL_I2C_MspInit)
    HAL_I2SEx_FullDuplex_IRQHandler          0x08000bcd   Thumb Code   476  stm32f4xx_hal_i2s_ex.o(i.HAL_I2SEx_FullDuplex_IRQHandler)
    HAL_I2SEx_TxRxCpltCallback               0x08000db1   Thumb Code     2  stm32f4xx_hal_i2s_ex.o(i.HAL_I2SEx_TxRxCpltCallback)
    HAL_I2S_ErrorCallback                    0x08000db3   Thumb Code     2  stm32f4xx_hal_i2s.o(i.HAL_I2S_ErrorCallback)
    HAL_I2S_Init                             0x08000db5   Thumb Code   366  stm32f4xx_hal_i2s.o(i.HAL_I2S_Init)
    HAL_I2S_MspInit                          0x08000f35   Thumb Code    82  stm32f4xx_hal_msp.o(i.HAL_I2S_MspInit)
    HAL_I2S_RxCpltCallback                   0x08000f99   Thumb Code     2  stm32f4xx_hal_i2s.o(i.HAL_I2S_RxCpltCallback)
    HAL_I2S_TxCpltCallback                   0x08000f9b   Thumb Code     2  stm32f4xx_hal_i2s.o(i.HAL_I2S_TxCpltCallback)
    HAL_IncTick                              0x08000f9d   Thumb Code    12  stm32f4xx_hal.o(i.HAL_IncTick)
    HAL_Init                                 0x08000fad   Thumb Code    48  stm32f4xx_hal.o(i.HAL_Init)
    HAL_InitTick                             0x08000fe1   Thumb Code   100  stm32f4xx_hal_timebase_tim.o(i.HAL_InitTick)
    HAL_MspInit                              0x08001055   Thumb Code    88  stm32f4xx_hal_msp.o(i.HAL_MspInit)
    HAL_NVIC_EnableIRQ                       0x080010ad   Thumb Code    22  stm32f4xx_hal_cortex.o(i.HAL_NVIC_EnableIRQ)
    HAL_NVIC_SetPriority                     0x080010c5   Thumb Code    60  stm32f4xx_hal_cortex.o(i.HAL_NVIC_SetPriority)
    HAL_NVIC_SetPriorityGrouping             0x08001105   Thumb Code    26  stm32f4xx_hal_cortex.o(i.HAL_NVIC_SetPriorityGrouping)
    HAL_RCCEx_GetPeriphCLKFreq               0x08001129   Thumb Code    76  stm32f4xx_hal_rcc_ex.o(i.HAL_RCCEx_GetPeriphCLKFreq)
    HAL_RCCEx_PeriphCLKConfig                0x08001185   Thumb Code   296  stm32f4xx_hal_rcc_ex.o(i.HAL_RCCEx_PeriphCLKConfig)
    HAL_RCC_ClockConfig                      0x080012c1   Thumb Code   286  stm32f4xx_hal_rcc.o(i.HAL_RCC_ClockConfig)
    HAL_RCC_GetClockConfig                   0x080013f1   Thumb Code    54  stm32f4xx_hal_rcc.o(i.HAL_RCC_GetClockConfig)
    HAL_RCC_GetHCLKFreq                      0x08001431   Thumb Code     6  stm32f4xx_hal_rcc.o(i.HAL_RCC_GetHCLKFreq)
    HAL_RCC_GetPCLK1Freq                     0x0800143d   Thumb Code    20  stm32f4xx_hal_rcc.o(i.HAL_RCC_GetPCLK1Freq)
    HAL_RCC_GetPCLK2Freq                     0x0800145d   Thumb Code    20  stm32f4xx_hal_rcc.o(i.HAL_RCC_GetPCLK2Freq)
    HAL_RCC_GetSysClockFreq                  0x0800147d   Thumb Code    88  stm32f4xx_hal_rcc.o(i.HAL_RCC_GetSysClockFreq)
    HAL_RCC_OscConfig                        0x080014dd   Thumb Code   770  stm32f4xx_hal_rcc.o(i.HAL_RCC_OscConfig)
    HAL_SPI_Init                             0x080017f9   Thumb Code   128  stm32f4xx_hal_spi.o(i.HAL_SPI_Init)
    HAL_SPI_MspInit                          0x08001879   Thumb Code    60  stm32f4xx_hal_msp.o(i.HAL_SPI_MspInit)
    HAL_SYSTICK_CLKSourceConfig              0x080018c1   Thumb Code    24  stm32f4xx_hal_cortex.o(i.HAL_SYSTICK_CLKSourceConfig)
    HAL_SYSTICK_Config                       0x080018d9   Thumb Code    40  stm32f4xx_hal_cortex.o(i.HAL_SYSTICK_Config)
    HAL_TIMEx_BreakCallback                  0x08001901   Thumb Code     2  stm32f4xx_hal_tim_ex.o(i.HAL_TIMEx_BreakCallback)
    HAL_TIMEx_CommutationCallback            0x08001903   Thumb Code     2  stm32f4xx_hal_tim_ex.o(i.HAL_TIMEx_CommutationCallback)
    HAL_TIM_Base_Init                        0x08001905   Thumb Code    54  stm32f4xx_hal_tim.o(i.HAL_TIM_Base_Init)
    HAL_TIM_Base_MspInit                     0x0800193b   Thumb Code     2  stm32f4xx_hal_tim.o(i.HAL_TIM_Base_MspInit)
    HAL_TIM_Base_Start_IT                    0x0800193d   Thumb Code    24  stm32f4xx_hal_tim.o(i.HAL_TIM_Base_Start_IT)
    HAL_TIM_IC_CaptureCallback               0x08001955   Thumb Code     2  stm32f4xx_hal_tim.o(i.HAL_TIM_IC_CaptureCallback)
    HAL_TIM_IRQHandler                       0x08001957   Thumb Code   358  stm32f4xx_hal_tim.o(i.HAL_TIM_IRQHandler)
    HAL_TIM_OC_DelayElapsedCallback          0x08001abd   Thumb Code     2  stm32f4xx_hal_tim.o(i.HAL_TIM_OC_DelayElapsedCallback)
    HAL_TIM_PWM_PulseFinishedCallback        0x08001abf   Thumb Code     2  stm32f4xx_hal_tim.o(i.HAL_TIM_PWM_PulseFinishedCallback)
    HAL_TIM_PeriodElapsedCallback            0x08001ac1   Thumb Code    14  main.o(i.HAL_TIM_PeriodElapsedCallback)
    HAL_TIM_TriggerCallback                  0x08001ad5   Thumb Code     2  stm32f4xx_hal_tim.o(i.HAL_TIM_TriggerCallback)
    MX_DriverVbusFS                          0x08002239   Thumb Code    16  usbh_platform.o(i.MX_DriverVbusFS)
    MX_USB_HOST_Init                         0x08002461   Thumb Code    30  usb_host.o(i.MX_USB_HOST_Init)
    OTG_FS_IRQHandler                        0x080024ad   Thumb Code     6  stm32f4xx_it.o(i.OTG_FS_IRQHandler)
    StartDefaultTask                         0x080024b9   Thumb Code    12  main.o(i.StartDefaultTask)
    SysTick_Handler                          0x080024c5   Thumb Code     4  stm32f4xx_it.o(i.SysTick_Handler)
    SystemClock_Config                       0x080024c9   Thumb Code   170  main.o(i.SystemClock_Config)
    SystemInit                               0x0800257d   Thumb Code    66  system_stm32f4xx.o(i.SystemInit)
    TIM1_UP_TIM10_IRQHandler                 0x080025d1   Thumb Code     6  stm32f4xx_it.o(i.TIM1_UP_TIM10_IRQHandler)
    TIM_Base_SetConfig                       0x080025dd   Thumb Code   148  stm32f4xx_hal_tim.o(i.TIM_Base_SetConfig)
    USBH_AllocPipe                           0x0800269d   Thumb Code    52  usbh_pipes.o(i.USBH_AllocPipe)
    USBH_BulkReceiveData                     0x080026d1   Thumb Code    32  usbh_ioreq.o(i.USBH_BulkReceiveData)
    USBH_BulkSendData                        0x080026f1   Thumb Code    40  usbh_ioreq.o(i.USBH_BulkSendData)
    USBH_CDC_LineCodingChanged               0x080028cf   Thumb Code     2  usbh_cdc.o(i.USBH_CDC_LineCodingChanged)
    USBH_CDC_ReceiveCallback                 0x08002989   Thumb Code     2  usbh_cdc.o(i.USBH_CDC_ReceiveCallback)
    USBH_CDC_TransmitCallback                0x0800298f   Thumb Code     2  usbh_cdc.o(i.USBH_CDC_TransmitCallback)
    USBH_ClosePipe                           0x08002991   Thumb Code    10  usbh_pipes.o(i.USBH_ClosePipe)
    USBH_ClrFeature                          0x0800299b   Thumb Code    30  usbh_ctlreq.o(i.USBH_ClrFeature)
    USBH_CtlReceiveData                      0x080029b9   Thumb Code    30  usbh_ioreq.o(i.USBH_CtlReceiveData)
    USBH_CtlReq                              0x080029d7   Thumb Code    74  usbh_ctlreq.o(i.USBH_CtlReq)
    USBH_CtlSendData                         0x08002a21   Thumb Code    40  usbh_ioreq.o(i.USBH_CtlSendData)
    USBH_CtlSendSetup                        0x08002a49   Thumb Code    30  usbh_ioreq.o(i.USBH_CtlSendSetup)
    USBH_Delay                               0x08002a67   Thumb Code     4  usbh_conf.o(i.USBH_Delay)
    USBH_FindInterface                       0x08002a6b   Thumb Code    68  usbh_core.o(i.USBH_FindInterface)
    USBH_FreePipe                            0x08002aaf   Thumb Code    24  usbh_pipes.o(i.USBH_FreePipe)
    USBH_GetDescriptor                       0x08002ac7   Thumb Code    52  usbh_ctlreq.o(i.USBH_GetDescriptor)
    USBH_GetNextDesc                         0x08002afb   Thumb Code    14  usbh_ctlreq.o(i.USBH_GetNextDesc)
    USBH_Get_CfgDesc                         0x08002b09   Thumb Code    44  usbh_ctlreq.o(i.USBH_Get_CfgDesc)
    USBH_Get_DevDesc                         0x08002b35   Thumb Code   154  usbh_ctlreq.o(i.USBH_Get_DevDesc)
    USBH_Get_StringDesc                      0x08002bcf   Thumb Code    72  usbh_ctlreq.o(i.USBH_Get_StringDesc)
    USBH_Init                                0x08002eb9   Thumb Code    98  usbh_core.o(i.USBH_Init)
    USBH_LL_ClosePipe                        0x08002f21   Thumb Code    32  usbh_conf.o(i.USBH_LL_ClosePipe)
    USBH_LL_Connect                          0x08002f41   Thumb Code    56  usbh_core.o(i.USBH_LL_Connect)
    USBH_LL_Disconnect                       0x08002f79   Thumb Code    68  usbh_core.o(i.USBH_LL_Disconnect)
    USBH_LL_DriverVBUS                       0x08002fbd   Thumb Code    26  usbh_conf.o(i.USBH_LL_DriverVBUS)
    USBH_LL_GetLastXferSize                  0x08002fd7   Thumb Code     8  usbh_conf.o(i.USBH_LL_GetLastXferSize)
    USBH_LL_GetSpeed                         0x08002fdf   Thumb Code    34  usbh_conf.o(i.USBH_LL_GetSpeed)
    USBH_LL_GetURBState                      0x08003001   Thumb Code     8  usbh_conf.o(i.USBH_LL_GetURBState)
    USBH_LL_IncTimer                         0x08003009   Thumb Code    30  usbh_core.o(i.USBH_LL_IncTimer)
    USBH_LL_Init                             0x08003029   Thumb Code    78  usbh_conf.o(i.USBH_LL_Init)
    USBH_LL_NotifyURBChange                  0x08003091   Thumb Code    18  usbh_core.o(i.USBH_LL_NotifyURBChange)
    USBH_LL_OpenPipe                         0x080030a3   Thumb Code    42  usbh_conf.o(i.USBH_LL_OpenPipe)
    USBH_LL_ResetPort                        0x080030cd   Thumb Code    32  usbh_conf.o(i.USBH_LL_ResetPort)
    USBH_LL_SetTimer                         0x080030ed   Thumb Code     6  usbh_core.o(i.USBH_LL_SetTimer)
    USBH_LL_SetToggle                        0x080030f3   Thumb Code    32  usbh_conf.o(i.USBH_LL_SetToggle)
    USBH_LL_Start                            0x08003113   Thumb Code    32  usbh_conf.o(i.USBH_LL_Start)
    USBH_LL_Stop                             0x08003133   Thumb Code    32  usbh_conf.o(i.USBH_LL_Stop)
    USBH_LL_SubmitURB                        0x08003153   Thumb Code    48  usbh_conf.o(i.USBH_LL_SubmitURB)
    USBH_OpenPipe                            0x08003183   Thumb Code    20  usbh_pipes.o(i.USBH_OpenPipe)
    USBH_Process                             0x0800327f   Thumb Code   384  usbh_core.o(i.USBH_Process)
    USBH_RegisterClass                       0x08003421   Thumb Code    28  usbh_core.o(i.USBH_RegisterClass)
    USBH_SelectInterface                     0x0800343d   Thumb Code    22  usbh_core.o(i.USBH_SelectInterface)
    USBH_SetAddress                          0x08003453   Thumb Code    28  usbh_ctlreq.o(i.USBH_SetAddress)
    USBH_SetCfg                              0x0800346f   Thumb Code    28  usbh_ctlreq.o(i.USBH_SetCfg)
    USBH_Start                               0x0800348b   Thumb Code    20  usbh_core.o(i.USBH_Start)
    USB_CoreInit                             0x080034c1   Thumb Code   104  stm32f4xx_ll_usb.o(i.USB_CoreInit)
    USB_DisableGlobalInt                     0x08003565   Thumb Code    12  stm32f4xx_ll_usb.o(i.USB_DisableGlobalInt)
    USB_DoPing                               0x08003571   Thumb Code    60  stm32f4xx_ll_usb.o(i.USB_DoPing)
    USB_DriveVbus                            0x080035b1   Thumb Code    44  stm32f4xx_ll_usb.o(i.USB_DriveVbus)
    USB_EnableGlobalInt                      0x080035dd   Thumb Code    12  stm32f4xx_ll_usb.o(i.USB_EnableGlobalInt)
    USB_FlushRxFifo                          0x080035e9   Thumb Code    28  stm32f4xx_ll_usb.o(i.USB_FlushRxFifo)
    USB_FlushTxFifo                          0x08003609   Thumb Code    32  stm32f4xx_ll_usb.o(i.USB_FlushTxFifo)
    USB_GetCurrentFrame                      0x0800362d   Thumb Code     8  stm32f4xx_ll_usb.o(i.USB_GetCurrentFrame)
    USB_GetHostSpeed                         0x08003635   Thumb Code    14  stm32f4xx_ll_usb.o(i.USB_GetHostSpeed)
    USB_GetMode                              0x08003643   Thumb Code     8  stm32f4xx_ll_usb.o(i.USB_GetMode)
    USB_HC_Halt                              0x0800364b   Thumb Code   328  stm32f4xx_ll_usb.o(i.USB_HC_Halt)
    USB_HC_Init                              0x08003795   Thumb Code   234  stm32f4xx_ll_usb.o(i.USB_HC_Init)
    USB_HC_ReadInterrupt                     0x0800387f   Thumb Code    12  stm32f4xx_ll_usb.o(i.USB_HC_ReadInterrupt)
    USB_HC_StartXfer                         0x0800388d   Thumb Code   386  stm32f4xx_ll_usb.o(i.USB_HC_StartXfer)
    USB_HostInit                             0x08003a15   Thumb Code   192  stm32f4xx_ll_usb.o(i.USB_HostInit)
    USB_InitFSLSPClkSel                      0x08003ae9   Thumb Code    54  stm32f4xx_ll_usb.o(i.USB_InitFSLSPClkSel)
    USB_ReadInterrupts                       0x08003b1f   Thumb Code     8  stm32f4xx_ll_usb.o(i.USB_ReadInterrupts)
    USB_ReadPacket                           0x08003b27   Thumb Code    32  stm32f4xx_ll_usb.o(i.USB_ReadPacket)
    USB_ResetPort                            0x08003b47   Thumb Code    44  stm32f4xx_ll_usb.o(i.USB_ResetPort)
    USB_SetCurrentMode                       0x08003b73   Thumb Code    44  stm32f4xx_ll_usb.o(i.USB_SetCurrentMode)
    USB_StopHost                             0x08003b9f   Thumb Code   178  stm32f4xx_ll_usb.o(i.USB_StopHost)
    USB_WritePacket                          0x08003c51   Thumb Code    40  stm32f4xx_ll_usb.o(i.USB_WritePacket)
    _Error_Handler                           0x08003c79   Thumb Code     2  main.o(i._Error_Handler)
    __scatterload_copy                       0x08003c7b   Thumb Code    14  handlers.o(i.__scatterload_copy)
    __scatterload_null                       0x08003c89   Thumb Code     2  handlers.o(i.__scatterload_null)
    __scatterload_zeroinit                   0x08003c8b   Thumb Code    14  handlers.o(i.__scatterload_zeroinit)
    free                                     0x08003c99   Thumb Code    76  malloc.o(i.free)
    main                                     0x08003cf5   Thumb Code    54  main.o(i.main)
    malloc                                   0x08003d41   Thumb Code    92  malloc.o(i.malloc)
    osDelay                                  0x08003dad   Thumb Code    14  cmsis_os.o(i.osDelay)
    osKernelStart                            0x08003dbb   Thumb Code    10  cmsis_os.o(i.osKernelStart)
    osMessageCreate                          0x08003dc5   Thumb Code     8  cmsis_os.o(i.osMessageCreate)
    osMessageGet                             0x08003dcd   Thumb Code   146  cmsis_os.o(i.osMessageGet)
    osMessagePut                             0x08003e65   Thumb Code    86  cmsis_os.o(i.osMessagePut)
    osSystickHandler                         0x08003ec1   Thumb Code    20  cmsis_os.o(i.osSystickHandler)
    osThreadCreate                           0x08003ed5   Thumb Code    46  cmsis_os.o(i.osThreadCreate)
    pvPortMalloc                             0x0800435d   Thumb Code   210  heap_4.o(i.pvPortMalloc)
    pvTaskIncrementMutexHeldCount            0x08004435   Thumb Code    18  tasks.o(i.pvTaskIncrementMutexHeldCount)
    pxPortInitialiseStack                    0x0800444d   Thumb Code    40  port.o(i.pxPortInitialiseStack)
    uxListRemove                             0x08004479   Thumb Code    36  list.o(i.uxListRemove)
    vListInitialise                          0x0800449d   Thumb Code    22  list.o(i.vListInitialise)
    vListInitialiseItem                      0x080044b3   Thumb Code     6  list.o(i.vListInitialiseItem)
    vListInsert                              0x080044b9   Thumb Code    48  list.o(i.vListInsert)
    vListInsertEnd                           0x080044e9   Thumb Code    24  list.o(i.vListInsertEnd)
    vPortEnterCritical                       0x08004501   Thumb Code    54  port.o(i.vPortEnterCritical)
    vPortExitCritical                        0x08004541   Thumb Code    34  port.o(i.vPortExitCritical)
    vPortFree                                0x08004569   Thumb Code    88  heap_4.o(i.vPortFree)
    vPortSetupTimerInterrupt                 0x080045c5   Thumb Code    26  port.o(i.vPortSetupTimerInterrupt)
    vPortValidateInterruptPriority           0x080045e5   Thumb Code    74  port.o(i.vPortValidateInterruptPriority)
    vTaskDelay                               0x08004639   Thumb Code    66  tasks.o(i.vTaskDelay)
    vTaskMissedYield                         0x08004685   Thumb Code     8  tasks.o(i.vTaskMissedYield)
    vTaskPlaceOnEventList                    0x08004691   Thumb Code    44  tasks.o(i.vTaskPlaceOnEventList)
    vTaskPriorityInherit                     0x080046c1   Thumb Code   124  tasks.o(i.vTaskPriorityInherit)
    vTaskSetTimeOutState                     0x08004745   Thumb Code    30  tasks.o(i.vTaskSetTimeOutState)
    vTaskStartScheduler                      0x08004769   Thumb Code    86  tasks.o(i.vTaskStartScheduler)
    vTaskSuspendAll                          0x080047d1   Thumb Code    10  tasks.o(i.vTaskSuspendAll)
    vTaskSwitchContext                       0x080047e1   Thumb Code    82  tasks.o(i.vTaskSwitchContext)
    xPortStartScheduler                      0x0800483d   Thumb Code   202  port.o(i.xPortStartScheduler)
    xPortSysTickHandler                      0x0800491d   Thumb Code    38  port.o(i.xPortSysTickHandler)
    xQueueGenericCreate                      0x08004949   Thumb Code    72  queue.o(i.xQueueGenericCreate)
    xQueueGenericReceive                     0x08004991   Thumb Code   360  queue.o(i.xQueueGenericReceive)
    xQueueGenericReset                       0x08004afd   Thumb Code   132  queue.o(i.xQueueGenericReset)
    xQueueGenericSend                        0x08004b85   Thumb Code   346  queue.o(i.xQueueGenericSend)
    xQueueGenericSendFromISR                 0x08004ce5   Thumb Code   188  queue.o(i.xQueueGenericSendFromISR)
    xQueueReceiveFromISR                     0x08004da1   Thumb Code   154  queue.o(i.xQueueReceiveFromISR)
    xTaskCheckForTimeOut                     0x08004e3d   Thumb Code   102  tasks.o(i.xTaskCheckForTimeOut)
    xTaskCreate                              0x08004ea9   Thumb Code    86  tasks.o(i.xTaskCreate)
    xTaskGetSchedulerState                   0x08004f01   Thumb Code    22  tasks.o(i.xTaskGetSchedulerState)
    xTaskIncrementTick                       0x08004f1d   Thumb Code   192  tasks.o(i.xTaskIncrementTick)
    xTaskPriorityDisinherit                  0x08004fe5   Thumb Code   144  tasks.o(i.xTaskPriorityDisinherit)
    xTaskRemoveFromEventList                 0x0800507d   Thumb Code   108  tasks.o(i.xTaskRemoveFromEventList)
    xTaskResumeAll                           0x080050f1   Thumb Code   182  tasks.o(i.xTaskResumeAll)
    AHBPrescTable                            0x080051d0   Data          16  system_stm32f4xx.o(.constdata)
    APBPrescTable                            0x080051e0   Data           8  system_stm32f4xx.o(.constdata)
    Region$$Table$$Base                      0x08005218   Number         0  anon$$obj.o(Region$$Table)
    Region$$Table$$Limit                     0x08005238   Number         0  anon$$obj.o(Region$$Table)
    CDC_Class                                0x20000000   Data          32  usbh_cdc.o(.data)
    SystemCoreClock                          0x20000020   Data           4  system_stm32f4xx.o(.data)
    pxCurrentTCB                             0x20000048   Data           4  tasks.o(.data)
    defaultTaskHandle                        0x20000084   Data           4  main.o(.data)
    Appli_state                              0x20000088   Data           1  usb_host.o(.data)
    uwTickFreq                               0x2000008c   Data           1  stm32f4xx_hal.o(.data)
    uwTickPrio                               0x20000090   Data           4  stm32f4xx_hal.o(.data)
    uwTick                                   0x20000094   Data           4  stm32f4xx_hal.o(.data)
    __microlib_freelist                      0x20000098   Data           4  mvars.o(.data)
    __microlib_freelist_initialised          0x2000009c   Data           4  mvars.o(.data)
    hhcd_USB_OTG_FS                          0x20003d90   Data         664  usbh_conf.o(.bss)
    hi2c1                                    0x20004028   Data          84  main.o(.bss)
    hi2s3                                    0x2000407c   Data          72  main.o(.bss)
    hspi1                                    0x200040c4   Data          88  main.o(.bss)
    htim1                                    0x2000411c   Data          60  stm32f4xx_hal_timebase_tim.o(.bss)
    hUsbHostFS                               0x20004158   Data         976  usb_host.o(.bss)
    __heap_base                              0x20004528   Data           0  startup_stm32f407xx.o(HEAP)
    __heap_limit                             0x20004728   Data           0  startup_stm32f407xx.o(HEAP)
    __initial_sp                             0x20004b28   Data           0  startup_stm32f407xx.o(STACK)



==============================================================================

Memory Map of the image

  Image Entry point : 0x08000189

  Load Region LR_IROM1 (Base: 0x08000000, Size: 0x000052d8, Max: 0x00100000, ABSOLUTE)

    Execution Region ER_IROM1 (Exec base: 0x08000000, Load base: 0x08000000, Size: 0x00005238, Max: 0x00100000, ABSOLUTE)

    Exec Addr    Load Addr    Size         Type   Attr      Idx    E Section Name        Object

    0x08000000   0x08000000   0x00000188   Data   RO            3    RESET               startup_stm32f407xx.o
    0x08000188   0x08000188   0x00000000   Code   RO         5561  * .ARM.Collect$$$$00000000  mc_w.l(entry.o)
    0x08000188   0x08000188   0x00000004   Code   RO         5598    .ARM.Collect$$$$00000001  mc_w.l(entry2.o)
    0x0800018c   0x0800018c   0x00000004   Code   RO         5601    .ARM.Collect$$$$00000004  mc_w.l(entry5.o)
    0x08000190   0x08000190   0x00000000   Code   RO         5603    .ARM.Collect$$$$00000008  mc_w.l(entry7b.o)
    0x08000190   0x08000190   0x00000000   Code   RO         5605    .ARM.Collect$$$$0000000A  mc_w.l(entry8b.o)
    0x08000190   0x08000190   0x00000008   Code   RO         5606    .ARM.Collect$$$$0000000B  mc_w.l(entry9a.o)
    0x08000198   0x08000198   0x00000000   Code   RO         5608    .ARM.Collect$$$$0000000D  mc_w.l(entry10a.o)
    0x08000198   0x08000198   0x00000000   Code   RO         5610    .ARM.Collect$$$$0000000F  mc_w.l(entry11a.o)
    0x08000198   0x08000198   0x00000004   Code   RO         5599    .ARM.Collect$$$$00002712  mc_w.l(entry2.o)
    0x0800019c   0x0800019c   0x000000ba   Code   RO         1394    .emb_text           port.o
    0x08000256   0x08000256   0x00000002   PAD
    0x08000258   0x08000258   0x00000024   Code   RO            4    .text               startup_stm32f407xx.o
    0x0800027c   0x0800027c   0x00000062   Code   RO         5564    .text               mc_w.l(uldiv.o)
    0x080002de   0x080002de   0x00000024   Code   RO         5566    .text               mc_w.l(memcpya.o)
    0x08000302   0x08000302   0x0000001e   Code   RO         5612    .text               mc_w.l(llshl.o)
    0x08000320   0x08000320   0x00000020   Code   RO         5614    .text               mc_w.l(llushr.o)
    0x08000340   0x08000340   0x00000024   Code   RO         5618    .text               mc_w.l(init.o)
    0x08000364   0x08000364   0x0000007a   Code   RO          439    i.CDC_ProcessReception  usbh_cdc.o
    0x080003de   0x080003de   0x00000080   Code   RO          440    i.CDC_ProcessTransmission  usbh_cdc.o
    0x0800045e   0x0800045e   0x00000002   PAD
    0x08000460   0x08000460   0x00000048   Code   RO           13    i.DeInitStateMachine  usbh_core.o
    0x080004a8   0x080004a8   0x00000016   Code   RO          441    i.GetLineCoding     usbh_cdc.o
    0x080004be   0x080004be   0x00000002   PAD
    0x080004c0   0x080004c0   0x00000024   Code   RO         2554    i.HAL_Delay         stm32f4xx_hal.o
    0x080004e4   0x080004e4   0x000001b0   Code   RO         5038    i.HAL_GPIO_Init     stm32f4xx_hal_gpio.o
    0x08000694   0x08000694   0x0000000a   Code   RO         5042    i.HAL_GPIO_WritePin  stm32f4xx_hal_gpio.o
    0x0800069e   0x0800069e   0x00000002   PAD
    0x080006a0   0x080006a0   0x0000000c   Code   RO         2560    i.HAL_GetTick       stm32f4xx_hal.o
    0x080006ac   0x080006ac   0x00000008   Code   RO         1769    i.HAL_HCD_Connect_Callback  usbh_conf.o
    0x080006b4   0x080006b4   0x00000008   Code   RO         1770    i.HAL_HCD_Disconnect_Callback  usbh_conf.o
    0x080006bc   0x080006bc   0x00000006   Code   RO         4333    i.HAL_HCD_GetCurrentFrame  stm32f4xx_hal_hcd.o
    0x080006c2   0x080006c2   0x00000006   Code   RO         4334    i.HAL_HCD_GetCurrentSpeed  stm32f4xx_hal_hcd.o
    0x080006c8   0x080006c8   0x0000000e   Code   RO         4337    i.HAL_HCD_HC_GetURBState  stm32f4xx_hal_hcd.o
    0x080006d6   0x080006d6   0x0000000c   Code   RO         4338    i.HAL_HCD_HC_GetXferCount  stm32f4xx_hal_hcd.o
    0x080006e2   0x080006e2   0x00000024   Code   RO         4339    i.HAL_HCD_HC_Halt   stm32f4xx_hal_hcd.o
    0x08000706   0x08000706   0x00000054   Code   RO         4340    i.HAL_HCD_HC_Init   stm32f4xx_hal_hcd.o
    0x0800075a   0x0800075a   0x00000008   Code   RO         1771    i.HAL_HCD_HC_NotifyURBChange_Callback  usbh_conf.o
    0x08000762   0x08000762   0x000000b6   Code   RO         4342    i.HAL_HCD_HC_SubmitRequest  stm32f4xx_hal_hcd.o
    0x08000818   0x08000818   0x0000012e   Code   RO         4343    i.HAL_HCD_IRQHandler  stm32f4xx_hal_hcd.o
    0x08000946   0x08000946   0x0000005a   Code   RO         4344    i.HAL_HCD_Init      stm32f4xx_hal_hcd.o
    0x080009a0   0x080009a0   0x00000078   Code   RO         1773    i.HAL_HCD_MspInit   usbh_conf.o
    0x08000a18   0x08000a18   0x00000006   Code   RO         4347    i.HAL_HCD_ResetPort  stm32f4xx_hal_hcd.o
    0x08000a1e   0x08000a1e   0x00000008   Code   RO         1774    i.HAL_HCD_SOF_Callback  usbh_conf.o
    0x08000a26   0x08000a26   0x0000002c   Code   RO         4349    i.HAL_HCD_Start     stm32f4xx_hal_hcd.o
    0x08000a52   0x08000a52   0x00000024   Code   RO         4350    i.HAL_HCD_Stop      stm32f4xx_hal_hcd.o
    0x08000a76   0x08000a76   0x00000002   PAD
    0x08000a78   0x08000a78   0x00000108   Code   RO         2824    i.HAL_I2C_Init      stm32f4xx_hal_i2c.o
    0x08000b80   0x08000b80   0x0000004c   Code   RO         1923    i.HAL_I2C_MspInit   stm32f4xx_hal_msp.o
    0x08000bcc   0x08000bcc   0x000001e4   Code   RO         2445    i.HAL_I2SEx_FullDuplex_IRQHandler  stm32f4xx_hal_i2s_ex.o
    0x08000db0   0x08000db0   0x00000002   Code   RO         2449    i.HAL_I2SEx_TxRxCpltCallback  stm32f4xx_hal_i2s_ex.o
    0x08000db2   0x08000db2   0x00000002   Code   RO         3215    i.HAL_I2S_ErrorCallback  stm32f4xx_hal_i2s.o
    0x08000db4   0x08000db4   0x00000180   Code   RO         3219    i.HAL_I2S_Init      stm32f4xx_hal_i2s.o
    0x08000f34   0x08000f34   0x00000064   Code   RO         1925    i.HAL_I2S_MspInit   stm32f4xx_hal_msp.o
    0x08000f98   0x08000f98   0x00000002   Code   RO         3225    i.HAL_I2S_RxCpltCallback  stm32f4xx_hal_i2s.o
    0x08000f9a   0x08000f9a   0x00000002   Code   RO         3230    i.HAL_I2S_TxCpltCallback  stm32f4xx_hal_i2s.o
    0x08000f9c   0x08000f9c   0x00000010   Code   RO         2564    i.HAL_IncTick       stm32f4xx_hal.o
    0x08000fac   0x08000fac   0x00000034   Code   RO         2565    i.HAL_Init          stm32f4xx_hal.o
    0x08000fe0   0x08000fe0   0x00000074   Code   RO         2059    i.HAL_InitTick      stm32f4xx_hal_timebase_tim.o
    0x08001054   0x08001054   0x00000058   Code   RO         1926    i.HAL_MspInit       stm32f4xx_hal_msp.o
    0x080010ac   0x080010ac   0x00000016   Code   RO         3515    i.HAL_NVIC_EnableIRQ  stm32f4xx_hal_cortex.o
    0x080010c2   0x080010c2   0x00000002   PAD
    0x080010c4   0x080010c4   0x00000040   Code   RO         3521    i.HAL_NVIC_SetPriority  stm32f4xx_hal_cortex.o
    0x08001104   0x08001104   0x00000024   Code   RO         3522    i.HAL_NVIC_SetPriorityGrouping  stm32f4xx_hal_cortex.o
    0x08001128   0x08001128   0x0000005c   Code   RO         3648    i.HAL_RCCEx_GetPeriphCLKFreq  stm32f4xx_hal_rcc_ex.o
    0x08001184   0x08001184   0x0000013c   Code   RO         3649    i.HAL_RCCEx_PeriphCLKConfig  stm32f4xx_hal_rcc_ex.o
    0x080012c0   0x080012c0   0x00000130   Code   RO         5120    i.HAL_RCC_ClockConfig  stm32f4xx_hal_rcc.o
    0x080013f0   0x080013f0   0x00000040   Code   RO         5124    i.HAL_RCC_GetClockConfig  stm32f4xx_hal_rcc.o
    0x08001430   0x08001430   0x0000000c   Code   RO         5125    i.HAL_RCC_GetHCLKFreq  stm32f4xx_hal_rcc.o
    0x0800143c   0x0800143c   0x00000020   Code   RO         5127    i.HAL_RCC_GetPCLK1Freq  stm32f4xx_hal_rcc.o
    0x0800145c   0x0800145c   0x00000020   Code   RO         5128    i.HAL_RCC_GetPCLK2Freq  stm32f4xx_hal_rcc.o
    0x0800147c   0x0800147c   0x00000060   Code   RO         5129    i.HAL_RCC_GetSysClockFreq  stm32f4xx_hal_rcc.o
    0x080014dc   0x080014dc   0x0000031c   Code   RO         5132    i.HAL_RCC_OscConfig  stm32f4xx_hal_rcc.o
    0x080017f8   0x080017f8   0x00000080   Code   RO         4729    i.HAL_SPI_Init      stm32f4xx_hal_spi.o
    0x08001878   0x08001878   0x00000048   Code   RO         1928    i.HAL_SPI_MspInit   stm32f4xx_hal_msp.o
    0x080018c0   0x080018c0   0x00000018   Code   RO         3524    i.HAL_SYSTICK_CLKSourceConfig  stm32f4xx_hal_cortex.o
    0x080018d8   0x080018d8   0x00000028   Code   RO         3526    i.HAL_SYSTICK_Config  stm32f4xx_hal_cortex.o
    0x08001900   0x08001900   0x00000002   Code   RO         2206    i.HAL_TIMEx_BreakCallback  stm32f4xx_hal_tim_ex.o
    0x08001902   0x08001902   0x00000002   Code   RO         2207    i.HAL_TIMEx_CommutationCallback  stm32f4xx_hal_tim_ex.o
    0x08001904   0x08001904   0x00000036   Code   RO         3701    i.HAL_TIM_Base_Init  stm32f4xx_hal_tim.o
    0x0800193a   0x0800193a   0x00000002   Code   RO         3703    i.HAL_TIM_Base_MspInit  stm32f4xx_hal_tim.o
    0x0800193c   0x0800193c   0x00000018   Code   RO         3706    i.HAL_TIM_Base_Start_IT  stm32f4xx_hal_tim.o
    0x08001954   0x08001954   0x00000002   Code   RO         3730    i.HAL_TIM_IC_CaptureCallback  stm32f4xx_hal_tim.o
    0x08001956   0x08001956   0x00000166   Code   RO         3743    i.HAL_TIM_IRQHandler  stm32f4xx_hal_tim.o
    0x08001abc   0x08001abc   0x00000002   Code   RO         3746    i.HAL_TIM_OC_DelayElapsedCallback  stm32f4xx_hal_tim.o
    0x08001abe   0x08001abe   0x00000002   Code   RO         3773    i.HAL_TIM_PWM_PulseFinishedCallback  stm32f4xx_hal_tim.o
    0x08001ac0   0x08001ac0   0x00000014   Code   RO         1982    i.HAL_TIM_PeriodElapsedCallback  main.o
    0x08001ad4   0x08001ad4   0x00000002   Code   RO         3784    i.HAL_TIM_TriggerCallback  stm32f4xx_hal_tim.o
    0x08001ad6   0x08001ad6   0x00000232   Code   RO         4351    i.HCD_HC_IN_IRQHandler  stm32f4xx_hal_hcd.o
    0x08001d08   0x08001d08   0x00000216   Code   RO         4352    i.HCD_HC_OUT_IRQHandler  stm32f4xx_hal_hcd.o
    0x08001f1e   0x08001f1e   0x000000ac   Code   RO         4353    i.HCD_Port_IRQHandler  stm32f4xx_hal_hcd.o
    0x08001fca   0x08001fca   0x00000002   PAD
    0x08001fcc   0x08001fcc   0x00000070   Code   RO         4354    i.HCD_RXQLVL_IRQHandler  stm32f4xx_hal_hcd.o
    0x0800203c   0x0800203c   0x00000088   Code   RO         2451    i.I2SEx_FullDuplexRx_IT  stm32f4xx_hal_i2s_ex.o
    0x080020c4   0x080020c4   0x00000084   Code   RO         2452    i.I2SEx_FullDuplexTx_IT  stm32f4xx_hal_i2s_ex.o
    0x08002148   0x08002148   0x000000f0   Code   RO         3237    i.I2S_IRQHandler    stm32f4xx_hal_i2s.o
    0x08002238   0x08002238   0x00000014   Code   RO         2136    i.MX_DriverVbusFS   usbh_platform.o
    0x0800224c   0x0800224c   0x00000164   Code   RO         1983    i.MX_GPIO_Init      main.o
    0x080023b0   0x080023b0   0x00000038   Code   RO         1984    i.MX_I2C1_Init      main.o
    0x080023e8   0x080023e8   0x00000038   Code   RO         1985    i.MX_I2S3_Init      main.o
    0x08002420   0x08002420   0x00000040   Code   RO         1986    i.MX_SPI1_Init      main.o
    0x08002460   0x08002460   0x0000002c   Code   RO         2099    i.MX_USB_HOST_Init  usb_host.o
    0x0800248c   0x0800248c   0x00000020   Code   RO         3528    i.NVIC_SetPriority  stm32f4xx_hal_cortex.o
    0x080024ac   0x080024ac   0x0000000c   Code   RO         2166    i.OTG_FS_IRQHandler  stm32f4xx_it.o
    0x080024b8   0x080024b8   0x0000000c   Code   RO         1987    i.StartDefaultTask  main.o
    0x080024c4   0x080024c4   0x00000004   Code   RO         2167    i.SysTick_Handler   stm32f4xx_it.o
    0x080024c8   0x080024c8   0x000000b4   Code   RO         1988    i.SystemClock_Config  main.o
    0x0800257c   0x0800257c   0x00000054   Code   RO          647    i.SystemInit        system_stm32f4xx.o
    0x080025d0   0x080025d0   0x0000000c   Code   RO         2168    i.TIM1_UP_TIM10_IRQHandler  stm32f4xx_it.o
    0x080025dc   0x080025dc   0x000000c0   Code   RO         3785    i.TIM_Base_SetConfig  stm32f4xx_hal_tim.o
    0x0800269c   0x0800269c   0x00000034   Code   RO          325    i.USBH_AllocPipe    usbh_pipes.o
    0x080026d0   0x080026d0   0x00000020   Code   RO          367    i.USBH_BulkReceiveData  usbh_ioreq.o
    0x080026f0   0x080026f0   0x00000028   Code   RO          368    i.USBH_BulkSendData  usbh_ioreq.o
    0x08002718   0x08002718   0x00000024   Code   RO          442    i.USBH_CDC_ClassRequest  usbh_cdc.o
    0x0800273c   0x0800273c   0x0000005e   Code   RO          445    i.USBH_CDC_InterfaceDeInit  usbh_cdc.o
    0x0800279a   0x0800279a   0x00000134   Code   RO          446    i.USBH_CDC_InterfaceInit  usbh_cdc.o
    0x080028ce   0x080028ce   0x00000002   Code   RO          447    i.USBH_CDC_LineCodingChanged  usbh_cdc.o
    0x080028d0   0x080028d0   0x000000b8   Code   RO          448    i.USBH_CDC_Process  usbh_cdc.o
    0x08002988   0x08002988   0x00000002   Code   RO          450    i.USBH_CDC_ReceiveCallback  usbh_cdc.o
    0x0800298a   0x0800298a   0x00000004   Code   RO          451    i.USBH_CDC_SOFProcess  usbh_cdc.o
    0x0800298e   0x0800298e   0x00000002   Code   RO          455    i.USBH_CDC_TransmitCallback  usbh_cdc.o
    0x08002990   0x08002990   0x0000000a   Code   RO          326    i.USBH_ClosePipe    usbh_pipes.o
    0x0800299a   0x0800299a   0x0000001e   Code   RO          558    i.USBH_ClrFeature   usbh_ctlreq.o
    0x080029b8   0x080029b8   0x0000001e   Code   RO          369    i.USBH_CtlReceiveData  usbh_ioreq.o
    0x080029d6   0x080029d6   0x0000004a   Code   RO          559    i.USBH_CtlReq       usbh_ctlreq.o
    0x08002a20   0x08002a20   0x00000028   Code   RO          370    i.USBH_CtlSendData  usbh_ioreq.o
    0x08002a48   0x08002a48   0x0000001e   Code   RO          371    i.USBH_CtlSendSetup  usbh_ioreq.o
    0x08002a66   0x08002a66   0x00000004   Code   RO         1775    i.USBH_Delay        usbh_conf.o
    0x08002a6a   0x08002a6a   0x00000044   Code   RO           15    i.USBH_FindInterface  usbh_core.o
    0x08002aae   0x08002aae   0x00000018   Code   RO          327    i.USBH_FreePipe     usbh_pipes.o
    0x08002ac6   0x08002ac6   0x00000034   Code   RO          560    i.USBH_GetDescriptor  usbh_ctlreq.o
    0x08002afa   0x08002afa   0x0000000e   Code   RO          561    i.USBH_GetNextDesc  usbh_ctlreq.o
    0x08002b08   0x08002b08   0x0000002c   Code   RO          562    i.USBH_Get_CfgDesc  usbh_ctlreq.o
    0x08002b34   0x08002b34   0x0000009a   Code   RO          563    i.USBH_Get_DevDesc  usbh_ctlreq.o
    0x08002bce   0x08002bce   0x00000048   Code   RO          564    i.USBH_Get_StringDesc  usbh_ctlreq.o
    0x08002c16   0x08002c16   0x0000018c   Code   RO          565    i.USBH_HandleControl  usbh_ctlreq.o
    0x08002da2   0x08002da2   0x00000116   Code   RO           18    i.USBH_HandleEnum   usbh_core.o
    0x08002eb8   0x08002eb8   0x00000068   Code   RO           19    i.USBH_Init         usbh_core.o
    0x08002f20   0x08002f20   0x00000020   Code   RO         1776    i.USBH_LL_ClosePipe  usbh_conf.o
    0x08002f40   0x08002f40   0x00000038   Code   RO           20    i.USBH_LL_Connect   usbh_core.o
    0x08002f78   0x08002f78   0x00000044   Code   RO           21    i.USBH_LL_Disconnect  usbh_core.o
    0x08002fbc   0x08002fbc   0x0000001a   Code   RO         1778    i.USBH_LL_DriverVBUS  usbh_conf.o
    0x08002fd6   0x08002fd6   0x00000008   Code   RO         1779    i.USBH_LL_GetLastXferSize  usbh_conf.o
    0x08002fde   0x08002fde   0x00000022   Code   RO         1780    i.USBH_LL_GetSpeed  usbh_conf.o
    0x08003000   0x08003000   0x00000008   Code   RO         1782    i.USBH_LL_GetURBState  usbh_conf.o
    0x08003008   0x08003008   0x0000001e   Code   RO           22    i.USBH_LL_IncTimer  usbh_core.o
    0x08003026   0x08003026   0x00000002   PAD
    0x08003028   0x08003028   0x00000068   Code   RO         1783    i.USBH_LL_Init      usbh_conf.o
    0x08003090   0x08003090   0x00000012   Code   RO           23    i.USBH_LL_NotifyURBChange  usbh_core.o
    0x080030a2   0x080030a2   0x0000002a   Code   RO         1784    i.USBH_LL_OpenPipe  usbh_conf.o
    0x080030cc   0x080030cc   0x00000020   Code   RO         1785    i.USBH_LL_ResetPort  usbh_conf.o
    0x080030ec   0x080030ec   0x00000006   Code   RO           24    i.USBH_LL_SetTimer  usbh_core.o
    0x080030f2   0x080030f2   0x00000020   Code   RO         1786    i.USBH_LL_SetToggle  usbh_conf.o
    0x08003112   0x08003112   0x00000020   Code   RO         1787    i.USBH_LL_Start     usbh_conf.o
    0x08003132   0x08003132   0x00000020   Code   RO         1788    i.USBH_LL_Stop      usbh_conf.o
    0x08003152   0x08003152   0x00000030   Code   RO         1789    i.USBH_LL_SubmitURB  usbh_conf.o
    0x08003182   0x08003182   0x00000014   Code   RO          328    i.USBH_OpenPipe     usbh_pipes.o
    0x08003196   0x08003196   0x000000e8   Code   RO          566    i.USBH_ParseCfgDesc  usbh_ctlreq.o
    0x0800327e   0x0800327e   0x00000180   Code   RO           25    i.USBH_Process      usbh_core.o
    0x080033fe   0x080033fe   0x00000022   Code   RO           26    i.USBH_Process_OS   usbh_core.o
    0x08003420   0x08003420   0x0000001c   Code   RO           28    i.USBH_RegisterClass  usbh_core.o
    0x0800343c   0x0800343c   0x00000016   Code   RO           29    i.USBH_SelectInterface  usbh_core.o
    0x08003452   0x08003452   0x0000001c   Code   RO          567    i.USBH_SetAddress   usbh_ctlreq.o
    0x0800346e   0x0800346e   0x0000001c   Code   RO          568    i.USBH_SetCfg       usbh_ctlreq.o
    0x0800348a   0x0800348a   0x00000014   Code   RO           30    i.USBH_Start        usbh_core.o
    0x0800349e   0x0800349e   0x00000002   PAD
    0x080034a0   0x080034a0   0x00000020   Code   RO         2100    i.USBH_UserProcess  usb_host.o
    0x080034c0   0x080034c0   0x0000006c   Code   RO         5225    i.USB_CoreInit      stm32f4xx_ll_usb.o
    0x0800352c   0x0800352c   0x00000038   Code   RO         5226    i.USB_CoreReset     stm32f4xx_ll_usb.o
    0x08003564   0x08003564   0x0000000c   Code   RO         5232    i.USB_DisableGlobalInt  stm32f4xx_ll_usb.o
    0x08003570   0x08003570   0x00000040   Code   RO         5233    i.USB_DoPing        stm32f4xx_ll_usb.o
    0x080035b0   0x080035b0   0x0000002c   Code   RO         5234    i.USB_DriveVbus     stm32f4xx_ll_usb.o
    0x080035dc   0x080035dc   0x0000000c   Code   RO         5240    i.USB_EnableGlobalInt  stm32f4xx_ll_usb.o
    0x080035e8   0x080035e8   0x00000020   Code   RO         5241    i.USB_FlushRxFifo   stm32f4xx_ll_usb.o
    0x08003608   0x08003608   0x00000024   Code   RO         5242    i.USB_FlushTxFifo   stm32f4xx_ll_usb.o
    0x0800362c   0x0800362c   0x00000008   Code   RO         5243    i.USB_GetCurrentFrame  stm32f4xx_ll_usb.o
    0x08003634   0x08003634   0x0000000e   Code   RO         5245    i.USB_GetHostSpeed  stm32f4xx_ll_usb.o
    0x08003642   0x08003642   0x00000008   Code   RO         5246    i.USB_GetMode       stm32f4xx_ll_usb.o
    0x0800364a   0x0800364a   0x00000148   Code   RO         5247    i.USB_HC_Halt       stm32f4xx_ll_usb.o
    0x08003792   0x08003792   0x00000002   PAD
    0x08003794   0x08003794   0x000000ea   Code   RO         5248    i.USB_HC_Init       stm32f4xx_ll_usb.o
    0x0800387e   0x0800387e   0x0000000c   Code   RO         5249    i.USB_HC_ReadInterrupt  stm32f4xx_ll_usb.o
    0x0800388a   0x0800388a   0x00000002   PAD
    0x0800388c   0x0800388c   0x00000188   Code   RO         5250    i.USB_HC_StartXfer  stm32f4xx_ll_usb.o
    0x08003a14   0x08003a14   0x000000d4   Code   RO         5251    i.USB_HostInit      stm32f4xx_ll_usb.o
    0x08003ae8   0x08003ae8   0x00000036   Code   RO         5252    i.USB_InitFSLSPClkSel  stm32f4xx_ll_usb.o
    0x08003b1e   0x08003b1e   0x00000008   Code   RO         5257    i.USB_ReadInterrupts  stm32f4xx_ll_usb.o
    0x08003b26   0x08003b26   0x00000020   Code   RO         5258    i.USB_ReadPacket    stm32f4xx_ll_usb.o
    0x08003b46   0x08003b46   0x0000002c   Code   RO         5259    i.USB_ResetPort     stm32f4xx_ll_usb.o
    0x08003b72   0x08003b72   0x0000002c   Code   RO         5260    i.USB_SetCurrentMode  stm32f4xx_ll_usb.o
    0x08003b9e   0x08003b9e   0x000000b2   Code   RO         5264    i.USB_StopHost      stm32f4xx_ll_usb.o
    0x08003c50   0x08003c50   0x00000028   Code   RO         5265    i.USB_WritePacket   stm32f4xx_ll_usb.o
    0x08003c78   0x08003c78   0x00000002   Code   RO         1989    i._Error_Handler    main.o
    0x08003c7a   0x08003c7a   0x0000000e   Code   RO         5622    i.__scatterload_copy  mc_w.l(handlers.o)
    0x08003c88   0x08003c88   0x00000002   Code   RO         5623    i.__scatterload_null  mc_w.l(handlers.o)
    0x08003c8a   0x08003c8a   0x0000000e   Code   RO         5624    i.__scatterload_zeroinit  mc_w.l(handlers.o)
    0x08003c98   0x08003c98   0x00000050   Code   RO         5570    i.free              mc_w.l(malloc.o)
    0x08003ce8   0x08003ce8   0x0000000c   Code   RO          793    i.inHandlerMode     cmsis_os.o
    0x08003cf4   0x08003cf4   0x00000040   Code   RO         1990    i.main              main.o
    0x08003d34   0x08003d34   0x0000000c   Code   RO          795    i.makeFreeRtosPriority  cmsis_os.o
    0x08003d40   0x08003d40   0x0000006c   Code   RO         5571    i.malloc            mc_w.l(malloc.o)
    0x08003dac   0x08003dac   0x0000000e   Code   RO          797    i.osDelay           cmsis_os.o
    0x08003dba   0x08003dba   0x0000000a   Code   RO          800    i.osKernelStart     cmsis_os.o
    0x08003dc4   0x08003dc4   0x00000008   Code   RO          809    i.osMessageCreate   cmsis_os.o
    0x08003dcc   0x08003dcc   0x00000098   Code   RO          811    i.osMessageGet      cmsis_os.o
    0x08003e64   0x08003e64   0x0000005c   Code   RO          813    i.osMessagePut      cmsis_os.o
    0x08003ec0   0x08003ec0   0x00000014   Code   RO          833    i.osSystickHandler  cmsis_os.o
    0x08003ed4   0x08003ed4   0x0000002e   Code   RO          834    i.osThreadCreate    cmsis_os.o
    0x08003f02   0x08003f02   0x00000002   PAD
    0x08003f04   0x08003f04   0x00000070   Code   RO         1487    i.prvAddCurrentTaskToDelayedList  tasks.o
    0x08003f74   0x08003f74   0x000000d0   Code   RO         1488    i.prvAddNewTaskToReadyList  tasks.o
    0x08004044   0x08004044   0x00000050   Code   RO         1489    i.prvCheckTasksWaitingTermination  tasks.o
    0x08004094   0x08004094   0x00000026   Code   RO         1255    i.prvCopyDataFromQueue  queue.o
    0x080040ba   0x080040ba   0x0000006c   Code   RO         1256    i.prvCopyDataToQueue  queue.o
    0x08004126   0x08004126   0x00000014   Code   RO         1490    i.prvDeleteTCB      tasks.o
    0x0800413a   0x0800413a   0x00000002   PAD
    0x0800413c   0x0800413c   0x0000004c   Code   RO          681    i.prvHeapInit       heap_4.o
    0x08004188   0x08004188   0x00000028   Code   RO         1491    i.prvIdleTask       tasks.o
    0x080041b0   0x080041b0   0x0000008e   Code   RO         1492    i.prvInitialiseNewTask  tasks.o
    0x0800423e   0x0800423e   0x00000002   PAD
    0x08004240   0x08004240   0x0000004c   Code   RO          682    i.prvInsertBlockIntoFreeList  heap_4.o
    0x0800428c   0x0800428c   0x0000001c   Code   RO         1257    i.prvIsQueueEmpty   queue.o
    0x080042a8   0x080042a8   0x00000020   Code   RO         1493    i.prvResetNextTaskUnblockTime  tasks.o
    0x080042c8   0x080042c8   0x00000028   Code   RO         1395    i.prvTaskExitError  port.o
    0x080042f0   0x080042f0   0x0000006a   Code   RO         1258    i.prvUnlockQueue    queue.o
    0x0800435a   0x0800435a   0x00000002   PAD
    0x0800435c   0x0800435c   0x000000d8   Code   RO          683    i.pvPortMalloc      heap_4.o
    0x08004434   0x08004434   0x00000018   Code   RO         1495    i.pvTaskIncrementMutexHeldCount  tasks.o
    0x0800444c   0x0800444c   0x0000002c   Code   RO         1396    i.pxPortInitialiseStack  port.o
    0x08004478   0x08004478   0x00000024   Code   RO          755    i.uxListRemove      list.o
    0x0800449c   0x0800449c   0x00000016   Code   RO          756    i.vListInitialise   list.o
    0x080044b2   0x080044b2   0x00000006   Code   RO          757    i.vListInitialiseItem  list.o
    0x080044b8   0x080044b8   0x00000030   Code   RO          758    i.vListInsert       list.o
    0x080044e8   0x080044e8   0x00000018   Code   RO          759    i.vListInsertEnd    list.o
    0x08004500   0x08004500   0x00000040   Code   RO         1398    i.vPortEnterCritical  port.o
    0x08004540   0x08004540   0x00000028   Code   RO         1399    i.vPortExitCritical  port.o
    0x08004568   0x08004568   0x0000005c   Code   RO          684    i.vPortFree         heap_4.o
    0x080045c4   0x080045c4   0x00000020   Code   RO         1400    i.vPortSetupTimerInterrupt  port.o
    0x080045e4   0x080045e4   0x00000054   Code   RO         1401    i.vPortValidateInterruptPriority  port.o
    0x08004638   0x08004638   0x0000004c   Code   RO         1501    i.vTaskDelay        tasks.o
    0x08004684   0x08004684   0x0000000c   Code   RO         1504    i.vTaskMissedYield  tasks.o
    0x08004690   0x08004690   0x00000030   Code   RO         1506    i.vTaskPlaceOnEventList  tasks.o
    0x080046c0   0x080046c0   0x00000084   Code   RO         1508    i.vTaskPriorityInherit  tasks.o
    0x08004744   0x08004744   0x00000024   Code   RO         1511    i.vTaskSetTimeOutState  tasks.o
    0x08004768   0x08004768   0x00000068   Code   RO         1512    i.vTaskStartScheduler  tasks.o
    0x080047d0   0x080047d0   0x00000010   Code   RO         1514    i.vTaskSuspendAll   tasks.o
    0x080047e0   0x080047e0   0x0000005c   Code   RO         1515    i.vTaskSwitchContext  tasks.o
    0x0800483c   0x0800483c   0x000000e0   Code   RO         1402    i.xPortStartScheduler  port.o
    0x0800491c   0x0800491c   0x0000002c   Code   RO         1403    i.xPortSysTickHandler  port.o
    0x08004948   0x08004948   0x00000048   Code   RO         1266    i.xQueueGenericCreate  queue.o
    0x08004990   0x08004990   0x0000016c   Code   RO         1267    i.xQueueGenericReceive  queue.o
    0x08004afc   0x08004afc   0x00000088   Code   RO         1268    i.xQueueGenericReset  queue.o
    0x08004b84   0x08004b84   0x00000160   Code   RO         1269    i.xQueueGenericSend  queue.o
    0x08004ce4   0x08004ce4   0x000000bc   Code   RO         1270    i.xQueueGenericSendFromISR  queue.o
    0x08004da0   0x08004da0   0x0000009a   Code   RO         1275    i.xQueueReceiveFromISR  queue.o
    0x08004e3a   0x08004e3a   0x00000002   PAD
    0x08004e3c   0x08004e3c   0x0000006c   Code   RO         1516    i.xTaskCheckForTimeOut  tasks.o
    0x08004ea8   0x08004ea8   0x00000056   Code   RO         1517    i.xTaskCreate       tasks.o
    0x08004efe   0x08004efe   0x00000002   PAD
    0x08004f00   0x08004f00   0x0000001c   Code   RO         1521    i.xTaskGetSchedulerState  tasks.o
    0x08004f1c   0x08004f1c   0x000000c8   Code   RO         1524    i.xTaskIncrementTick  tasks.o
    0x08004fe4   0x08004fe4   0x00000098   Code   RO         1527    i.xTaskPriorityDisinherit  tasks.o
    0x0800507c   0x0800507c   0x00000074   Code   RO         1528    i.xTaskRemoveFromEventList  tasks.o
    0x080050f0   0x080050f0   0x000000c4   Code   RO         1530    i.xTaskResumeAll    tasks.o
    0x080051b4   0x080051b4   0x0000001c   Data   RO           32    .constdata          usbh_core.o
    0x080051d0   0x080051d0   0x00000010   Data   RO          648    .constdata          system_stm32f4xx.o
    0x080051e0   0x080051e0   0x00000008   Data   RO          649    .constdata          system_stm32f4xx.o
    0x080051e8   0x080051e8   0x00000014   Data   RO         1992    .constdata          main.o
    0x080051fc   0x080051fc   0x0000000c   Data   RO           33    .conststring        usbh_core.o
    0x08005208   0x08005208   0x00000004   Data   RO          456    .conststring        usbh_cdc.o
    0x0800520c   0x0800520c   0x0000000c   Data   RO         1993    .conststring        main.o
    0x08005218   0x08005218   0x00000020   Data   RO         5620    Region$$Table       anon$$obj.o


    Execution Region RW_IRAM1 (Exec base: 0x20000000, Load base: 0x08005238, Size: 0x00004b28, Max: 0x00020000, ABSOLUTE)

    Exec Addr    Load Addr    Size         Type   Attr      Idx    E Section Name        Object

    0x20000000   0x08005238   0x00000020   Data   RW          457    .data               usbh_cdc.o
    0x20000020   0x08005258   0x00000004   Data   RW          650    .data               system_stm32f4xx.o
    0x20000024   0x0800525c   0x00000018   Data   RW          689    .data               heap_4.o
    0x2000003c   0x08005274   0x0000000c   Data   RW         1404    .data               port.o
    0x20000048   0x08005280   0x0000003c   Data   RW         1533    .data               tasks.o
    0x20000084   0x080052bc   0x00000004   Data   RW         1994    .data               main.o
    0x20000088   0x080052c0   0x00000001   Data   RW         2102    .data               usb_host.o
    0x20000089   0x080052c1   0x00000003   PAD
    0x2000008c   0x080052c4   0x0000000c   Data   RW         2572    .data               stm32f4xx_hal.o
    0x20000098   0x080052d0   0x00000004   Data   RW         5616    .data               mc_w.l(mvars.o)
    0x2000009c   0x080052d4   0x00000004   Data   RW         5617    .data               mc_w.l(mvars.o)
    0x200000a0        -       0x00003c00   Zero   RW          688    .bss                heap_4.o
    0x20003ca0        -       0x000000f0   Zero   RW         1532    .bss                tasks.o
    0x20003d90        -       0x00000298   Zero   RW         1790    .bss                usbh_conf.o
    0x20004028        -       0x000000f4   Zero   RW         1991    .bss                main.o
    0x2000411c        -       0x0000003c   Zero   RW         2062    .bss                stm32f4xx_hal_timebase_tim.o
    0x20004158        -       0x000003d0   Zero   RW         2101    .bss                usb_host.o
    0x20004528        -       0x00000200   Zero   RW            2    HEAP                startup_stm32f407xx.o
    0x20004728        -       0x00000400   Zero   RW            1    STACK               startup_stm32f407xx.o


==============================================================================

Image component sizes


      Code (inc. data)   RO Data    RW Data    ZI Data      Debug   Object Name

       366         12          0          0          0      18108   cmsis_os.o
         0          0          0          0          0       8096   event_groups.o
       460         24          0         24      15360       8907   heap_4.o
       136          0          0          0          0       3634   list.o
       810         96         32          4        244       6098   main.o
       758         84          0         12          0      12069   port.o
      1546         14          0          0          0      13968   queue.o
        36          8        392          0       1536        852   startup_stm32f407xx.o
       116         18          0         12          0       3974   stm32f4xx_hal.o
       218         14          0          0          0      31133   stm32f4xx_hal_cortex.o
       442         44          0          0          0       2472   stm32f4xx_hal_gpio.o
      2198          4          0          0          0      13629   stm32f4xx_hal_hcd.o
       264         10          0          0          0       3015   stm32f4xx_hal_i2c.o
       630         18          0          0          0       4277   stm32f4xx_hal_i2s.o
       754         26          0          0          0       3683   stm32f4xx_hal_i2s_ex.o
       336         42          0          0          0       2916   stm32f4xx_hal_msp.o
      1336         92          0          0          0       6405   stm32f4xx_hal_rcc.o
       408         36          0          0          0       2317   stm32f4xx_hal_rcc_ex.o
       128          0          0          0          0       1243   stm32f4xx_hal_spi.o
       638         44          0          0          0       7198   stm32f4xx_hal_tim.o
         4          0          0          0          0       1654   stm32f4xx_hal_tim_ex.o
       116         16          0          0         60       1492   stm32f4xx_hal_timebase_tim.o
        28         12          0          0          0       1429   stm32f4xx_it.o
      1972         48          0          0          0      17559   stm32f4xx_ll_usb.o
        84         18         24          4          0       1207   system_stm32f4xx.o
      2060        172          0         60        240      22749   tasks.o
        76         18          0          1        976       1688   usb_host.o
       904          6          4         32          0      12888   usbh_cdc.o
       586         36          0          0        664      12016   usbh_conf.o
      1188         26         40          0          0     733114   usbh_core.o
      1124         12          0          0          0       9988   usbh_ctlreq.o
       172          0          0          0          0       4440   usbh_ioreq.o
       106          0          0          0          0       3430   usbh_pipes.o
        20          4          0          0          0        534   usbh_platform.o

    ----------------------------------------------------------------------
     20054        954        524        152      19080     978182   Object Totals
         0          0         32          0          0          0   (incl. Generated)
        34          0          0          3          0          0   (incl. Padding)

    ----------------------------------------------------------------------

      Code (inc. data)   RO Data    RW Data    ZI Data      Debug   Library Member Name

         0          0          0          0          0          0   entry.o
         0          0          0          0          0          0   entry10a.o
         0          0          0          0          0          0   entry11a.o
         8          4          0          0          0          0   entry2.o
         4          0          0          0          0          0   entry5.o
         0          0          0          0          0          0   entry7b.o
         0          0          0          0          0          0   entry8b.o
         8          4          0          0          0          0   entry9a.o
        30          0          0          0          0          0   handlers.o
        36          8          0          0          0         68   init.o
        30          0          0          0          0         68   llshl.o
        32          0          0          0          0         68   llushr.o
       188         20          0          0          0        160   malloc.o
        36          0          0          0          0         68   memcpya.o
         0          0          0          8          0          0   mvars.o
        98          0          0          0          0         92   uldiv.o

    ----------------------------------------------------------------------
       470         36          0          8          0        524   Library Totals
         0          0          0          0          0          0   (incl. Padding)

    ----------------------------------------------------------------------

      Code (inc. data)   RO Data    RW Data    ZI Data      Debug   Library Name

       470         36          0          8          0        524   mc_w.l

    ----------------------------------------------------------------------
       470         36          0          8          0        524   Library Totals

    ----------------------------------------------------------------------

==============================================================================


      Code (inc. data)   RO Data    RW Data    ZI Data      Debug   

     20524        990        524        160      19080     956902   Grand Totals
     20524        990        524        160      19080     956902   ELF Image Totals
     20524        990        524        160          0          0   ROM Totals

==============================================================================

    Total RO  Size (Code + RO Data)                21048 (  20.55kB)
    Total RW  Size (RW Data + ZI Data)             19240 (  18.79kB)
    Total ROM Size (Code + RO Data + RW Data)      21208 (  20.71kB)

==============================================================================

